12:16:44 **** Incremental Build of configuration Debug for project CompassHAL ****
make all 
Building file: ../Src/main.c
Invoking: MCU GCC Compiler
%cd%
arm-none-eabi-gcc -mcpu=cortex-m3 -mthumb -mfloat-abi=soft '-D__weak=__attribute__((weak))' '-D__packed=__attribute__((__packed__))' -DUSE_HAL_DRIVER -DSTM32L152xE -I"C:/Master/IoT/Practicum/ProjectGit/lowpowTLJL/eCompass/CompassHAL/Inc" -I"C:/Master/IoT/Practicum/ProjectGit/lowpowTLJL/eCompass/CompassHAL/Drivers/STM32L1xx_HAL_Driver/Inc" -I"C:/Master/IoT/Practicum/ProjectGit/lowpowTLJL/eCompass/CompassHAL/Drivers/STM32L1xx_HAL_Driver/Inc/Legacy" -I"C:/Master/IoT/Practicum/ProjectGit/lowpowTLJL/eCompass/CompassHAL/Drivers/CMSIS/Device/ST/STM32L1xx/Include" -I"C:/Master/IoT/Practicum/ProjectGit/lowpowTLJL/eCompass/CompassHAL/Drivers/CMSIS/Include"  -Og -g3 -Wall -fmessage-length=0 -ffunction-sections -c -fmessage-length=0 -MMD -MP -MF"Src/main.d" -MT"Src/main.o" -o "Src/main.o" "../Src/main.c"
../Src/main.c: In function 'get_axes':
../Src/main.c:151:9: warning: return makes pointer from integer without a cast [-Wint-conversion]
  return *mag_temp;
         ^
../Src/main.c: In function 'calibration':
../Src/main.c:159:14: warning: assignment makes integer from pointer without a cast [-Wint-conversion]
     *mag_temp=get_axes(mag_temp);
              ^
../Src/main.c: In function 'initMag':
../Src/main.c:188:56: warning: passing argument 5 of 'HAL_I2C_Mem_Write' makes pointer from integer without a cast [-Wint-conversion]
  HAL_I2C_Mem_Write(&hi2c1,magAddress,0x20,sizeof(0x20),CFG_REG_A_M_Data,sizeof(CFG_REG_A_M_Data),0xFFFFFFFF);
                                                        ^
In file included from C:/Master/IoT/Practicum/ProjectGit/lowpowTLJL/eCompass/CompassHAL/Inc/stm32l1xx_hal_conf.h:201:0,
                 from C:/Master/IoT/Practicum/ProjectGit/lowpowTLJL/eCompass/CompassHAL/Drivers/STM32L1xx_HAL_Driver/Inc/stm32l1xx_hal.h:46,
                 from ../Src/main.c:41:
C:/Master/IoT/Practicum/ProjectGit/lowpowTLJL/eCompass/CompassHAL/Drivers/STM32L1xx_HAL_Driver/Inc/stm32l1xx_hal_i2c.h:512:19: note: expected 'uint8_t * {aka unsigned char *}' but argument is of type 'uint8_t {aka unsigned char}'
 HAL_StatusTypeDef HAL_I2C_Mem_Write(I2C_HandleTypeDef *hi2c, uint16_t DevAddress, uint16_t MemAddress, uint16_t MemAddSize, uint8_t *pData, uint16_t Size, uint32_t Timeout);
                   ^
../Src/main.c:192:56: warning: passing argument 5 of 'HAL_I2C_Mem_Write' makes pointer from integer without a cast [-Wint-conversion]
  HAL_I2C_Mem_Write(&hi2c1,magAddress,0x60,sizeof(0x60),CFG_REG_A_M_Data,sizeof(CFG_REG_A_M_Data),0xFFFFFFFF);
                                                        ^
In file included from C:/Master/IoT/Practicum/ProjectGit/lowpowTLJL/eCompass/CompassHAL/Inc/stm32l1xx_hal_conf.h:201:0,
                 from C:/Master/IoT/Practicum/ProjectGit/lowpowTLJL/eCompass/CompassHAL/Drivers/STM32L1xx_HAL_Driver/Inc/stm32l1xx_hal.h:46,
                 from ../Src/main.c:41:
C:/Master/IoT/Practicum/ProjectGit/lowpowTLJL/eCompass/CompassHAL/Drivers/STM32L1xx_HAL_Driver/Inc/stm32l1xx_hal_i2c.h:512:19: note: expected 'uint8_t * {aka unsigned char *}' but argument is of type 'uint8_t {aka unsigned char}'
 HAL_StatusTypeDef HAL_I2C_Mem_Write(I2C_HandleTypeDef *hi2c, uint16_t DevAddress, uint16_t MemAddress, uint16_t MemAddSize, uint8_t *pData, uint16_t Size, uint32_t Timeout);
                   ^
../Src/main.c:197:56: warning: passing argument 5 of 'HAL_I2C_Mem_Write' makes pointer from integer without a cast [-Wint-conversion]
  HAL_I2C_Mem_Write(&hi2c1,magAddress,0x60,sizeof(0x60),CFG_REG_A_M_Data,sizeof(CFG_REG_A_M_Data),0xFFFFFFFF);
                                                        ^
In file included from C:/Master/IoT/Practicum/ProjectGit/lowpowTLJL/eCompass/CompassHAL/Inc/stm32l1xx_hal_conf.h:201:0,
                 from C:/Master/IoT/Practicum/ProjectGit/lowpowTLJL/eCompass/CompassHAL/Drivers/STM32L1xx_HAL_Driver/Inc/stm32l1xx_hal.h:46,
                 from ../Src/main.c:41:
C:/Master/IoT/Practicum/ProjectGit/lowpowTLJL/eCompass/CompassHAL/Drivers/STM32L1xx_HAL_Driver/Inc/stm32l1xx_hal_i2c.h:512:19: note: expected 'uint8_t * {aka unsigned char *}' but argument is of type 'uint8_t {aka unsigned char}'
 HAL_StatusTypeDef HAL_I2C_Mem_Write(I2C_HandleTypeDef *hi2c, uint16_t DevAddress, uint16_t MemAddress, uint16_t MemAddSize, uint8_t *pData, uint16_t Size, uint32_t Timeout);
                   ^
../Src/main.c:202:56: warning: passing argument 5 of 'HAL_I2C_Mem_Write' makes pointer from integer without a cast [-Wint-conversion]
  HAL_I2C_Mem_Write(&hi2c1,magAddress,0X61,sizeof(0X61),CFG_REG_A_M_Data,sizeof(CFG_REG_A_M_Data),0xFFFFFFFF);
                                                        ^
In file included from C:/Master/IoT/Practicum/ProjectGit/lowpowTLJL/eCompass/CompassHAL/Inc/stm32l1xx_hal_conf.h:201:0,
                 from C:/Master/IoT/Practicum/ProjectGit/lowpowTLJL/eCompass/CompassHAL/Drivers/STM32L1xx_HAL_Driver/Inc/stm32l1xx_hal.h:46,
                 from ../Src/main.c:41:
C:/Master/IoT/Practicum/ProjectGit/lowpowTLJL/eCompass/CompassHAL/Drivers/STM32L1xx_HAL_Driver/Inc/stm32l1xx_hal_i2c.h:512:19: note: expected 'uint8_t * {aka unsigned char *}' but argument is of type 'uint8_t {aka unsigned char}'
 HAL_StatusTypeDef HAL_I2C_Mem_Write(I2C_HandleTypeDef *hi2c, uint16_t DevAddress, uint16_t MemAddress, uint16_t MemAddSize, uint8_t *pData, uint16_t Size, uint32_t Timeout);
                   ^
../Src/main.c:207:56: warning: passing argument 5 of 'HAL_I2C_Mem_Write' makes pointer from integer without a cast [-Wint-conversion]
  HAL_I2C_Mem_Write(&hi2c1,magAddress,0X62,sizeof(0X62),CFG_REG_A_M_Data,sizeof(CFG_REG_A_M_Data),0xFFFFFFFF);
                                                        ^
In file included from C:/Master/IoT/Practicum/ProjectGit/lowpowTLJL/eCompass/CompassHAL/Inc/stm32l1xx_hal_conf.h:201:0,
                 from C:/Master/IoT/Practicum/ProjectGit/lowpowTLJL/eCompass/CompassHAL/Drivers/STM32L1xx_HAL_Driver/Inc/stm32l1xx_hal.h:46,
                 from ../Src/main.c:41:
C:/Master/IoT/Practicum/ProjectGit/lowpowTLJL/eCompass/CompassHAL/Drivers/STM32L1xx_HAL_Driver/Inc/stm32l1xx_hal_i2c.h:512:19: note: expected 'uint8_t * {aka unsigned char *}' but argument is of type 'uint8_t {aka unsigned char}'
 HAL_StatusTypeDef HAL_I2C_Mem_Write(I2C_HandleTypeDef *hi2c, uint16_t DevAddress, uint16_t MemAddress, uint16_t MemAddSize, uint8_t *pData, uint16_t Size, uint32_t Timeout);
                   ^
../Src/main.c: In function 'main':
../Src/main.c:251:57: warning: cast to pointer from integer of different size [-Wint-to-pointer-cast]
   HAL_I2C_Mem_Write(&hi2c1,magAddress,0x60,sizeof(0x60),(uint8_t*)CFG_REG_A_M_Data,sizeof(CFG_REG_A_M_Data),0xFFFFFFFF);
                                                         ^
../Src/main.c:218:8: warning: unused variable 'temp' [-Wunused-variable]
  float temp[3] = {}, hardCor[3] = {};
        ^
../Src/main.c:217:29: warning: unused variable 'godr' [-Wunused-variable]
  float yaw_rad=0, degree=0, godr=0;
                             ^
../Src/main.c:217:19: warning: unused variable 'degree' [-Wunused-variable]
  float yaw_rad=0, degree=0, godr=0;
                   ^
../Src/main.c:217:8: warning: unused variable 'yaw_rad' [-Wunused-variable]
  float yaw_rad=0, degree=0, godr=0;
        ^
../Src/main.c:216:37: warning: unused variable 'pitch_rad' [-Wunused-variable]
  float roll=0, pitch=0, roll_rad=0, pitch_rad=0;
                                     ^
../Src/main.c:216:25: warning: unused variable 'roll_rad' [-Wunused-variable]
  float roll=0, pitch=0, roll_rad=0, pitch_rad=0;
                         ^
../Src/main.c:216:16: warning: unused variable 'pitch' [-Wunused-variable]
  float roll=0, pitch=0, roll_rad=0, pitch_rad=0;
                ^
../Src/main.c:216:8: warning: unused variable 'roll' [-Wunused-variable]
  float roll=0, pitch=0, roll_rad=0, pitch_rad=0;
        ^
../Src/main.c:213:10: warning: unused variable 'Aaxes' [-Wunused-variable]
  int32_t Aaxes[3];
          ^
../Src/main.c:212:10: warning: unused variable 'id' [-Wunused-variable]
  uint8_t id;
          ^
Finished building: ../Src/main.c
 
Building target: CompassHAL.elf
Invoking: MCU GCC Linker
arm-none-eabi-gcc -mcpu=cortex-m3 -mthumb -mfloat-abi=soft -specs=nosys.specs -specs=nano.specs -T"../STM32L152RETx_FLASH.ld" -Wl,-Map=output.map -Wl,--gc-sections -lm -o "CompassHAL.elf" @"objects.list"  
Finished building target: CompassHAL.elf
 
make --no-print-directory post-build
Generating binary and Printing size information:
arm-none-eabi-objcopy -O binary "CompassHAL.elf" "CompassHAL.bin"
arm-none-eabi-size "CompassHAL.elf"
   text	   data	    bss	    dec	    hex	filename
  15692	     12	   1772	  17476	   4444	CompassHAL.elf
 
