Archive member included to satisfy reference by file (symbol)

c:/users/jonas/.p2/pool/plugins/fr.ac6.mcu.externaltools.arm-none.win32_1.15.0.201708311556/tools/compiler/bin/../lib/gcc/arm-none-eabi/6.3.1/thumb/v7-m\libgcc.a(_arm_addsubdf3.o)
                              Src/main.o (__aeabi_i2d)
c:/users/jonas/.p2/pool/plugins/fr.ac6.mcu.externaltools.arm-none.win32_1.15.0.201708311556/tools/compiler/bin/../lib/gcc/arm-none-eabi/6.3.1/thumb/v7-m\libgcc.a(_arm_muldivdf3.o)
                              Src/main.o (__aeabi_dmul)
c:/users/jonas/.p2/pool/plugins/fr.ac6.mcu.externaltools.arm-none.win32_1.15.0.201708311556/tools/compiler/bin/../lib/gcc/arm-none-eabi/6.3.1/thumb/v7-m\libgcc.a(_arm_fixdfsi.o)
                              Src/main.o (__aeabi_d2iz)
c:/users/jonas/.p2/pool/plugins/fr.ac6.mcu.externaltools.arm-none.win32_1.15.0.201708311556/tools/compiler/bin/../lib/gcc/arm-none-eabi/6.3.1/thumb/v7-m\libgcc.a(_arm_addsubsf3.o)
                              Src/main.o (__aeabi_i2f)
c:/users/jonas/.p2/pool/plugins/fr.ac6.mcu.externaltools.arm-none.win32_1.15.0.201708311556/tools/compiler/bin/../lib/gcc/arm-none-eabi/6.3.1/../../../../arm-none-eabi/lib/thumb/v7-m\libc_nano.a(lib_a-exit.o)
                              c:/users/jonas/.p2/pool/plugins/fr.ac6.mcu.externaltools.arm-none.win32_1.15.0.201708311556/tools/compiler/bin/../lib/gcc/arm-none-eabi/6.3.1/../../../../arm-none-eabi/lib/thumb/v7-m/crt0.o (exit)
c:/users/jonas/.p2/pool/plugins/fr.ac6.mcu.externaltools.arm-none.win32_1.15.0.201708311556/tools/compiler/bin/../lib/gcc/arm-none-eabi/6.3.1/../../../../arm-none-eabi/lib/thumb/v7-m\libc_nano.a(lib_a-impure.o)
                              c:/users/jonas/.p2/pool/plugins/fr.ac6.mcu.externaltools.arm-none.win32_1.15.0.201708311556/tools/compiler/bin/../lib/gcc/arm-none-eabi/6.3.1/../../../../arm-none-eabi/lib/thumb/v7-m\libc_nano.a(lib_a-exit.o) (_global_impure_ptr)
c:/users/jonas/.p2/pool/plugins/fr.ac6.mcu.externaltools.arm-none.win32_1.15.0.201708311556/tools/compiler/bin/../lib/gcc/arm-none-eabi/6.3.1/../../../../arm-none-eabi/lib/thumb/v7-m\libc_nano.a(lib_a-init.o)
                              c:/users/jonas/.p2/pool/plugins/fr.ac6.mcu.externaltools.arm-none.win32_1.15.0.201708311556/tools/compiler/bin/../lib/gcc/arm-none-eabi/6.3.1/../../../../arm-none-eabi/lib/thumb/v7-m/crt0.o (__libc_init_array)
c:/users/jonas/.p2/pool/plugins/fr.ac6.mcu.externaltools.arm-none.win32_1.15.0.201708311556/tools/compiler/bin/../lib/gcc/arm-none-eabi/6.3.1/../../../../arm-none-eabi/lib/thumb/v7-m\libc_nano.a(lib_a-memset.o)
                              c:/users/jonas/.p2/pool/plugins/fr.ac6.mcu.externaltools.arm-none.win32_1.15.0.201708311556/tools/compiler/bin/../lib/gcc/arm-none-eabi/6.3.1/../../../../arm-none-eabi/lib/thumb/v7-m/crt0.o (memset)
c:/users/jonas/.p2/pool/plugins/fr.ac6.mcu.externaltools.arm-none.win32_1.15.0.201708311556/tools/compiler/bin/../lib/gcc/arm-none-eabi/6.3.1/../../../../arm-none-eabi/lib/thumb/v7-m\libnosys.a(_exit.o)
                              c:/users/jonas/.p2/pool/plugins/fr.ac6.mcu.externaltools.arm-none.win32_1.15.0.201708311556/tools/compiler/bin/../lib/gcc/arm-none-eabi/6.3.1/../../../../arm-none-eabi/lib/thumb/v7-m\libc_nano.a(lib_a-exit.o) (_exit)

Allocating common symbols
Common symbol       size              file

hi2c1               0x54              Src/main.o
uwTick              0x4               Drivers/STM32L1xx_HAL_Driver/Src/stm32l1xx_hal.o
pFlash              0x18              Drivers/STM32L1xx_HAL_Driver/Src/stm32l1xx_hal_flash.o
htim3               0x38              Src/main.o
huart2              0x40              Src/main.o

Discarded input sections

 .text          0x00000000        0x0 c:/users/jonas/.p2/pool/plugins/fr.ac6.mcu.externaltools.arm-none.win32_1.15.0.201708311556/tools/compiler/bin/../lib/gcc/arm-none-eabi/6.3.1/thumb/v7-m/crti.o
 .data          0x00000000        0x0 c:/users/jonas/.p2/pool/plugins/fr.ac6.mcu.externaltools.arm-none.win32_1.15.0.201708311556/tools/compiler/bin/../lib/gcc/arm-none-eabi/6.3.1/thumb/v7-m/crti.o
 .bss           0x00000000        0x0 c:/users/jonas/.p2/pool/plugins/fr.ac6.mcu.externaltools.arm-none.win32_1.15.0.201708311556/tools/compiler/bin/../lib/gcc/arm-none-eabi/6.3.1/thumb/v7-m/crti.o
 .data          0x00000000        0x4 c:/users/jonas/.p2/pool/plugins/fr.ac6.mcu.externaltools.arm-none.win32_1.15.0.201708311556/tools/compiler/bin/../lib/gcc/arm-none-eabi/6.3.1/thumb/v7-m/crtbegin.o
 .text          0x00000000       0x74 c:/users/jonas/.p2/pool/plugins/fr.ac6.mcu.externaltools.arm-none.win32_1.15.0.201708311556/tools/compiler/bin/../lib/gcc/arm-none-eabi/6.3.1/../../../../arm-none-eabi/lib/thumb/v7-m/crt0.o
 .data          0x00000000        0x0 c:/users/jonas/.p2/pool/plugins/fr.ac6.mcu.externaltools.arm-none.win32_1.15.0.201708311556/tools/compiler/bin/../lib/gcc/arm-none-eabi/6.3.1/../../../../arm-none-eabi/lib/thumb/v7-m/crt0.o
[...]
Memory Configuration

Name             Origin             Length             Attributes
RAM              0x20000000         0x00014000         xrw
FLASH            0x08000000         0x00080000         xr
*default*        0x00000000         0xffffffff

Linker script and memory map

LOAD c:/users/jonas/.p2/pool/plugins/fr.ac6.mcu.externaltools.arm-none.win32_1.15.0.201708311556/tools/compiler/bin/../lib/gcc/arm-none-eabi/6.3.1/thumb/v7-m/crti.o
LOAD c:/users/jonas/.p2/pool/plugins/fr.ac6.mcu.externaltools.arm-none.win32_1.15.0.201708311556/tools/compiler/bin/../lib/gcc/arm-none-eabi/6.3.1/thumb/v7-m/crtbegin.o
LOAD c:/users/jonas/.p2/pool/plugins/fr.ac6.mcu.externaltools.arm-none.win32_1.15.0.201708311556/tools/compiler/bin/../lib/gcc/arm-none-eabi/6.3.1/../../../../arm-none-eabi/lib/thumb/v7-m/crt0.o
LOAD Drivers/STM32L1xx_HAL_Driver/Src/stm32l1xx_hal.o
LOAD Drivers/STM32L1xx_HAL_Driver/Src/stm32l1xx_hal_cortex.o
LOAD Drivers/STM32L1xx_HAL_Driver/Src/stm32l1xx_hal_dma.o
LOAD Drivers/STM32L1xx_HAL_Driver/Src/stm32l1xx_hal_flash.o
LOAD Drivers/STM32L1xx_HAL_Driver/Src/stm32l1xx_hal_flash_ex.o
LOAD Drivers/STM32L1xx_HAL_Driver/Src/stm32l1xx_hal_flash_ramfunc.o
LOAD Drivers/STM32L1xx_HAL_Driver/Src/stm32l1xx_hal_gpio.o
LOAD Drivers/STM32L1xx_HAL_Driver/Src/stm32l1xx_hal_i2c.o
LOAD Drivers/STM32L1xx_HAL_Driver/Src/stm32l1xx_hal_pwr.o
LOAD Drivers/STM32L1xx_HAL_Driver/Src/stm32l1xx_hal_pwr_ex.o
LOAD Drivers/STM32L1xx_HAL_Driver/Src/stm32l1xx_hal_rcc.o
LOAD Drivers/STM32L1xx_HAL_Driver/Src/stm32l1xx_hal_rcc_ex.o
LOAD Drivers/STM32L1xx_HAL_Driver/Src/stm32l1xx_hal_tim.o
LOAD Drivers/STM32L1xx_HAL_Driver/Src/stm32l1xx_hal_tim_ex.o
LOAD Drivers/STM32L1xx_HAL_Driver/Src/stm32l1xx_hal_uart.o
LOAD Src/main.o
LOAD Src/stm32l1xx_hal_msp.o
LOAD Src/stm32l1xx_it.o
LOAD Src/system_stm32l1xx.o
LOAD startup/startup_stm32l152xe.o
LOAD c:/users/jonas/.p2/pool/plugins/fr.ac6.mcu.externaltools.arm-none.win32_1.15.0.201708311556/tools/compiler/bin/../lib/gcc/arm-none-eabi/6.3.1/../../../../arm-none-eabi/lib/thumb/v7-m\libm.a
START GROUP
LOAD c:/users/jonas/.p2/pool/plugins/fr.ac6.mcu.externaltools.arm-none.win32_1.15.0.201708311556/tools/compiler/bin/../lib/gcc/arm-none-eabi/6.3.1/thumb/v7-m\libgcc.a
LOAD c:/users/jonas/.p2/pool/plugins/fr.ac6.mcu.externaltools.arm-none.win32_1.15.0.201708311556/tools/compiler/bin/../lib/gcc/arm-none-eabi/6.3.1/../../../../arm-none-eabi/lib/thumb/v7-m\libc_nano.a
END GROUP
START GROUP
LOAD c:/users/jonas/.p2/pool/plugins/fr.ac6.mcu.externaltools.arm-none.win32_1.15.0.201708311556/tools/compiler/bin/../lib/gcc/arm-none-eabi/6.3.1/thumb/v7-m\libgcc.a
LOAD c:/users/jonas/.p2/pool/plugins/fr.ac6.mcu.externaltools.arm-none.win32_1.15.0.201708311556/tools/compiler/bin/../lib/gcc/arm-none-eabi/6.3.1/../../../../arm-none-eabi/lib/thumb/v7-m\libc_nano.a
LOAD c:/users/jonas/.p2/pool/plugins/fr.ac6.mcu.externaltools.arm-none.win32_1.15.0.201708311556/tools/compiler/bin/../lib/gcc/arm-none-eabi/6.3.1/../../../../arm-none-eabi/lib/thumb/v7-m\libnosys.a
END GROUP
START GROUP
LOAD c:/users/jonas/.p2/pool/plugins/fr.ac6.mcu.externaltools.arm-none.win32_1.15.0.201708311556/tools/compiler/bin/../lib/gcc/arm-none-eabi/6.3.1/thumb/v7-m\libgcc.a
LOAD c:/users/jonas/.p2/pool/plugins/fr.ac6.mcu.externaltools.arm-none.win32_1.15.0.201708311556/tools/compiler/bin/../lib/gcc/arm-none-eabi/6.3.1/../../../../arm-none-eabi/lib/thumb/v7-m\libc_nano.a
LOAD c:/users/jonas/.p2/pool/plugins/fr.ac6.mcu.externaltools.arm-none.win32_1.15.0.201708311556/tools/compiler/bin/../lib/gcc/arm-none-eabi/6.3.1/../../../../arm-none-eabi/lib/thumb/v7-m\libnosys.a
END GROUP
LOAD c:/users/jonas/.p2/pool/plugins/fr.ac6.mcu.externaltools.arm-none.win32_1.15.0.201708311556/tools/compiler/bin/../lib/gcc/arm-none-eabi/6.3.1/thumb/v7-m/crtend.o
LOAD c:/users/jonas/.p2/pool/plugins/fr.ac6.mcu.externaltools.arm-none.win32_1.15.0.201708311556/tools/compiler/bin/../lib/gcc/arm-none-eabi/6.3.1/thumb/v7-m/crtn.o
                0x20014000                _estack = 0x20014000
                0x00000200                _Min_Heap_Size = 0x200
                0x00000400                _Min_Stack_Size = 0x400

.isr_vector     0x08000000      0x13c
                0x08000000                . = ALIGN (0x4)
 *(.isr_vector)
 .isr_vector    0x08000000      0x13c startup/startup_stm32l152xe.o
                0x08000000                g_pfnVectors
                0x0800013c                . = ALIGN (0x4)

.text           0x0800013c     0x3364
                0x0800013c                . = ALIGN (0x4)
 *(.text)
 .text          0x0800013c       0x6c c:/users/jonas/.p2/pool/plugins/fr.ac6.mcu.externaltools.arm-none.win32_1.15.0.201708311556/tools/compiler/bin/../lib/gcc/arm-none-eabi/6.3.1/thumb/v7-m/crtbegin.o
 .text          0x080001a8      0x370 c:/users/jonas/.p2/pool/plugins/fr.ac6.mcu.externaltools.arm-none.win32_1.15.0.201708311556/tools/compiler/bin/../lib/gcc/arm-none-eabi/6.3.1/thumb/v7-m\libgcc.a(_arm_addsubdf3.o)
                0x080001a8                __aeabi_drsub
                0x080001b0                __aeabi_dsub
                0x080001b0                __subdf3
                0x080001b4                __aeabi_dadd
                0x080001b4                __adddf3
                0x0800042c                __floatunsidf
                0x0800042c                __aeabi_ui2d
                0x0800044c                __floatsidf
                0x0800044c                __aeabi_i2d
                0x08000470                __aeabi_f2d
                0x08000470                __extendsfdf2
                0x080004ac                __floatundidf
                0x080004ac                __aeabi_ul2d
                0x080004bc                __floatdidf
                0x080004bc                __aeabi_l2d
 .text          0x08000518      0x424 c:/users/jonas/.p2/pool/plugins/fr.ac6.mcu.externaltools.arm-none.win32_1.15.0.201708311556/tools/compiler/bin/../lib/gcc/arm-none-eabi/6.3.1/thumb/v7-m\libgcc.a(_arm_muldivdf3.o)
                0x08000518                __aeabi_dmul
                0x08000518                __muldf3
                0x0800076c                __divdf3
                0x0800076c                __aeabi_ddiv
 .text          0x0800093c       0x50 c:/users/jonas/.p2/pool/plugins/fr.ac6.mcu.externaltools.arm-none.win32_1.15.0.201708311556/tools/compiler/bin/../lib/gcc/arm-none-eabi/6.3.1/thumb/v7-m\libgcc.a(_arm_fixdfsi.o)
                0x0800093c                __aeabi_d2iz
                0x0800093c                __fixdfsi
 .text          0x0800098c      0x21c c:/users/jonas/.p2/pool/plugins/fr.ac6.mcu.externaltools.arm-none.win32_1.15.0.201708311556/tools/compiler/bin/../lib/gcc/arm-none-eabi/6.3.1/thumb/v7-m\libgcc.a(_arm_addsubsf3.o)
                0x0800098c                __aeabi_frsub
                0x08000994                __subsf3
                0x08000994                __aeabi_fsub
                0x08000998                __aeabi_fadd
                0x08000998                __addsf3
                0x08000af8                __aeabi_ui2f
                0x08000af8                __floatunsisf
                0x08000b00                __aeabi_i2f
                0x08000b00                __floatsisf
                0x08000b1c                __aeabi_ul2f
                0x08000b1c                __floatundisf
                0x08000b2c                __aeabi_l2f
                0x08000b2c                __floatdisf
 *(.text*)
 .text.HAL_InitTick
                0x08000ba8       0x2c Drivers/STM32L1xx_HAL_Driver/Src/stm32l1xx_hal.o
                0x08000ba8                HAL_InitTick
 .text.HAL_Init
                0x08000bd4       0x16 Drivers/STM32L1xx_HAL_Driver/Src/stm32l1xx_hal.o
                0x08000bd4                HAL_Init
 *fill*         0x08000bea        0x2 
 .text.HAL_IncTick
                0x08000bec       0x10 Drivers/STM32L1xx_HAL_Driver/Src/stm32l1xx_hal.o
                0x08000bec                HAL_IncTick
 .text.HAL_GetTick
                0x08000bfc        0xc Drivers/STM32L1xx_HAL_Driver/Src/stm32l1xx_hal.o
                0x08000bfc                HAL_GetTick
 .text.HAL_Delay
                0x08000c08       0x1c Drivers/STM32L1xx_HAL_Driver/Src/stm32l1xx_hal.o
                0x08000c08                HAL_Delay
 .text.HAL_NVIC_SetPriorityGrouping
                0x08000c24       0x24 Drivers/STM32L1xx_HAL_Driver/Src/stm32l1xx_hal_cortex.o
                0x08000c24                HAL_NVIC_SetPriorityGrouping
 .text.HAL_NVIC_SetPriority
                0x08000c48       0x64 Drivers/STM32L1xx_HAL_Driver/Src/stm32l1xx_hal_cortex.o
                0x08000c48                HAL_NVIC_SetPriority
 .text.HAL_NVIC_EnableIRQ
                0x08000cac       0x18 Drivers/STM32L1xx_HAL_Driver/Src/stm32l1xx_hal_cortex.o
                0x08000cac                HAL_NVIC_EnableIRQ
 .text.HAL_SYSTICK_Config
                0x08000cc4       0x2c Drivers/STM32L1xx_HAL_Driver/Src/stm32l1xx_hal_cortex.o
                0x08000cc4                HAL_SYSTICK_Config
 .text.HAL_SYSTICK_CLKSourceConfig
                0x08000cf0       0x20 Drivers/STM32L1xx_HAL_Driver/Src/stm32l1xx_hal_cortex.o
                0x08000cf0                HAL_SYSTICK_CLKSourceConfig
 .text.HAL_SYSTICK_Callback
                0x08000d10        0x2 Drivers/STM32L1xx_HAL_Driver/Src/stm32l1xx_hal_cortex.o
                0x08000d10                HAL_SYSTICK_Callback
 .text.HAL_SYSTICK_IRQHandler
                0x08000d12        0x8 Drivers/STM32L1xx_HAL_Driver/Src/stm32l1xx_hal_cortex.o
                0x08000d12                HAL_SYSTICK_IRQHandler
 *fill*         0x08000d1a        0x2 
 .text.HAL_GPIO_Init
                0x08000d1c      0x1c0 Drivers/STM32L1xx_HAL_Driver/Src/stm32l1xx_hal_gpio.o
                0x08000d1c                HAL_GPIO_Init
 .text.I2C_IsAcknowledgeFailed
                0x08000edc       0x2a Drivers/STM32L1xx_HAL_Driver/Src/stm32l1xx_hal_i2c.o
 .text.I2C_WaitOnFlagUntilTimeout
                0x08000f06       0x68 Drivers/STM32L1xx_HAL_Driver/Src/stm32l1xx_hal_i2c.o
 .text.I2C_WaitOnMasterAddressFlagUntilTimeout
                0x08000f6e       0x90 Drivers/STM32L1xx_HAL_Driver/Src/stm32l1xx_hal_i2c.o
 .text.I2C_WaitOnTXEFlagUntilTimeout
                0x08000ffe       0x4e Drivers/STM32L1xx_HAL_Driver/Src/stm32l1xx_hal_i2c.o
 .text.I2C_RequestMemoryWrite
                0x0800104c       0xd4 Drivers/STM32L1xx_HAL_Driver/Src/stm32l1xx_hal_i2c.o
 .text.I2C_RequestMemoryRead
                0x08001120      0x148 Drivers/STM32L1xx_HAL_Driver/Src/stm32l1xx_hal_i2c.o
 .text.I2C_WaitOnBTFFlagUntilTimeout
                0x08001268       0x4e Drivers/STM32L1xx_HAL_Driver/Src/stm32l1xx_hal_i2c.o
 .text.I2C_WaitOnRXNEFlagUntilTimeout
                0x080012b6       0x5c Drivers/STM32L1xx_HAL_Driver/Src/stm32l1xx_hal_i2c.o
 *fill*         0x08001312        0x2 
 .text.HAL_I2C_Init
                0x08001314      0x164 Drivers/STM32L1xx_HAL_Driver/Src/stm32l1xx_hal_i2c.o
                0x08001314                HAL_I2C_Init
 .text.HAL_I2C_Mem_Write
                0x08001478      0x18c Drivers/STM32L1xx_HAL_Driver/Src/stm32l1xx_hal_i2c.o
                0x08001478                HAL_I2C_Mem_Write
 .text.HAL_I2C_Mem_Read
                0x08001604      0x2ec Drivers/STM32L1xx_HAL_Driver/Src/stm32l1xx_hal_i2c.o
                0x08001604                HAL_I2C_Mem_Read
 .text.HAL_I2C_IsDeviceReady
                0x080018f0      0x17c Drivers/STM32L1xx_HAL_Driver/Src/stm32l1xx_hal_i2c.o
                0x080018f0                HAL_I2C_IsDeviceReady
 .text.RCC_SetFlashLatencyFromMSIRange
                0x08001a6c       0x98 Drivers/STM32L1xx_HAL_Driver/Src/stm32l1xx_hal_rcc.o
 .text.HAL_RCC_OscConfig
                0x08001b04      0x78c Drivers/STM32L1xx_HAL_Driver/Src/stm32l1xx_hal_rcc.o
                0x08001b04                HAL_RCC_OscConfig
 .text.HAL_RCC_GetSysClockFreq
                0x08002290       0x9c Drivers/STM32L1xx_HAL_Driver/Src/stm32l1xx_hal_rcc.o
                0x08002290                HAL_RCC_GetSysClockFreq
 .text.HAL_RCC_ClockConfig
                0x0800232c      0x248 Drivers/STM32L1xx_HAL_Driver/Src/stm32l1xx_hal_rcc.o
                0x0800232c                HAL_RCC_ClockConfig
 .text.HAL_RCC_GetHCLKFreq
                0x08002574        0xc Drivers/STM32L1xx_HAL_Driver/Src/stm32l1xx_hal_rcc.o
                0x08002574                HAL_RCC_GetHCLKFreq
 .text.HAL_RCC_GetPCLK1Freq
                0x08002580       0x2c Drivers/STM32L1xx_HAL_Driver/Src/stm32l1xx_hal_rcc.o
                0x08002580                HAL_RCC_GetPCLK1Freq
 .text.HAL_RCC_GetPCLK2Freq
                0x080025ac       0x2c Drivers/STM32L1xx_HAL_Driver/Src/stm32l1xx_hal_rcc.o
                0x080025ac                HAL_RCC_GetPCLK2Freq
 .text.TIM_Base_SetConfig
                0x080025d8       0x80 Drivers/STM32L1xx_HAL_Driver/Src/stm32l1xx_hal_tim.o
 .text.TIM_TI1_ConfigInputStage
                0x08002658       0x24 Drivers/STM32L1xx_HAL_Driver/Src/stm32l1xx_hal_tim.o
 .text.TIM_TI2_ConfigInputStage
                0x0800267c       0x26 Drivers/STM32L1xx_HAL_Driver/Src/stm32l1xx_hal_tim.o
 .text.TIM_ITRx_SetConfig
                0x080026a2       0x10 Drivers/STM32L1xx_HAL_Driver/Src/stm32l1xx_hal_tim.o
 .text.TIM_ETR_SetConfig
                0x080026b2       0x16 Drivers/STM32L1xx_HAL_Driver/Src/stm32l1xx_hal_tim.o
 .text.HAL_TIM_Base_Init
                0x080026c8       0x32 Drivers/STM32L1xx_HAL_Driver/Src/stm32l1xx_hal_tim.o
                0x080026c8                HAL_TIM_Base_Init
 .text.HAL_TIM_ConfigClockSource
                0x080026fa      0x108 Drivers/STM32L1xx_HAL_Driver/Src/stm32l1xx_hal_tim.o
                0x080026fa                HAL_TIM_ConfigClockSource
 .text.HAL_TIMEx_MasterConfigSynchronization
                0x08002802       0x52 Drivers/STM32L1xx_HAL_Driver/Src/stm32l1xx_hal_tim_ex.o
                0x08002802                HAL_TIMEx_MasterConfigSynchronization
 .text.UART_SetConfig
                0x08002854      0x328 Drivers/STM32L1xx_HAL_Driver/Src/stm32l1xx_hal_uart.o
 .text.UART_WaitOnFlagUntilTimeout
                0x08002b7c       0xd0 Drivers/STM32L1xx_HAL_Driver/Src/stm32l1xx_hal_uart.o
 .text.HAL_UART_Init
                0x08002c4c       0x5a Drivers/STM32L1xx_HAL_Driver/Src/stm32l1xx_hal_uart.o
                0x08002c4c                HAL_UART_Init
 .text.HAL_UART_Transmit
                0x08002ca6       0xe8 Drivers/STM32L1xx_HAL_Driver/Src/stm32l1xx_hal_uart.o
                0x08002ca6                HAL_UART_Transmit
 *fill*         0x08002d8e        0x2 
 .text.MX_GPIO_Init
                0x08002d90       0x54 Src/main.o
 .text.get_axes
                0x08002de4      0x170 Src/main.o
                0x08002de4                get_axes
 .text.calibration
                0x08002f54       0xe8 Src/main.o
                0x08002f54                calibration
 .text._Error_Handler
                0x0800303c        0x2 Src/main.o
                0x0800303c                _Error_Handler
 *fill*         0x0800303e        0x2 
 .text.MX_I2C1_Init
                0x08003040       0x44 Src/main.o
 .text.MX_TIM3_Init
                0x08003084       0x6c Src/main.o
 .text.MX_USART2_UART_Init
                0x080030f0       0x3c Src/main.o
 .text.SystemClock_Config
                0x0800312c       0x98 Src/main.o
                0x0800312c                SystemClock_Config
 .text.main     0x080031c4       0x54 Src/main.o
                0x080031c4                main
 .text.HAL_MspInit
                0x08003218       0xb0 Src/stm32l1xx_hal_msp.o
                0x08003218                HAL_MspInit
 .text.HAL_I2C_MspInit
                0x080032c8       0x54 Src/stm32l1xx_hal_msp.o
                0x080032c8                HAL_I2C_MspInit
 .text.HAL_TIM_Base_MspInit
                0x0800331c       0x2c Src/stm32l1xx_hal_msp.o
                0x0800331c                HAL_TIM_Base_MspInit
 .text.HAL_UART_MspInit
                0x08003348       0x50 Src/stm32l1xx_hal_msp.o
                0x08003348                HAL_UART_MspInit
 .text.SVC_Handler
                0x08003398        0x2 Src/stm32l1xx_it.o
                0x08003398                SVC_Handler
 .text.PendSV_Handler
                0x0800339a        0x2 Src/stm32l1xx_it.o
                0x0800339a                PendSV_Handler
 .text.SysTick_Handler
                0x0800339c        0xc Src/stm32l1xx_it.o
                0x0800339c                SysTick_Handler
 .text.RCC_IRQHandler
                0x080033a8        0x2 Src/stm32l1xx_it.o
                0x080033a8                RCC_IRQHandler
 *fill*         0x080033aa        0x2 
 .text.SystemInit
                0x080033ac       0x48 Src/system_stm32l1xx.o
                0x080033ac                SystemInit
 .text.Reset_Handler
                0x080033f4       0x48 startup/startup_stm32l152xe.o
                0x080033f4                Reset_Handler
 .text.Default_Handler
                0x0800343c        0x2 startup/startup_stm32l152xe.o
                0x0800343c                RTC_Alarm_IRQHandler
                0x0800343c                EXTI2_IRQHandler
                0x0800343c                COMP_ACQ_IRQHandler
                0x0800343c                DebugMon_Handler
                0x0800343c                HardFault_Handler
                0x0800343c                TIM10_IRQHandler
                0x0800343c                USB_HP_IRQHandler
                0x0800343c                TIM6_IRQHandler
                0x0800343c                PVD_IRQHandler
                0x0800343c                NMI_Handler
                0x0800343c                EXTI3_IRQHandler
                0x0800343c                EXTI0_IRQHandler
                0x0800343c                I2C2_EV_IRQHandler
                0x0800343c                UsageFault_Handler
                0x0800343c                SPI1_IRQHandler
                0x0800343c                USB_FS_WKUP_IRQHandler
                0x0800343c                DMA2_Channel2_IRQHandler
                0x0800343c                DMA1_Channel4_IRQHandler
                0x0800343c                ADC1_IRQHandler
                0x0800343c                USART3_IRQHandler
                0x0800343c                DMA1_Channel7_IRQHandler
                0x0800343c                LCD_IRQHandler
                0x0800343c                UART5_IRQHandler
                0x0800343c                TIM4_IRQHandler
                0x0800343c                DMA2_Channel1_IRQHandler
                0x0800343c                I2C1_EV_IRQHandler
                0x0800343c                DMA1_Channel6_IRQHandler
                0x0800343c                UART4_IRQHandler
                0x0800343c                DMA2_Channel4_IRQHandler
                0x0800343c                TIM3_IRQHandler
                0x0800343c                DMA1_Channel1_IRQHandler
                0x0800343c                Default_Handler
                0x0800343c                EXTI15_10_IRQHandler
                0x0800343c                TIM7_IRQHandler
                0x0800343c                TIM5_IRQHandler
                0x0800343c                EXTI9_5_IRQHandler
                0x0800343c                TIM9_IRQHandler
                0x0800343c                TAMPER_STAMP_IRQHandler
                0x0800343c                RTC_WKUP_IRQHandler
                0x0800343c                SPI2_IRQHandler
                0x0800343c                MemManage_Handler
                0x0800343c                DMA2_Channel5_IRQHandler
                0x0800343c                DMA1_Channel5_IRQHandler
                0x0800343c                USB_LP_IRQHandler
                0x0800343c                EXTI4_IRQHandler
                0x0800343c                DMA1_Channel3_IRQHandler
                0x0800343c                COMP_IRQHandler
                0x0800343c                WWDG_IRQHandler
                0x0800343c                TIM2_IRQHandler
                0x0800343c                DAC_IRQHandler
                0x0800343c                EXTI1_IRQHandler
                0x0800343c                TIM11_IRQHandler
                0x0800343c                USART2_IRQHandler
                0x0800343c                I2C2_ER_IRQHandler
                0x0800343c                DMA1_Channel2_IRQHandler
                0x0800343c                FLASH_IRQHandler
                0x0800343c                BusFault_Handler
                0x0800343c                USART1_IRQHandler
                0x0800343c                SPI3_IRQHandler
                0x0800343c                I2C1_ER_IRQHandler
                0x0800343c                DMA2_Channel3_IRQHandler
 *fill*         0x0800343e        0x2 
 .text.__libc_init_array
                0x08003440       0x48 c:/users/jonas/.p2/pool/plugins/fr.ac6.mcu.externaltools.arm-none.win32_1.15.0.201708311556/tools/compiler/bin/../lib/gcc/arm-none-eabi/6.3.1/../../../../arm-none-eabi/lib/thumb/v7-m\libc_nano.a(lib_a-init.o)
                0x08003440                __libc_init_array
 *(.glue_7)
 .glue_7        0x08003488        0x0 linker stubs
 *(.glue_7t)
 .glue_7t       0x08003488        0x0 linker stubs
 *(.eh_frame)
 .eh_frame      0x08003488        0x0 c:/users/jonas/.p2/pool/plugins/fr.ac6.mcu.externaltools.arm-none.win32_1.15.0.201708311556/tools/compiler/bin/../lib/gcc/arm-none-eabi/6.3.1/thumb/v7-m/crtbegin.o
 *(.init)
 .init          0x08003488        0x4 c:/users/jonas/.p2/pool/plugins/fr.ac6.mcu.externaltools.arm-none.win32_1.15.0.201708311556/tools/compiler/bin/../lib/gcc/arm-none-eabi/6.3.1/thumb/v7-m/crti.o
                0x08003488                _init
 .init          0x0800348c        0x8 c:/users/jonas/.p2/pool/plugins/fr.ac6.mcu.externaltools.arm-none.win32_1.15.0.201708311556/tools/compiler/bin/../lib/gcc/arm-none-eabi/6.3.1/thumb/v7-m/crtn.o
 *(.fini)
 .fini          0x08003494        0x4 c:/users/jonas/.p2/pool/plugins/fr.ac6.mcu.externaltools.arm-none.win32_1.15.0.201708311556/tools/compiler/bin/../lib/gcc/arm-none-eabi/6.3.1/thumb/v7-m/crti.o
                0x08003494                _fini
 .fini          0x08003498        0x8 c:/users/jonas/.p2/pool/plugins/fr.ac6.mcu.externaltools.arm-none.win32_1.15.0.201708311556/tools/compiler/bin/../lib/gcc/arm-none-eabi/6.3.1/thumb/v7-m/crtn.o
                0x080034a0                . = ALIGN (0x4)
                0x080034a0                _etext = .

.vfp11_veneer   0x080034a0        0x0
 .vfp11_veneer  0x080034a0        0x0 linker stubs

.v4_bx          0x080034a0        0x0
 .v4_bx         0x080034a0        0x0 linker stubs

.iplt           0x080034a0        0x0
 .iplt          0x080034a0        0x0 c:/users/jonas/.p2/pool/plugins/fr.ac6.mcu.externaltools.arm-none.win32_1.15.0.201708311556/tools/compiler/bin/../lib/gcc/arm-none-eabi/6.3.1/thumb/v7-m/crtbegin.o

.rodata         0x080034a0       0x7c
                0x080034a0                . = ALIGN (0x4)
 *(.rodata)
 .rodata        0x080034a0       0x18 Src/main.o
 .rodata        0x080034b8       0x24 Src/system_stm32l1xx.o
                0x080034b8                PLLMulTable
                0x080034c4                AHBPrescTable
                0x080034d4                APBPrescTable
 *(.rodata*)
 .rodata.str1.4
                0x080034dc       0x40 Src/main.o
                                 0x3e (size before relaxing)
                0x0800351c                . = ALIGN (0x4)

.rel.dyn        0x0800351c        0x0
 .rel.iplt      0x0800351c        0x0 c:/users/jonas/.p2/pool/plugins/fr.ac6.mcu.externaltools.arm-none.win32_1.15.0.201708311556/tools/compiler/bin/../lib/gcc/arm-none-eabi/6.3.1/thumb/v7-m/crtbegin.o

.ARM.extab
 *(.ARM.extab* .gnu.linkonce.armextab.*)

.ARM            0x0800351c        0x0
                0x0800351c                __exidx_start = .
 *(.ARM.exidx*)
                0x0800351c                __exidx_end = .

.preinit_array  0x0800351c        0x0
                0x0800351c                PROVIDE (__preinit_array_start, .)
 *(.preinit_array*)
                0x0800351c                PROVIDE (__preinit_array_end, .)

.init_array     0x0800351c        0x4
                0x0800351c                PROVIDE (__init_array_start, .)
 *(SORT(.init_array.*))
 *(.init_array*)
 .init_array    0x0800351c        0x4 c:/users/jonas/.p2/pool/plugins/fr.ac6.mcu.externaltools.arm-none.win32_1.15.0.201708311556/tools/compiler/bin/../lib/gcc/arm-none-eabi/6.3.1/thumb/v7-m/crtbegin.o
                0x08003520                PROVIDE (__init_array_end, .)

.fini_array     0x08003520        0x4
                [!provide]                PROVIDE (__fini_array_start, .)
 *(SORT(.fini_array.*))
 *(.fini_array*)
 .fini_array    0x08003520        0x4 c:/users/jonas/.p2/pool/plugins/fr.ac6.mcu.externaltools.arm-none.win32_1.15.0.201708311556/tools/compiler/bin/../lib/gcc/arm-none-eabi/6.3.1/thumb/v7-m/crtbegin.o
                [!provide]                PROVIDE (__fini_array_end, .)
                0x08003524                _sidata = LOADADDR (.data)

.data           0x20000000        0x4 load address 0x08003524
                0x20000000                . = ALIGN (0x4)
                0x20000000                _sdata = .
 *(.data)
 .data          0x20000000        0x4 Src/system_stm32l1xx.o
                0x20000000                SystemCoreClock
 *(.data*)
                0x20000004                . = ALIGN (0x4)
                0x20000004                _edata = .

.jcr            0x20000004        0x0 load address 0x08003528
 .jcr           0x20000004        0x0 c:/users/jonas/.p2/pool/plugins/fr.ac6.mcu.externaltools.arm-none.win32_1.15.0.201708311556/tools/compiler/bin/../lib/gcc/arm-none-eabi/6.3.1/thumb/v7-m/crtbegin.o

.igot.plt       0x20000004        0x0 load address 0x08003528
 .igot.plt      0x20000004        0x0 c:/users/jonas/.p2/pool/plugins/fr.ac6.mcu.externaltools.arm-none.win32_1.15.0.201708311556/tools/compiler/bin/../lib/gcc/arm-none-eabi/6.3.1/thumb/v7-m/crtbegin.o
                0x20000004                . = ALIGN (0x4)

.bss            0x20000004       0xec load address 0x08003528
                0x20000004                _sbss = .
                0x20000004                __bss_start__ = _sbss
 *(.bss)
 .bss           0x20000004       0x1c c:/users/jonas/.p2/pool/plugins/fr.ac6.mcu.externaltools.arm-none.win32_1.15.0.201708311556/tools/compiler/bin/../lib/gcc/arm-none-eabi/6.3.1/thumb/v7-m/crtbegin.o
 *(.bss*)
 *(COMMON)
 COMMON         0x20000020        0x4 Drivers/STM32L1xx_HAL_Driver/Src/stm32l1xx_hal.o
                0x20000020                uwTick
 COMMON         0x20000024       0xcc Src/main.o
                0x20000024                hi2c1
                0x20000078                htim3
                0x200000b0                huart2
                0x200000f0                . = ALIGN (0x4)
                0x200000f0                _ebss = .
                0x200000f0                __bss_end__ = _ebss

._user_heap_stack
                0x200000f0      0x600 load address 0x08003528
                0x200000f0                . = ALIGN (0x8)
                [!provide]                PROVIDE (end, .)
                [!provide]                PROVIDE (_end, .)
                0x200002f0                . = (. + _Min_Heap_Size)
 *fill*         0x200000f0      0x200 
                0x200006f0                . = (. + _Min_Stack_Size)
 *fill*         0x200002f0      0x400 
                0x200006f0                . = ALIGN (0x8)

/DISCARD/
 libc.a(*)
 libm.a(*)
 libgcc.a(*)

.ARM.attributes
                0x00000000       0x29
 *(.ARM.attributes)
 .ARM.attributes
                0x00000000       0x1d c:/users/jonas/.p2/pool/plugins/fr.ac6.mcu.externaltools.arm-none.win32_1.15.0.201708311556/tools/compiler/bin/../lib/gcc/arm-none-eabi/6.3.1/thumb/v7-m/crti.o
 .ARM.attributes
                0x0000001d       0x2d c:/users/jonas/.p2/pool/plugins/fr.ac6.mcu.externaltools.arm-none.win32_1.15.0.201708311556/tools/compiler/bin/../lib/gcc/arm-none-eabi/6.3.1/thumb/v7-m/crtbegin.o
 .ARM.attributes
                0x0000004a       0x33 Drivers/STM32L1xx_HAL_Driver/Src/stm32l1xx_hal.o
 .ARM.attributes
                0x0000007d       0x33 Drivers/STM32L1xx_HAL_Driver/Src/stm32l1xx_hal_cortex.o
 .ARM.attributes
                0x000000b0       0x33 Drivers/STM32L1xx_HAL_Driver/Src/stm32l1xx_hal_gpio.o
 .ARM.attributes
                0x000000e3       0x33 Drivers/STM32L1xx_HAL_Driver/Src/stm32l1xx_hal_i2c.o
 .ARM.attributes
                0x00000116       0x33 Drivers/STM32L1xx_HAL_Driver/Src/stm32l1xx_hal_rcc.o
 .ARM.attributes
                0x00000149       0x33 Drivers/STM32L1xx_HAL_Driver/Src/stm32l1xx_hal_tim.o
 .ARM.attributes
                0x0000017c       0x33 Drivers/STM32L1xx_HAL_Driver/Src/stm32l1xx_hal_tim_ex.o
 .ARM.attributes
                0x000001af       0x33 Drivers/STM32L1xx_HAL_Driver/Src/stm32l1xx_hal_uart.o
 .ARM.attributes
                0x000001e2       0x33 Src/main.o
 .ARM.attributes
                0x00000215       0x33 Src/stm32l1xx_hal_msp.o
 .ARM.attributes
                0x00000248       0x33 Src/stm32l1xx_it.o
 .ARM.attributes
                0x0000027b       0x33 Src/system_stm32l1xx.o
 .ARM.attributes
                0x000002ae       0x21 startup/startup_stm32l152xe.o
 .ARM.attributes
                0x000002cf       0x1d c:/users/jonas/.p2/pool/plugins/fr.ac6.mcu.externaltools.arm-none.win32_1.15.0.201708311556/tools/compiler/bin/../lib/gcc/arm-none-eabi/6.3.1/thumb/v7-m\libgcc.a(_arm_addsubdf3.o)
 .ARM.attributes
                0x000002ec       0x1d c:/users/jonas/.p2/pool/plugins/fr.ac6.mcu.externaltools.arm-none.win32_1.15.0.201708311556/tools/compiler/bin/../lib/gcc/arm-none-eabi/6.3.1/thumb/v7-m\libgcc.a(_arm_muldivdf3.o)
 .ARM.attributes
                0x00000309       0x1d c:/users/jonas/.p2/pool/plugins/fr.ac6.mcu.externaltools.arm-none.win32_1.15.0.201708311556/tools/compiler/bin/../lib/gcc/arm-none-eabi/6.3.1/thumb/v7-m\libgcc.a(_arm_fixdfsi.o)
 .ARM.attributes
                0x00000326       0x1d c:/users/jonas/.p2/pool/plugins/fr.ac6.mcu.externaltools.arm-none.win32_1.15.0.201708311556/tools/compiler/bin/../lib/gcc/arm-none-eabi/6.3.1/thumb/v7-m\libgcc.a(_arm_addsubsf3.o)
 .ARM.attributes
                0x00000343       0x2d c:/users/jonas/.p2/pool/plugins/fr.ac6.mcu.externaltools.arm-none.win32_1.15.0.201708311556/tools/compiler/bin/../lib/gcc/arm-none-eabi/6.3.1/../../../../arm-none-eabi/lib/thumb/v7-m\libc_nano.a(lib_a-init.o)
 .ARM.attributes
                0x00000370       0x1d c:/users/jonas/.p2/pool/plugins/fr.ac6.mcu.externaltools.arm-none.win32_1.15.0.201708311556/tools/compiler/bin/../lib/gcc/arm-none-eabi/6.3.1/thumb/v7-m/crtn.o
OUTPUT(CompassHAL.elf elf32-littlearm)

.debug_info     0x00000000    0x13725
 .debug_info    0x00000000      0xedb Drivers/STM32L1xx_HAL_Driver/Src/stm32l1xx_hal.o
 .debug_info    0x00000edb     0x16e9 Drivers/STM32L1xx_HAL_Driver/Src/stm32l1xx_hal_cortex.o
 .debug_info    0x000025c4      0xeab Drivers/STM32L1xx_HAL_Driver/Src/stm32l1xx_hal_gpio.o
 .debug_info    0x0000346f     0x35a4 Drivers/STM32L1xx_HAL_Driver/Src/stm32l1xx_hal_i2c.o
 .debug_info    0x00006a13     0x1ee1 Drivers/STM32L1xx_HAL_Driver/Src/stm32l1xx_hal_rcc.o
 .debug_info    0x000088f4     0x359e Drivers/STM32L1xx_HAL_Driver/Src/stm32l1xx_hal_tim.o
 .debug_info    0x0000be92      0xe9e Drivers/STM32L1xx_HAL_Driver/Src/stm32l1xx_hal_tim_ex.o
 .debug_info    0x0000cd30     0x1a2b Drivers/STM32L1xx_HAL_Driver/Src/stm32l1xx_hal_uart.o
 .debug_info    0x0000e75b     0x2005 Src/main.o
 .debug_info    0x00010760     0x1903 Src/stm32l1xx_hal_msp.o
 .debug_info    0x00012063      0x9d6 Src/stm32l1xx_it.o
 .debug_info    0x00012a39      0xc7d Src/system_stm32l1xx.o
 .debug_info    0x000136b6       0x6f startup/startup_stm32l152xe.o

.debug_abbrev   0x00000000     0x2105
 .debug_abbrev  0x00000000      0x2c7 Drivers/STM32L1xx_HAL_Driver/Src/stm32l1xx_hal.o
 .debug_abbrev  0x000002c7      0x3b8 Drivers/STM32L1xx_HAL_Driver/Src/stm32l1xx_hal_cortex.o
 .debug_abbrev  0x0000067f      0x2a5 Drivers/STM32L1xx_HAL_Driver/Src/stm32l1xx_hal_gpio.o
 .debug_abbrev  0x00000924      0x2e8 Drivers/STM32L1xx_HAL_Driver/Src/stm32l1xx_hal_i2c.o
 .debug_abbrev  0x00000c0c      0x350 Drivers/STM32L1xx_HAL_Driver/Src/stm32l1xx_hal_rcc.o
 .debug_abbrev  0x00000f5c      0x2cd Drivers/STM32L1xx_HAL_Driver/Src/stm32l1xx_hal_tim.o
 .debug_abbrev  0x00001229      0x1fa Drivers/STM32L1xx_HAL_Driver/Src/stm32l1xx_hal_tim_ex.o
 .debug_abbrev  0x00001423      0x2fb Drivers/STM32L1xx_HAL_Driver/Src/stm32l1xx_hal_uart.o
 .debug_abbrev  0x0000171e      0x390 Src/main.o
 .debug_abbrev  0x00001aae      0x259 Src/stm32l1xx_hal_msp.o
 .debug_abbrev  0x00001d07      0x1e7 Src/stm32l1xx_it.o
 .debug_abbrev  0x00001eee      0x205 Src/system_stm32l1xx.o
 .debug_abbrev  0x000020f3       0x12 startup/startup_stm32l152xe.o

.debug_loc      0x00000000     0x8661
 .debug_loc     0x00000000       0x6a Drivers/STM32L1xx_HAL_Driver/Src/stm32l1xx_hal.o
 .debug_loc     0x0000006a      0x5ce Drivers/STM32L1xx_HAL_Driver/Src/stm32l1xx_hal_cortex.o
 .debug_loc     0x00000638      0x341 Drivers/STM32L1xx_HAL_Driver/Src/stm32l1xx_hal_gpio.o
 .debug_loc     0x00000979     0x2985 Drivers/STM32L1xx_HAL_Driver/Src/stm32l1xx_hal_i2c.o
 .debug_loc     0x000032fe      0xb53 Drivers/STM32L1xx_HAL_Driver/Src/stm32l1xx_hal_rcc.o
 .debug_loc     0x00003e51     0x32bf Drivers/STM32L1xx_HAL_Driver/Src/stm32l1xx_hal_tim.o
 .debug_loc     0x00007110       0xa0 Drivers/STM32L1xx_HAL_Driver/Src/stm32l1xx_hal_tim_ex.o
 .debug_loc     0x000071b0     0x11b8 Drivers/STM32L1xx_HAL_Driver/Src/stm32l1xx_hal_uart.o
 .debug_loc     0x00008368       0xb4 Src/main.o
 .debug_loc     0x0000841c       0xb6 Src/stm32l1xx_hal_msp.o
 .debug_loc     0x000084d2      0x18f Src/system_stm32l1xx.o

.debug_aranges  0x00000000      0xac0
 .debug_aranges
                0x00000000       0xb0 Drivers/STM32L1xx_HAL_Driver/Src/stm32l1xx_hal.o
 .debug_aranges
                0x000000b0       0xa8 Drivers/STM32L1xx_HAL_Driver/Src/stm32l1xx_hal_cortex.o
 .debug_aranges
                0x00000158       0x58 Drivers/STM32L1xx_HAL_Driver/Src/stm32l1xx_hal_gpio.o
 .debug_aranges
                0x000001b0      0x268 Drivers/STM32L1xx_HAL_Driver/Src/stm32l1xx_hal_i2c.o
 .debug_aranges
                0x00000418       0x90 Drivers/STM32L1xx_HAL_Driver/Src/stm32l1xx_hal_rcc.o
 .debug_aranges
                0x000004a8      0x368 Drivers/STM32L1xx_HAL_Driver/Src/stm32l1xx_hal_tim.o
 .debug_aranges
                0x00000810       0x28 Drivers/STM32L1xx_HAL_Driver/Src/stm32l1xx_hal_tim_ex.o
 .debug_aranges
                0x00000838      0x150 Drivers/STM32L1xx_HAL_Driver/Src/stm32l1xx_hal_uart.o
 .debug_aranges
                0x00000988       0x60 Src/main.o
 .debug_aranges
                0x000009e8       0x50 Src/stm32l1xx_hal_msp.o
 .debug_aranges
                0x00000a38       0x38 Src/stm32l1xx_it.o
 .debug_aranges
                0x00000a70       0x28 Src/system_stm32l1xx.o
 .debug_aranges
                0x00000a98       0x28 startup/startup_stm32l152xe.o

.debug_ranges   0x00000000      0xa88
 .debug_ranges  0x00000000       0xa0 Drivers/STM32L1xx_HAL_Driver/Src/stm32l1xx_hal.o
 .debug_ranges  0x000000a0       0xf8 Drivers/STM32L1xx_HAL_Driver/Src/stm32l1xx_hal_cortex.o
 .debug_ranges  0x00000198       0x48 Drivers/STM32L1xx_HAL_Driver/Src/stm32l1xx_hal_gpio.o
 .debug_ranges  0x000001e0      0x258 Drivers/STM32L1xx_HAL_Driver/Src/stm32l1xx_hal_i2c.o
 .debug_ranges  0x00000438       0x98 Drivers/STM32L1xx_HAL_Driver/Src/stm32l1xx_hal_rcc.o
 .debug_ranges  0x000004d0      0x358 Drivers/STM32L1xx_HAL_Driver/Src/stm32l1xx_hal_tim.o
 .debug_ranges  0x00000828       0x18 Drivers/STM32L1xx_HAL_Driver/Src/stm32l1xx_hal_tim_ex.o
 .debug_ranges  0x00000840      0x140 Drivers/STM32L1xx_HAL_Driver/Src/stm32l1xx_hal_uart.o
 .debug_ranges  0x00000980       0x68 Src/main.o
 .debug_ranges  0x000009e8       0x40 Src/stm32l1xx_hal_msp.o
 .debug_ranges  0x00000a28       0x28 Src/stm32l1xx_it.o
 .debug_ranges  0x00000a50       0x18 Src/system_stm32l1xx.o
 .debug_ranges  0x00000a68       0x20 startup/startup_stm32l152xe.o

.debug_macro    0x00000000    0x170fb
 .debug_macro   0x00000000      0x319 Drivers/STM32L1xx_HAL_Driver/Src/stm32l1xx_hal.o
 .debug_macro   0x00000319      0x8bc Drivers/STM32L1xx_HAL_Driver/Src/stm32l1xx_hal.o
 .debug_macro   0x00000bd5       0x10 Drivers/STM32L1xx_HAL_Driver/Src/stm32l1xx_hal.o
 .debug_macro   0x00000be5       0x8e Drivers/STM32L1xx_HAL_Driver/Src/stm32l1xx_hal.o
 .debug_macro   0x00000c73       0x2e Drivers/STM32L1xx_HAL_Driver/Src/stm32l1xx_hal.o
 .debug_macro   0x00000ca1       0x22 Drivers/STM32L1xx_HAL_Driver/Src/stm32l1xx_hal.o
 .debug_macro   0x00000cc3       0x22 Drivers/STM32L1xx_HAL_Driver/Src/stm32l1xx_hal.o
 .debug_macro   0x00000ce5       0x87 Drivers/STM32L1xx_HAL_Driver/Src/stm32l1xx_hal.o
 .debug_macro   0x00000d6c       0x51 Drivers/STM32L1xx_HAL_Driver/Src/stm32l1xx_hal.o
 .debug_macro   0x00000dbd       0xef Drivers/STM32L1xx_HAL_Driver/Src/stm32l1xx_hal.o
 .debug_macro   0x00000eac       0x6a Drivers/STM32L1xx_HAL_Driver/Src/stm32l1xx_hal.o
 .debug_macro   0x00000f16      0x1df Drivers/STM32L1xx_HAL_Driver/Src/stm32l1xx_hal.o
 .debug_macro   0x000010f5       0x34 Drivers/STM32L1xx_HAL_Driver/Src/stm32l1xx_hal.o
 .debug_macro   0x00001129       0x34 Drivers/STM32L1xx_HAL_Driver/Src/stm32l1xx_hal.o
 .debug_macro   0x0000115d      0xcb4 Drivers/STM32L1xx_HAL_Driver/Src/stm32l1xx_hal.o
 .debug_macro   0x00001e11     0xbeb6 Drivers/STM32L1xx_HAL_Driver/Src/stm32l1xx_hal.o
 .debug_macro   0x0000dcc7       0x43 Drivers/STM32L1xx_HAL_Driver/Src/stm32l1xx_hal.o
 .debug_macro   0x0000dd0a     0x342b Drivers/STM32L1xx_HAL_Driver/Src/stm32l1xx_hal.o
 .debug_macro   0x00011135       0x58 Drivers/STM32L1xx_HAL_Driver/Src/stm32l1xx_hal.o
 .debug_macro   0x0001118d       0x35 Drivers/STM32L1xx_HAL_Driver/Src/stm32l1xx_hal.o
 .debug_macro   0x000111c2       0x9c Drivers/STM32L1xx_HAL_Driver/Src/stm32l1xx_hal.o
 .debug_macro   0x0001125e       0x16 Drivers/STM32L1xx_HAL_Driver/Src/stm32l1xx_hal.o
 .debug_macro   0x00011274       0x97 Drivers/STM32L1xx_HAL_Driver/Src/stm32l1xx_hal.o
 .debug_macro   0x0001130b      0x330 Drivers/STM32L1xx_HAL_Driver/Src/stm32l1xx_hal.o
 .debug_macro   0x0001163b       0xfd Drivers/STM32L1xx_HAL_Driver/Src/stm32l1xx_hal.o
 .debug_macro   0x00011738       0x10 Drivers/STM32L1xx_HAL_Driver/Src/stm32l1xx_hal.o
 .debug_macro   0x00011748       0x58 Drivers/STM32L1xx_HAL_Driver/Src/stm32l1xx_hal.o
 .debug_macro   0x000117a0       0x1f Drivers/STM32L1xx_HAL_Driver/Src/stm32l1xx_hal.o
 .debug_macro   0x000117bf       0x43 Drivers/STM32L1xx_HAL_Driver/Src/stm32l1xx_hal.o
 .debug_macro   0x00011802       0x20 Drivers/STM32L1xx_HAL_Driver/Src/stm32l1xx_hal.o
 .debug_macro   0x00011822      0x187 Drivers/STM32L1xx_HAL_Driver/Src/stm32l1xx_hal.o
 .debug_macro   0x000119a9       0x10 Drivers/STM32L1xx_HAL_Driver/Src/stm32l1xx_hal.o
 .debug_macro   0x000119b9       0x1c Drivers/STM32L1xx_HAL_Driver/Src/stm32l1xx_hal.o
 .debug_macro   0x000119d5       0x52 Drivers/STM32L1xx_HAL_Driver/Src/stm32l1xx_hal.o
 .debug_macro   0x00011a27       0x40 Drivers/STM32L1xx_HAL_Driver/Src/stm32l1xx_hal.o
 .debug_macro   0x00011a67       0x10 Drivers/STM32L1xx_HAL_Driver/Src/stm32l1xx_hal.o
 .debug_macro   0x00011a77       0x40 Drivers/STM32L1xx_HAL_Driver/Src/stm32l1xx_hal.o
 .debug_macro   0x00011ab7       0xd7 Drivers/STM32L1xx_HAL_Driver/Src/stm32l1xx_hal.o
 .debug_macro   0x00011b8e       0x16 Drivers/STM32L1xx_HAL_Driver/Src/stm32l1xx_hal.o
 .debug_macro   0x00011ba4      0x18b Drivers/STM32L1xx_HAL_Driver/Src/stm32l1xx_hal.o
 .debug_macro   0x00011d2f       0x50 Drivers/STM32L1xx_HAL_Driver/Src/stm32l1xx_hal.o
 .debug_macro   0x00011d7f      0xe3e Drivers/STM32L1xx_HAL_Driver/Src/stm32l1xx_hal.o
 .debug_macro   0x00012bbd      0x363 Drivers/STM32L1xx_HAL_Driver/Src/stm32l1xx_hal.o
 .debug_macro   0x00012f20      0x141 Drivers/STM32L1xx_HAL_Driver/Src/stm32l1xx_hal.o
 .debug_macro   0x00013061       0xc6 Drivers/STM32L1xx_HAL_Driver/Src/stm32l1xx_hal.o
 .debug_macro   0x00013127      0x25d Drivers/STM32L1xx_HAL_Driver/Src/stm32l1xx_hal.o
 .debug_macro   0x00013384      0x23a Drivers/STM32L1xx_HAL_Driver/Src/stm32l1xx_hal.o
 .debug_macro   0x000135be      0x113 Drivers/STM32L1xx_HAL_Driver/Src/stm32l1xx_hal.o
 .debug_macro   0x000136d1      0x56c Drivers/STM32L1xx_HAL_Driver/Src/stm32l1xx_hal.o
 .debug_macro   0x00013c3d      0x225 Drivers/STM32L1xx_HAL_Driver/Src/stm32l1xx_hal.o
 .debug_macro   0x00013e62      0x1ed Drivers/STM32L1xx_HAL_Driver/Src/stm32l1xx_hal.o
 .debug_macro   0x0001404f       0x22 Drivers/STM32L1xx_HAL_Driver/Src/stm32l1xx_hal.o
 .debug_macro   0x00014071      0x757 Drivers/STM32L1xx_HAL_Driver/Src/stm32l1xx_hal.o
 .debug_macro   0x000147c8       0xac Drivers/STM32L1xx_HAL_Driver/Src/stm32l1xx_hal.o
 .debug_macro   0x00014874      0x287 Drivers/STM32L1xx_HAL_Driver/Src/stm32l1xx_hal.o
 .debug_macro   0x00014afb      0x470 Drivers/STM32L1xx_HAL_Driver/Src/stm32l1xx_hal.o
 .debug_macro   0x00014f6b      0x2f5 Drivers/STM32L1xx_HAL_Driver/Src/stm32l1xx_hal_cortex.o
 .debug_macro   0x00015260      0x32e Drivers/STM32L1xx_HAL_Driver/Src/stm32l1xx_hal_gpio.o
 .debug_macro   0x0001558e      0x343 Drivers/STM32L1xx_HAL_Driver/Src/stm32l1xx_hal_i2c.o
 .debug_macro   0x000158d1      0x331 Drivers/STM32L1xx_HAL_Driver/Src/stm32l1xx_hal_rcc.o
 .debug_macro   0x00015c02      0x2f6 Drivers/STM32L1xx_HAL_Driver/Src/stm32l1xx_hal_tim.o
 .debug_macro   0x00015ef8      0x2f5 Drivers/STM32L1xx_HAL_Driver/Src/stm32l1xx_hal_tim_ex.o
 .debug_macro   0x000161ed      0x2f6 Drivers/STM32L1xx_HAL_Driver/Src/stm32l1xx_hal_uart.o
 .debug_macro   0x000164e3      0x329 Src/main.o
 .debug_macro   0x0001680c      0x2f5 Src/stm32l1xx_hal_msp.o
 .debug_macro   0x00016b01      0x2ff Src/stm32l1xx_it.o
 .debug_macro   0x00016e00      0x2fb Src/system_stm32l1xx.o

.debug_line     0x00000000     0x8f80
 .debug_line    0x00000000      0x8e2 Drivers/STM32L1xx_HAL_Driver/Src/stm32l1xx_hal.o
 .debug_line    0x000008e2      0x99e Drivers/STM32L1xx_HAL_Driver/Src/stm32l1xx_hal_cortex.o
 .debug_line    0x00001280      0x8ff Drivers/STM32L1xx_HAL_Driver/Src/stm32l1xx_hal_gpio.o
 .debug_line    0x00001b7f     0x1938 Drivers/STM32L1xx_HAL_Driver/Src/stm32l1xx_hal_i2c.o
 .debug_line    0x000034b7      0xd91 Drivers/STM32L1xx_HAL_Driver/Src/stm32l1xx_hal_rcc.o
 .debug_line    0x00004248     0x1614 Drivers/STM32L1xx_HAL_Driver/Src/stm32l1xx_hal_tim.o
 .debug_line    0x0000585c      0x80a Drivers/STM32L1xx_HAL_Driver/Src/stm32l1xx_hal_tim_ex.o
 .debug_line    0x00006066      0xe6a Drivers/STM32L1xx_HAL_Driver/Src/stm32l1xx_hal_uart.o
 .debug_line    0x00006ed0      0x8a4 Src/main.o
 .debug_line    0x00007774      0x81b Src/stm32l1xx_hal_msp.o
 .debug_line    0x00007f8f      0x7c1 Src/stm32l1xx_it.o
 .debug_line    0x00008750      0x7b3 Src/system_stm32l1xx.o
 .debug_line    0x00008f03       0x7d startup/startup_stm32l152xe.o

.debug_str      0x00000000    0x8c681
 .debug_str     0x00000000    0x895b7 Drivers/STM32L1xx_HAL_Driver/Src/stm32l1xx_hal.o
                              0x8994f (size before relaxing)
 .debug_str     0x000895b7      0x3e0 Drivers/STM32L1xx_HAL_Driver/Src/stm32l1xx_hal_cortex.o
                              0x89a9a (size before relaxing)
 .debug_str     0x00089997      0x28f Drivers/STM32L1xx_HAL_Driver/Src/stm32l1xx_hal_gpio.o
                              0x8951d (size before relaxing)
 .debug_str     0x00089c26      0xe7b Drivers/STM32L1xx_HAL_Driver/Src/stm32l1xx_hal_i2c.o
                              0x8a143 (size before relaxing)
 .debug_str     0x0008aaa1      0x533 Drivers/STM32L1xx_HAL_Driver/Src/stm32l1xx_hal_rcc.o
                              0x898a0 (size before relaxing)
 .debug_str     0x0008afd4      0xe4f Drivers/STM32L1xx_HAL_Driver/Src/stm32l1xx_hal_tim.o
                              0x8a313 (size before relaxing)
 .debug_str     0x0008be23       0xc7 Drivers/STM32L1xx_HAL_Driver/Src/stm32l1xx_hal_tim_ex.o
                              0x89662 (size before relaxing)
 .debug_str     0x0008beea      0x50a Drivers/STM32L1xx_HAL_Driver/Src/stm32l1xx_hal_uart.o
                              0x899be (size before relaxing)
 .debug_str     0x0008c3f4      0x184 Src/main.o
                              0x8a222 (size before relaxing)
 .debug_str     0x0008c578       0x35 Src/stm32l1xx_hal_msp.o
                              0x89eb1 (size before relaxing)
 .debug_str     0x0008c5ad       0x62 Src/stm32l1xx_it.o
                              0x89244 (size before relaxing)
 .debug_str     0x0008c60f       0x72 Src/system_stm32l1xx.o
                              0x892f4 (size before relaxing)

.comment        0x00000000       0x7f
 .comment       0x00000000       0x7f Drivers/STM32L1xx_HAL_Driver/Src/stm32l1xx_hal.o
                                 0x80 (size before relaxing)
 .comment       0x0000007f       0x80 Drivers/STM32L1xx_HAL_Driver/Src/stm32l1xx_hal_cortex.o
 .comment       0x0000007f       0x80 Drivers/STM32L1xx_HAL_Driver/Src/stm32l1xx_hal_gpio.o
 .comment       0x0000007f       0x80 Drivers/STM32L1xx_HAL_Driver/Src/stm32l1xx_hal_i2c.o
 .comment       0x0000007f       0x80 Drivers/STM32L1xx_HAL_Driver/Src/stm32l1xx_hal_rcc.o
 .comment       0x0000007f       0x80 Drivers/STM32L1xx_HAL_Driver/Src/stm32l1xx_hal_tim.o
 .comment       0x0000007f       0x80 Drivers/STM32L1xx_HAL_Driver/Src/stm32l1xx_hal_tim_ex.o
 .comment       0x0000007f       0x80 Drivers/STM32L1xx_HAL_Driver/Src/stm32l1xx_hal_uart.o
 .comment       0x0000007f       0x80 Src/main.o
 .comment       0x0000007f       0x80 Src/stm32l1xx_hal_msp.o
 .comment       0x0000007f       0x80 Src/stm32l1xx_it.o
 .comment       0x0000007f       0x80 Src/system_stm32l1xx.o

.debug_frame    0x00000000     0x1eac
 .debug_frame   0x00000000      0x168 Drivers/STM32L1xx_HAL_Driver/Src/stm32l1xx_hal.o
 .debug_frame   0x00000168      0x15c Drivers/STM32L1xx_HAL_Driver/Src/stm32l1xx_hal_cortex.o
 .debug_frame   0x000002c4       0xd0 Drivers/STM32L1xx_HAL_Driver/Src/stm32l1xx_hal_gpio.o
 .debug_frame   0x00000394      0x834 Drivers/STM32L1xx_HAL_Driver/Src/stm32l1xx_hal_i2c.o
 .debug_frame   0x00000bc8      0x168 Drivers/STM32L1xx_HAL_Driver/Src/stm32l1xx_hal_rcc.o
 .debug_frame   0x00000d30      0x9cc Drivers/STM32L1xx_HAL_Driver/Src/stm32l1xx_hal_tim.o
 .debug_frame   0x000016fc       0x3c Drivers/STM32L1xx_HAL_Driver/Src/stm32l1xx_hal_tim_ex.o
 .debug_frame   0x00001738      0x388 Drivers/STM32L1xx_HAL_Driver/Src/stm32l1xx_hal_uart.o
 .debug_frame   0x00001ac0      0x110 Src/main.o
 .debug_frame   0x00001bd0       0xbc Src/stm32l1xx_hal_msp.o
 .debug_frame   0x00001c8c       0x58 Src/stm32l1xx_it.o
 .debug_frame   0x00001ce4       0x30 Src/system_stm32l1xx.o
 .debug_frame   0x00001d14       0xac c:/users/jonas/.p2/pool/plugins/fr.ac6.mcu.externaltools.arm-none.win32_1.15.0.201708311556/tools/compiler/bin/../lib/gcc/arm-none-eabi/6.3.1/thumb/v7-m\libgcc.a(_arm_addsubdf3.o)
 .debug_frame   0x00001dc0       0x50 c:/users/jonas/.p2/pool/plugins/fr.ac6.mcu.externaltools.arm-none.win32_1.15.0.201708311556/tools/compiler/bin/../lib/gcc/arm-none-eabi/6.3.1/thumb/v7-m\libgcc.a(_arm_muldivdf3.o)
 .debug_frame   0x00001e10       0x24 c:/users/jonas/.p2/pool/plugins/fr.ac6.mcu.externaltools.arm-none.win32_1.15.0.201708311556/tools/compiler/bin/../lib/gcc/arm-none-eabi/6.3.1/thumb/v7-m\libgcc.a(_arm_fixdfsi.o)
 .debug_frame   0x00001e34       0x4c c:/users/jonas/.p2/pool/plugins/fr.ac6.mcu.externaltools.arm-none.win32_1.15.0.201708311556/tools/compiler/bin/../lib/gcc/arm-none-eabi/6.3.1/thumb/v7-m\libgcc.a(_arm_addsubsf3.o)
 .debug_frame   0x00001e80       0x2c c:/users/jonas/.p2/pool/plugins/fr.ac6.mcu.externaltools.arm-none.win32_1.15.0.201708311556/tools/compiler/bin/../lib/gcc/arm-none-eabi/6.3.1/../../../../arm-none-eabi/lib/thumb/v7-m\libc_nano.a(lib_a-init.o)
