Archive member included to satisfy reference by file (symbol)

c:/ac6/systemworkbench/plugins/fr.ac6.mcu.externaltools.arm-none.win32_1.15.0.201708311556/tools/compiler/bin/../lib/gcc/arm-none-eabi/6.3.1/../../../../arm-none-eabi/lib/thumb/v7-m\libc_nano.a(lib_a-exit.o)
                              c:/ac6/systemworkbench/plugins/fr.ac6.mcu.externaltools.arm-none.win32_1.15.0.201708311556/tools/compiler/bin/../lib/gcc/arm-none-eabi/6.3.1/../../../../arm-none-eabi/lib/thumb/v7-m/crt0.o (exit)
c:/ac6/systemworkbench/plugins/fr.ac6.mcu.externaltools.arm-none.win32_1.15.0.201708311556/tools/compiler/bin/../lib/gcc/arm-none-eabi/6.3.1/../../../../arm-none-eabi/lib/thumb/v7-m\libc_nano.a(lib_a-impure.o)
                              c:/ac6/systemworkbench/plugins/fr.ac6.mcu.externaltools.arm-none.win32_1.15.0.201708311556/tools/compiler/bin/../lib/gcc/arm-none-eabi/6.3.1/../../../../arm-none-eabi/lib/thumb/v7-m\libc_nano.a(lib_a-exit.o) (_global_impure_ptr)
c:/ac6/systemworkbench/plugins/fr.ac6.mcu.externaltools.arm-none.win32_1.15.0.201708311556/tools/compiler/bin/../lib/gcc/arm-none-eabi/6.3.1/../../../../arm-none-eabi/lib/thumb/v7-m\libc_nano.a(lib_a-init.o)
                              c:/ac6/systemworkbench/plugins/fr.ac6.mcu.externaltools.arm-none.win32_1.15.0.201708311556/tools/compiler/bin/../lib/gcc/arm-none-eabi/6.3.1/../../../../arm-none-eabi/lib/thumb/v7-m/crt0.o (__libc_init_array)
c:/ac6/systemworkbench/plugins/fr.ac6.mcu.externaltools.arm-none.win32_1.15.0.201708311556/tools/compiler/bin/../lib/gcc/arm-none-eabi/6.3.1/../../../../arm-none-eabi/lib/thumb/v7-m\libc_nano.a(lib_a-memset.o)
                              c:/ac6/systemworkbench/plugins/fr.ac6.mcu.externaltools.arm-none.win32_1.15.0.201708311556/tools/compiler/bin/../lib/gcc/arm-none-eabi/6.3.1/../../../../arm-none-eabi/lib/thumb/v7-m/crt0.o (memset)
c:/ac6/systemworkbench/plugins/fr.ac6.mcu.externaltools.arm-none.win32_1.15.0.201708311556/tools/compiler/bin/../lib/gcc/arm-none-eabi/6.3.1/../../../../arm-none-eabi/lib/thumb/v7-m\libc_nano.a(lib_a-strcmp.o)
                              Src/main.o (strcmp)
c:/ac6/systemworkbench/plugins/fr.ac6.mcu.externaltools.arm-none.win32_1.15.0.201708311556/tools/compiler/bin/../lib/gcc/arm-none-eabi/6.3.1/../../../../arm-none-eabi/lib/thumb/v7-m\libnosys.a(_exit.o)
                              c:/ac6/systemworkbench/plugins/fr.ac6.mcu.externaltools.arm-none.win32_1.15.0.201708311556/tools/compiler/bin/../lib/gcc/arm-none-eabi/6.3.1/../../../../arm-none-eabi/lib/thumb/v7-m\libc_nano.a(lib_a-exit.o) (_exit)

Allocating common symbols
Common symbol       size              file

huart3              0x40              Src/main.o
hi2c1               0x54              Src/main.o
uwTick              0x4               Drivers/STM32L1xx_HAL_Driver/Src/stm32l1xx_hal.o
pFlash              0x18              Drivers/STM32L1xx_HAL_Driver/Src/stm32l1xx_hal_flash.o
huart1              0x40              Src/main.o
huart2              0x40              Src/main.o

Discarded input sections

 .text          0x00000000        0x0 c:/ac6/systemworkbench/plugins/fr.ac6.mcu.externaltools.arm-none.win32_1.15.0.201708311556/tools/compiler/bin/../lib/gcc/arm-none-eabi/6.3.1/thumb/v7-m/crti.o
 .data          0x00000000        0x0 c:/ac6/systemworkbench/plugins/fr.ac6.mcu.externaltools.arm-none.win32_1.15.0.201708311556/tools/compiler/bin/../lib/gcc/arm-none-eabi/6.3.1/thumb/v7-m/crti.o
 .bss           0x00000000        0x0 c:/ac6/systemworkbench/plugins/fr.ac6.mcu.externaltools.arm-none.win32_1.15.0.201708311556/tools/compiler/bin/../lib/gcc/arm-none-eabi/6.3.1/thumb/v7-m/crti.o
 .data          0x00000000        0x4 c:/ac6/systemworkbench/plugins/fr.ac6.mcu.externaltools.arm-none.win32_1.15.0.201708311556/tools/compiler/bin/../lib/gcc/arm-none-eabi/6.3.1/thumb/v7-m/crtbegin.o
 .text          0x00000000       0x74 c:/ac6/systemworkbench/plugins/fr.ac6.mcu.externaltools.arm-none.win32_1.15.0.201708311556/tools/compiler/bin/../lib/gcc/arm-none-eabi/6.3.1/../../../../arm-none-eabi/lib/thumb/v7-m/crt0.o
 .data          0x00000000        0x0 c:/ac6/systemworkbench/plugins/fr.ac6.mcu.externaltools.arm-none.win32_1.15.0.201708311556/tools/compiler/bin/../lib/gcc/arm-none-eabi/6.3.1/../../../../arm-none-eabi/lib/thumb/v7-m/crt0.o
 .bss           0x00000000        0x0 c:/ac6/systemworkbench/plugins/fr.ac6.mcu.externaltools.arm-none.win32_1.15.0.201708311556/tools/compiler/bin/../lib/gcc/arm-none-eabi/6.3.1/../../../../arm-none-eabi/lib/thumb/v7-m/crt0.o
 .ARM.extab     0x00000000        0x0 c:/ac6/systemworkbench/plugins/fr.ac6.mcu.externaltools.arm-none.win32_1.15.0.201708311556/tools/compiler/bin/../lib/gcc/arm-none-eabi/6.3.1/../../../../arm-none-eabi/lib/thumb/v7-m/crt0.o
 .ARM.exidx     0x00000000        0x8 c:/ac6/systemworkbench/plugins/fr.ac6.mcu.externaltools.arm-none.win32_1.15.0.201708311556/tools/compiler/bin/../lib/gcc/arm-none-eabi/6.3.1/../../../../arm-none-eabi/lib/thumb/v7-m/crt0.o
[...]
Memory Configuration

Name             Origin             Length             Attributes
RAM              0x20000000         0x00014000         xrw
FLASH            0x08000000         0x00080000         xr
*default*        0x00000000         0xffffffff

Linker script and memory map

LOAD c:/ac6/systemworkbench/plugins/fr.ac6.mcu.externaltools.arm-none.win32_1.15.0.201708311556/tools/compiler/bin/../lib/gcc/arm-none-eabi/6.3.1/thumb/v7-m/crti.o
LOAD c:/ac6/systemworkbench/plugins/fr.ac6.mcu.externaltools.arm-none.win32_1.15.0.201708311556/tools/compiler/bin/../lib/gcc/arm-none-eabi/6.3.1/thumb/v7-m/crtbegin.o
LOAD c:/ac6/systemworkbench/plugins/fr.ac6.mcu.externaltools.arm-none.win32_1.15.0.201708311556/tools/compiler/bin/../lib/gcc/arm-none-eabi/6.3.1/../../../../arm-none-eabi/lib/thumb/v7-m/crt0.o
LOAD Drivers/STM32L1xx_HAL_Driver/Src/stm32l1xx_hal.o
LOAD Drivers/STM32L1xx_HAL_Driver/Src/stm32l1xx_hal_cortex.o
LOAD Drivers/STM32L1xx_HAL_Driver/Src/stm32l1xx_hal_dma.o
LOAD Drivers/STM32L1xx_HAL_Driver/Src/stm32l1xx_hal_flash.o
LOAD Drivers/STM32L1xx_HAL_Driver/Src/stm32l1xx_hal_flash_ex.o
LOAD Drivers/STM32L1xx_HAL_Driver/Src/stm32l1xx_hal_flash_ramfunc.o
LOAD Drivers/STM32L1xx_HAL_Driver/Src/stm32l1xx_hal_gpio.o
LOAD Drivers/STM32L1xx_HAL_Driver/Src/stm32l1xx_hal_i2c.o
LOAD Drivers/STM32L1xx_HAL_Driver/Src/stm32l1xx_hal_pwr.o
LOAD Drivers/STM32L1xx_HAL_Driver/Src/stm32l1xx_hal_pwr_ex.o
LOAD Drivers/STM32L1xx_HAL_Driver/Src/stm32l1xx_hal_rcc.o
LOAD Drivers/STM32L1xx_HAL_Driver/Src/stm32l1xx_hal_rcc_ex.o
LOAD Drivers/STM32L1xx_HAL_Driver/Src/stm32l1xx_hal_tim.o
LOAD Drivers/STM32L1xx_HAL_Driver/Src/stm32l1xx_hal_tim_ex.o
LOAD Drivers/STM32L1xx_HAL_Driver/Src/stm32l1xx_hal_uart.o
LOAD Src/main.o
LOAD Src/stm32l1xx_hal_msp.o
LOAD Src/stm32l1xx_it.o
LOAD Src/system_stm32l1xx.o
LOAD startup/startup_stm32l152xe.o
LOAD c:/ac6/systemworkbench/plugins/fr.ac6.mcu.externaltools.arm-none.win32_1.15.0.201708311556/tools/compiler/bin/../lib/gcc/arm-none-eabi/6.3.1/../../../../arm-none-eabi/lib/thumb/v7-m\libm.a
START GROUP
LOAD c:/ac6/systemworkbench/plugins/fr.ac6.mcu.externaltools.arm-none.win32_1.15.0.201708311556/tools/compiler/bin/../lib/gcc/arm-none-eabi/6.3.1/thumb/v7-m\libgcc.a
LOAD c:/ac6/systemworkbench/plugins/fr.ac6.mcu.externaltools.arm-none.win32_1.15.0.201708311556/tools/compiler/bin/../lib/gcc/arm-none-eabi/6.3.1/../../../../arm-none-eabi/lib/thumb/v7-m\libc_nano.a
END GROUP
START GROUP
LOAD c:/ac6/systemworkbench/plugins/fr.ac6.mcu.externaltools.arm-none.win32_1.15.0.201708311556/tools/compiler/bin/../lib/gcc/arm-none-eabi/6.3.1/thumb/v7-m\libgcc.a
LOAD c:/ac6/systemworkbench/plugins/fr.ac6.mcu.externaltools.arm-none.win32_1.15.0.201708311556/tools/compiler/bin/../lib/gcc/arm-none-eabi/6.3.1/../../../../arm-none-eabi/lib/thumb/v7-m\libc_nano.a
LOAD c:/ac6/systemworkbench/plugins/fr.ac6.mcu.externaltools.arm-none.win32_1.15.0.201708311556/tools/compiler/bin/../lib/gcc/arm-none-eabi/6.3.1/../../../../arm-none-eabi/lib/thumb/v7-m\libnosys.a
END GROUP
START GROUP
LOAD c:/ac6/systemworkbench/plugins/fr.ac6.mcu.externaltools.arm-none.win32_1.15.0.201708311556/tools/compiler/bin/../lib/gcc/arm-none-eabi/6.3.1/thumb/v7-m\libgcc.a
LOAD c:/ac6/systemworkbench/plugins/fr.ac6.mcu.externaltools.arm-none.win32_1.15.0.201708311556/tools/compiler/bin/../lib/gcc/arm-none-eabi/6.3.1/../../../../arm-none-eabi/lib/thumb/v7-m\libc_nano.a
LOAD c:/ac6/systemworkbench/plugins/fr.ac6.mcu.externaltools.arm-none.win32_1.15.0.201708311556/tools/compiler/bin/../lib/gcc/arm-none-eabi/6.3.1/../../../../arm-none-eabi/lib/thumb/v7-m\libnosys.a
END GROUP
LOAD c:/ac6/systemworkbench/plugins/fr.ac6.mcu.externaltools.arm-none.win32_1.15.0.201708311556/tools/compiler/bin/../lib/gcc/arm-none-eabi/6.3.1/thumb/v7-m/crtend.o
LOAD c:/ac6/systemworkbench/plugins/fr.ac6.mcu.externaltools.arm-none.win32_1.15.0.201708311556/tools/compiler/bin/../lib/gcc/arm-none-eabi/6.3.1/thumb/v7-m/crtn.o
                0x20014000                _estack = 0x20014000
                0x00000200                _Min_Heap_Size = 0x200
                0x00000400                _Min_Stack_Size = 0x400

.isr_vector     0x08000000      0x13c
                0x08000000                . = ALIGN (0x4)
 *(.isr_vector)
 .isr_vector    0x08000000      0x13c startup/startup_stm32l152xe.o
                0x08000000                g_pfnVectors
                0x0800013c                . = ALIGN (0x4)

.text           0x0800013c     0x3270
                0x0800013c                . = ALIGN (0x4)
 *(.text)
 .text          0x0800013c       0x6c c:/ac6/systemworkbench/plugins/fr.ac6.mcu.externaltools.arm-none.win32_1.15.0.201708311556/tools/compiler/bin/../lib/gcc/arm-none-eabi/6.3.1/thumb/v7-m/crtbegin.o
 .text          0x080001a8       0x14 c:/ac6/systemworkbench/plugins/fr.ac6.mcu.externaltools.arm-none.win32_1.15.0.201708311556/tools/compiler/bin/../lib/gcc/arm-none-eabi/6.3.1/../../../../arm-none-eabi/lib/thumb/v7-m\libc_nano.a(lib_a-strcmp.o)
                0x080001a8                strcmp
 *(.text*)
 .text.HAL_InitTick
                0x080001bc       0x2c Drivers/STM32L1xx_HAL_Driver/Src/stm32l1xx_hal.o
                0x080001bc                HAL_InitTick
 .text.HAL_Init
                0x080001e8       0x16 Drivers/STM32L1xx_HAL_Driver/Src/stm32l1xx_hal.o
                0x080001e8                HAL_Init
 *fill*         0x080001fe        0x2 
 .text.HAL_IncTick
                0x08000200       0x10 Drivers/STM32L1xx_HAL_Driver/Src/stm32l1xx_hal.o
                0x08000200                HAL_IncTick
 .text.HAL_GetTick
                0x08000210        0xc Drivers/STM32L1xx_HAL_Driver/Src/stm32l1xx_hal.o
                0x08000210                HAL_GetTick
 .text.HAL_Delay
                0x0800021c       0x1c Drivers/STM32L1xx_HAL_Driver/Src/stm32l1xx_hal.o
                0x0800021c                HAL_Delay
 .text.HAL_SuspendTick
                0x08000238       0x10 Drivers/STM32L1xx_HAL_Driver/Src/stm32l1xx_hal.o
                0x08000238                HAL_SuspendTick
 .text.HAL_ResumeTick
                0x08000248       0x10 Drivers/STM32L1xx_HAL_Driver/Src/stm32l1xx_hal.o
                0x08000248                HAL_ResumeTick
 .text.HAL_NVIC_SetPriorityGrouping
                0x08000258       0x24 Drivers/STM32L1xx_HAL_Driver/Src/stm32l1xx_hal_cortex.o
                0x08000258                HAL_NVIC_SetPriorityGrouping
 .text.HAL_NVIC_SetPriority
                0x0800027c       0x64 Drivers/STM32L1xx_HAL_Driver/Src/stm32l1xx_hal_cortex.o
                0x0800027c                HAL_NVIC_SetPriority
 .text.HAL_NVIC_EnableIRQ
                0x080002e0       0x18 Drivers/STM32L1xx_HAL_Driver/Src/stm32l1xx_hal_cortex.o
                0x080002e0                HAL_NVIC_EnableIRQ
 .text.HAL_SYSTICK_Config
                0x080002f8       0x2c Drivers/STM32L1xx_HAL_Driver/Src/stm32l1xx_hal_cortex.o
                0x080002f8                HAL_SYSTICK_Config
 .text.HAL_SYSTICK_CLKSourceConfig
                0x08000324       0x20 Drivers/STM32L1xx_HAL_Driver/Src/stm32l1xx_hal_cortex.o
                0x08000324                HAL_SYSTICK_CLKSourceConfig
 .text.HAL_SYSTICK_Callback
                0x08000344        0x2 Drivers/STM32L1xx_HAL_Driver/Src/stm32l1xx_hal_cortex.o
                0x08000344                HAL_SYSTICK_Callback
 .text.HAL_SYSTICK_IRQHandler
                0x08000346        0x8 Drivers/STM32L1xx_HAL_Driver/Src/stm32l1xx_hal_cortex.o
                0x08000346                HAL_SYSTICK_IRQHandler
 .text.HAL_DMA_Abort_IT
                0x0800034e       0x4c Drivers/STM32L1xx_HAL_Driver/Src/stm32l1xx_hal_dma.o
                0x0800034e                HAL_DMA_Abort_IT
 *fill*         0x0800039a        0x2 
 .text.FLASH_SetErrorCode
                0x0800039c       0x74 Drivers/STM32L1xx_HAL_Driver/Src/stm32l1xx_hal_flash.o
 .text.HAL_FLASH_EndOfOperationCallback
                0x08000410        0x2 Drivers/STM32L1xx_HAL_Driver/Src/stm32l1xx_hal_flash.o
                0x08000410                HAL_FLASH_EndOfOperationCallback
 .text.HAL_FLASH_OperationErrorCallback
                0x08000412        0x2 Drivers/STM32L1xx_HAL_Driver/Src/stm32l1xx_hal_flash.o
                0x08000412                HAL_FLASH_OperationErrorCallback
 .text.HAL_FLASH_IRQHandler
                0x08000414      0x100 Drivers/STM32L1xx_HAL_Driver/Src/stm32l1xx_hal_flash.o
                0x08000414                HAL_FLASH_IRQHandler
 .text.FLASH_PageErase
                0x08000514       0x28 Drivers/STM32L1xx_HAL_Driver/Src/stm32l1xx_hal_flash_ex.o
                0x08000514                FLASH_PageErase
 .text.HAL_GPIO_Init
                0x0800053c      0x1c0 Drivers/STM32L1xx_HAL_Driver/Src/stm32l1xx_hal_gpio.o
                0x0800053c                HAL_GPIO_Init
 .text.HAL_GPIO_ReadPin
                0x080006fc        0xe Drivers/STM32L1xx_HAL_Driver/Src/stm32l1xx_hal_gpio.o
                0x080006fc                HAL_GPIO_ReadPin
 .text.HAL_GPIO_WritePin
                0x0800070a        0xc Drivers/STM32L1xx_HAL_Driver/Src/stm32l1xx_hal_gpio.o
                0x0800070a                HAL_GPIO_WritePin
 .text.I2C_Master_SB
                0x08000716       0x8a Drivers/STM32L1xx_HAL_Driver/Src/stm32l1xx_hal_i2c.o
 .text.I2C_Master_ADD10
                0x080007a0        0xc Drivers/STM32L1xx_HAL_Driver/Src/stm32l1xx_hal_i2c.o
 .text.I2C_Master_ADDR
                0x080007ac      0x1cc Drivers/STM32L1xx_HAL_Driver/Src/stm32l1xx_hal_i2c.o
 .text.I2C_SlaveTransmit_BTF
                0x08000978       0x20 Drivers/STM32L1xx_HAL_Driver/Src/stm32l1xx_hal_i2c.o
 .text.I2C_SlaveReceive_BTF
                0x08000998       0x20 Drivers/STM32L1xx_HAL_Driver/Src/stm32l1xx_hal_i2c.o
 .text.HAL_I2C_Init
                0x080009b8      0x164 Drivers/STM32L1xx_HAL_Driver/Src/stm32l1xx_hal_i2c.o
                0x080009b8                HAL_I2C_Init
 .text.HAL_I2C_MasterTxCpltCallback
                0x08000b1c        0x2 Drivers/STM32L1xx_HAL_Driver/Src/stm32l1xx_hal_i2c.o
                0x08000b1c                HAL_I2C_MasterTxCpltCallback
 .text.HAL_I2C_MasterRxCpltCallback
                0x08000b1e        0x2 Drivers/STM32L1xx_HAL_Driver/Src/stm32l1xx_hal_i2c.o
                0x08000b1e                HAL_I2C_MasterRxCpltCallback
 .text.HAL_I2C_SlaveTxCpltCallback
                0x08000b20        0x2 Drivers/STM32L1xx_HAL_Driver/Src/stm32l1xx_hal_i2c.o
                0x08000b20                HAL_I2C_SlaveTxCpltCallback
 .text.I2C_SlaveTransmit_TXE
                0x08000b22       0x4c Drivers/STM32L1xx_HAL_Driver/Src/stm32l1xx_hal_i2c.o
 .text.HAL_I2C_SlaveRxCpltCallback
                0x08000b6e        0x2 Drivers/STM32L1xx_HAL_Driver/Src/stm32l1xx_hal_i2c.o
                0x08000b6e                HAL_I2C_SlaveRxCpltCallback
 .text.I2C_SlaveReceive_RXNE
                0x08000b70       0x4c Drivers/STM32L1xx_HAL_Driver/Src/stm32l1xx_hal_i2c.o
 .text.HAL_I2C_AddrCallback
                0x08000bbc        0x2 Drivers/STM32L1xx_HAL_Driver/Src/stm32l1xx_hal_i2c.o
                0x08000bbc                HAL_I2C_AddrCallback
 .text.I2C_Slave_ADDR
                0x08000bbe       0x28 Drivers/STM32L1xx_HAL_Driver/Src/stm32l1xx_hal_i2c.o
 .text.HAL_I2C_ListenCpltCallback
                0x08000be6        0x2 Drivers/STM32L1xx_HAL_Driver/Src/stm32l1xx_hal_i2c.o
                0x08000be6                HAL_I2C_ListenCpltCallback
 .text.I2C_Slave_AF
                0x08000be8       0x9c Drivers/STM32L1xx_HAL_Driver/Src/stm32l1xx_hal_i2c.o
 .text.HAL_I2C_MemTxCpltCallback
                0x08000c84        0x2 Drivers/STM32L1xx_HAL_Driver/Src/stm32l1xx_hal_i2c.o
                0x08000c84                HAL_I2C_MemTxCpltCallback
 .text.I2C_MasterTransmit_TXE
                0x08000c86       0xd0 Drivers/STM32L1xx_HAL_Driver/Src/stm32l1xx_hal_i2c.o
 .text.I2C_MasterTransmit_BTF
                0x08000d56       0xa2 Drivers/STM32L1xx_HAL_Driver/Src/stm32l1xx_hal_i2c.o
 .text.HAL_I2C_MemRxCpltCallback
                0x08000df8        0x2 Drivers/STM32L1xx_HAL_Driver/Src/stm32l1xx_hal_i2c.o
                0x08000df8                HAL_I2C_MemRxCpltCallback
 .text.I2C_MasterReceive_RXNE
                0x08000dfa       0xdc Drivers/STM32L1xx_HAL_Driver/Src/stm32l1xx_hal_i2c.o
 .text.I2C_MasterReceive_BTF
                0x08000ed6      0x102 Drivers/STM32L1xx_HAL_Driver/Src/stm32l1xx_hal_i2c.o
 .text.HAL_I2C_ErrorCallback
                0x08000fd8        0x2 Drivers/STM32L1xx_HAL_Driver/Src/stm32l1xx_hal_i2c.o
                0x08000fd8                HAL_I2C_ErrorCallback
 .text.HAL_I2C_AbortCpltCallback
                0x08000fda        0x2 Drivers/STM32L1xx_HAL_Driver/Src/stm32l1xx_hal_i2c.o
                0x08000fda                HAL_I2C_AbortCpltCallback
 .text.I2C_ITError
                0x08000fdc      0x14c Drivers/STM32L1xx_HAL_Driver/Src/stm32l1xx_hal_i2c.o
 .text.I2C_Slave_STOPF
                0x08001128      0x118 Drivers/STM32L1xx_HAL_Driver/Src/stm32l1xx_hal_i2c.o
 .text.HAL_I2C_EV_IRQHandler
                0x08001240      0x170 Drivers/STM32L1xx_HAL_Driver/Src/stm32l1xx_hal_i2c.o
                0x08001240                HAL_I2C_EV_IRQHandler
 .text.HAL_I2C_ER_IRQHandler
                0x080013b0       0xe0 Drivers/STM32L1xx_HAL_Driver/Src/stm32l1xx_hal_i2c.o
                0x080013b0                HAL_I2C_ER_IRQHandler
 .text.I2C_DMAAbort
                0x08001490       0x5e Drivers/STM32L1xx_HAL_Driver/Src/stm32l1xx_hal_i2c.o
 *fill*         0x080014ee        0x2 
 .text.HAL_PWR_EnterSLEEPMode
                0x080014f0       0x30 Drivers/STM32L1xx_HAL_Driver/Src/stm32l1xx_hal_pwr.o
                0x080014f0                HAL_PWR_EnterSLEEPMode
 .text.HAL_PWREx_EnableLowPowerRunMode
                0x08001520       0x30 Drivers/STM32L1xx_HAL_Driver/Src/stm32l1xx_hal_pwr_ex.o
                0x08001520                HAL_PWREx_EnableLowPowerRunMode
 .text.RCC_SetFlashLatencyFromMSIRange
                0x08001550       0x98 Drivers/STM32L1xx_HAL_Driver/Src/stm32l1xx_hal_rcc.o
 .text.HAL_RCC_OscConfig
                0x080015e8      0x78c Drivers/STM32L1xx_HAL_Driver/Src/stm32l1xx_hal_rcc.o
                0x080015e8                HAL_RCC_OscConfig
 .text.HAL_RCC_GetSysClockFreq
                0x08001d74       0x9c Drivers/STM32L1xx_HAL_Driver/Src/stm32l1xx_hal_rcc.o
                0x08001d74                HAL_RCC_GetSysClockFreq
 .text.HAL_RCC_ClockConfig
                0x08001e10      0x248 Drivers/STM32L1xx_HAL_Driver/Src/stm32l1xx_hal_rcc.o
                0x08001e10                HAL_RCC_ClockConfig
 .text.HAL_RCC_GetHCLKFreq
                0x08002058        0xc Drivers/STM32L1xx_HAL_Driver/Src/stm32l1xx_hal_rcc.o
                0x08002058                HAL_RCC_GetHCLKFreq
 .text.HAL_RCC_GetPCLK1Freq
                0x08002064       0x2c Drivers/STM32L1xx_HAL_Driver/Src/stm32l1xx_hal_rcc.o
                0x08002064                HAL_RCC_GetPCLK1Freq
 .text.HAL_RCC_GetPCLK2Freq
                0x08002090       0x2c Drivers/STM32L1xx_HAL_Driver/Src/stm32l1xx_hal_rcc.o
                0x08002090                HAL_RCC_GetPCLK2Freq
 .text.UART_Transmit_IT
                0x080020bc       0x6c Drivers/STM32L1xx_HAL_Driver/Src/stm32l1xx_hal_uart.o
 .text.UART_SetConfig
                0x08002128      0x328 Drivers/STM32L1xx_HAL_Driver/Src/stm32l1xx_hal_uart.o
 .text.UART_WaitOnFlagUntilTimeout
                0x08002450       0xd0 Drivers/STM32L1xx_HAL_Driver/Src/stm32l1xx_hal_uart.o
 .text.HAL_UART_Init
                0x08002520       0x5a Drivers/STM32L1xx_HAL_Driver/Src/stm32l1xx_hal_uart.o
                0x08002520                HAL_UART_Init
 .text.HAL_UART_Transmit
                0x0800257a       0xe8 Drivers/STM32L1xx_HAL_Driver/Src/stm32l1xx_hal_uart.o
                0x0800257a                HAL_UART_Transmit
 .text.HAL_UART_Receive_IT
                0x08002662       0x7a Drivers/STM32L1xx_HAL_Driver/Src/stm32l1xx_hal_uart.o
                0x08002662                HAL_UART_Receive_IT
 .text.HAL_UART_TxCpltCallback
                0x080026dc        0x2 Drivers/STM32L1xx_HAL_Driver/Src/stm32l1xx_hal_uart.o
                0x080026dc                HAL_UART_TxCpltCallback
 .text.UART_EndTransmit_IT
                0x080026de       0x2c Drivers/STM32L1xx_HAL_Driver/Src/stm32l1xx_hal_uart.o
 .text.HAL_UART_RxCpltCallback
                0x0800270a        0x2 Drivers/STM32L1xx_HAL_Driver/Src/stm32l1xx_hal_uart.o
                0x0800270a                HAL_UART_RxCpltCallback
 .text.UART_Receive_IT
                0x0800270c       0xb6 Drivers/STM32L1xx_HAL_Driver/Src/stm32l1xx_hal_uart.o
 .text.HAL_UART_ErrorCallback
                0x080027c2        0x2 Drivers/STM32L1xx_HAL_Driver/Src/stm32l1xx_hal_uart.o
                0x080027c2                HAL_UART_ErrorCallback
 .text.HAL_UART_IRQHandler
                0x080027c4       0xca Drivers/STM32L1xx_HAL_Driver/Src/stm32l1xx_hal_uart.o
                0x080027c4                HAL_UART_IRQHandler
 *fill*         0x0800288e        0x2 
 .text.initGPS  0x08002890       0x90 Src/main.o
 .text.joinLoraWanNetwork
                0x08002920       0xe0 Src/main.o
 .text.MX_GPIO_Init
                0x08002a00       0xdc Src/main.o
 .text.enterSleep
                0x08002adc       0x34 Src/main.o
 .text.EXTI9_5_IRQHandler
                0x08002b10       0x40 Src/main.o
                0x08002b10                EXTI9_5_IRQHandler
 .text.EXTI15_10_IRQHandler
                0x08002b50       0x38 Src/main.o
                0x08002b50                EXTI15_10_IRQHandler
 .text._Error_Handler
                0x08002b88        0x2 Src/main.o
                0x08002b88                _Error_Handler
 *fill*         0x08002b8a        0x2 
 .text.MX_USART1_UART_Init
                0x08002b8c       0x4c Src/main.o
 .text.MX_USART2_UART_Init
                0x08002bd8       0x3c Src/main.o
 .text.MX_USART3_UART_Init
                0x08002c14       0x3c Src/main.o
 .text.MX_I2C1_Init
                0x08002c50       0x44 Src/main.o
 .text.SystemClock_Config
                0x08002c94       0x8c Src/main.o
                0x08002c94                SystemClock_Config
 .text.main     0x08002d20      0x2ec Src/main.o
                0x08002d20                main
 .text.HAL_MspInit
                0x0800300c       0xc0 Src/stm32l1xx_hal_msp.o
                0x0800300c                HAL_MspInit
 .text.HAL_I2C_MspInit
                0x080030cc       0x74 Src/stm32l1xx_hal_msp.o
                0x080030cc                HAL_I2C_MspInit
 .text.HAL_UART_MspInit
                0x08003140      0x100 Src/stm32l1xx_hal_msp.o
                0x08003140                HAL_UART_MspInit
 .text.NMI_Handler
                0x08003240        0x2 Src/stm32l1xx_it.o
                0x08003240                NMI_Handler
 .text.HardFault_Handler
                0x08003242        0x2 Src/stm32l1xx_it.o
                0x08003242                HardFault_Handler
 .text.MemManage_Handler
                0x08003244        0x2 Src/stm32l1xx_it.o
                0x08003244                MemManage_Handler
 .text.BusFault_Handler
                0x08003246        0x2 Src/stm32l1xx_it.o
                0x08003246                BusFault_Handler
 .text.UsageFault_Handler
                0x08003248        0x2 Src/stm32l1xx_it.o
                0x08003248                UsageFault_Handler
 .text.SVC_Handler
                0x0800324a        0x2 Src/stm32l1xx_it.o
                0x0800324a                SVC_Handler
 .text.DebugMon_Handler
                0x0800324c        0x2 Src/stm32l1xx_it.o
                0x0800324c                DebugMon_Handler
 .text.PendSV_Handler
                0x0800324e        0x2 Src/stm32l1xx_it.o
                0x0800324e                PendSV_Handler
 .text.SysTick_Handler
                0x08003250        0xc Src/stm32l1xx_it.o
                0x08003250                SysTick_Handler
 .text.FLASH_IRQHandler
                0x0800325c        0x8 Src/stm32l1xx_it.o
                0x0800325c                FLASH_IRQHandler
 .text.RCC_IRQHandler
                0x08003264        0x2 Src/stm32l1xx_it.o
                0x08003264                RCC_IRQHandler
 *fill*         0x08003266        0x2 
 .text.I2C1_EV_IRQHandler
                0x08003268       0x10 Src/stm32l1xx_it.o
                0x08003268                I2C1_EV_IRQHandler
 .text.I2C1_ER_IRQHandler
                0x08003278       0x10 Src/stm32l1xx_it.o
                0x08003278                I2C1_ER_IRQHandler
 .text.USART1_IRQHandler
                0x08003288       0x10 Src/stm32l1xx_it.o
                0x08003288                USART1_IRQHandler
 .text.USART2_IRQHandler
                0x08003298       0x10 Src/stm32l1xx_it.o
                0x08003298                USART2_IRQHandler
 .text.USART3_IRQHandler
                0x080032a8       0x10 Src/stm32l1xx_it.o
                0x080032a8                USART3_IRQHandler
 .text.SystemInit
                0x080032b8       0x48 Src/system_stm32l1xx.o
                0x080032b8                SystemInit
 .text.Reset_Handler
                0x08003300       0x48 startup/startup_stm32l152xe.o
                0x08003300                Reset_Handler
 .text.Default_Handler
                0x08003348        0x2 startup/startup_stm32l152xe.o
                0x08003348                RTC_Alarm_IRQHandler
                0x08003348                EXTI2_IRQHandler
                0x08003348                COMP_ACQ_IRQHandler
                0x08003348                TIM10_IRQHandler
                0x08003348                USB_HP_IRQHandler
                0x08003348                TIM6_IRQHandler
                0x08003348                PVD_IRQHandler
                0x08003348                EXTI3_IRQHandler
                0x08003348                EXTI0_IRQHandler
                0x08003348                I2C2_EV_IRQHandler
                0x08003348                SPI1_IRQHandler
                0x08003348                USB_FS_WKUP_IRQHandler
                0x08003348                DMA2_Channel2_IRQHandler
                0x08003348                DMA1_Channel4_IRQHandler
                0x08003348                ADC1_IRQHandler
                0x08003348                DMA1_Channel7_IRQHandler
                0x08003348                LCD_IRQHandler
                0x08003348                UART5_IRQHandler
                0x08003348                TIM4_IRQHandler
                0x08003348                DMA2_Channel1_IRQHandler
                0x08003348                DMA1_Channel6_IRQHandler
                0x08003348                UART4_IRQHandler
                0x08003348                DMA2_Channel4_IRQHandler
                0x08003348                TIM3_IRQHandler
                0x08003348                DMA1_Channel1_IRQHandler
                0x08003348                Default_Handler
                0x08003348                TIM7_IRQHandler
                0x08003348                TIM5_IRQHandler
                0x08003348                TIM9_IRQHandler
                0x08003348                TAMPER_STAMP_IRQHandler
                0x08003348                RTC_WKUP_IRQHandler
                0x08003348                SPI2_IRQHandler
                0x08003348                DMA2_Channel5_IRQHandler
                0x08003348                DMA1_Channel5_IRQHandler
                0x08003348                USB_LP_IRQHandler
                0x08003348                EXTI4_IRQHandler
                0x08003348                DMA1_Channel3_IRQHandler
                0x08003348                COMP_IRQHandler
                0x08003348                WWDG_IRQHandler
                0x08003348                TIM2_IRQHandler
                0x08003348                DAC_IRQHandler
                0x08003348                EXTI1_IRQHandler
                0x08003348                TIM11_IRQHandler
                0x08003348                I2C2_ER_IRQHandler
                0x08003348                DMA1_Channel2_IRQHandler
                0x08003348                SPI3_IRQHandler
                0x08003348                DMA2_Channel3_IRQHandler
 *fill*         0x0800334a        0x2 
 .text.__libc_init_array
                0x0800334c       0x48 c:/ac6/systemworkbench/plugins/fr.ac6.mcu.externaltools.arm-none.win32_1.15.0.201708311556/tools/compiler/bin/../lib/gcc/arm-none-eabi/6.3.1/../../../../arm-none-eabi/lib/thumb/v7-m\libc_nano.a(lib_a-init.o)
                0x0800334c                __libc_init_array
 *(.glue_7)
 .glue_7        0x08003394        0x0 linker stubs
 *(.glue_7t)
 .glue_7t       0x08003394        0x0 linker stubs
 *(.eh_frame)
 .eh_frame      0x08003394        0x0 c:/ac6/systemworkbench/plugins/fr.ac6.mcu.externaltools.arm-none.win32_1.15.0.201708311556/tools/compiler/bin/../lib/gcc/arm-none-eabi/6.3.1/thumb/v7-m/crtbegin.o
 *(.init)
 .init          0x08003394        0x4 c:/ac6/systemworkbench/plugins/fr.ac6.mcu.externaltools.arm-none.win32_1.15.0.201708311556/tools/compiler/bin/../lib/gcc/arm-none-eabi/6.3.1/thumb/v7-m/crti.o
                0x08003394                _init
 .init          0x08003398        0x8 c:/ac6/systemworkbench/plugins/fr.ac6.mcu.externaltools.arm-none.win32_1.15.0.201708311556/tools/compiler/bin/../lib/gcc/arm-none-eabi/6.3.1/thumb/v7-m/crtn.o
 *(.fini)
 .fini          0x080033a0        0x4 c:/ac6/systemworkbench/plugins/fr.ac6.mcu.externaltools.arm-none.win32_1.15.0.201708311556/tools/compiler/bin/../lib/gcc/arm-none-eabi/6.3.1/thumb/v7-m/crti.o
                0x080033a0                _fini
 .fini          0x080033a4        0x8 c:/ac6/systemworkbench/plugins/fr.ac6.mcu.externaltools.arm-none.win32_1.15.0.201708311556/tools/compiler/bin/../lib/gcc/arm-none-eabi/6.3.1/thumb/v7-m/crtn.o
                0x080033ac                . = ALIGN (0x4)
                0x080033ac                _etext = .

.vfp11_veneer   0x080033ac        0x0
 .vfp11_veneer  0x080033ac        0x0 linker stubs

.v4_bx          0x080033ac        0x0
 .v4_bx         0x080033ac        0x0 linker stubs

.iplt           0x080033ac        0x0
 .iplt          0x080033ac        0x0 c:/ac6/systemworkbench/plugins/fr.ac6.mcu.externaltools.arm-none.win32_1.15.0.201708311556/tools/compiler/bin/../lib/gcc/arm-none-eabi/6.3.1/thumb/v7-m/crtbegin.o

.rodata         0x080033ac      0x100
                0x080033ac                . = ALIGN (0x4)
 *(.rodata)
 .rodata        0x080033ac       0x7b Src/main.o
 *fill*         0x08003427        0x1 
 .rodata        0x08003428       0x24 Src/system_stm32l1xx.o
                0x08003428                PLLMulTable
                0x08003434                AHBPrescTable
                0x08003444                APBPrescTable
 *(.rodata*)
 .rodata.str1.4
                0x0800344c       0x60 Src/main.o
                                 0x63 (size before relaxing)
                0x080034ac                . = ALIGN (0x4)

.rel.dyn        0x080034ac        0x0
 .rel.iplt      0x080034ac        0x0 c:/ac6/systemworkbench/plugins/fr.ac6.mcu.externaltools.arm-none.win32_1.15.0.201708311556/tools/compiler/bin/../lib/gcc/arm-none-eabi/6.3.1/thumb/v7-m/crtbegin.o

.ARM.extab
 *(.ARM.extab* .gnu.linkonce.armextab.*)

.ARM            0x080034ac        0x0
                0x080034ac                __exidx_start = .
 *(.ARM.exidx*)
                0x080034ac                __exidx_end = .

.preinit_array  0x080034ac        0x0
                0x080034ac                PROVIDE (__preinit_array_start, .)
 *(.preinit_array*)
                0x080034ac                PROVIDE (__preinit_array_end, .)

.init_array     0x080034ac        0x4
                0x080034ac                PROVIDE (__init_array_start, .)
 *(SORT(.init_array.*))
 *(.init_array*)
 .init_array    0x080034ac        0x4 c:/ac6/systemworkbench/plugins/fr.ac6.mcu.externaltools.arm-none.win32_1.15.0.201708311556/tools/compiler/bin/../lib/gcc/arm-none-eabi/6.3.1/thumb/v7-m/crtbegin.o
                0x080034b0                PROVIDE (__init_array_end, .)

.fini_array     0x080034b0        0x4
                [!provide]                PROVIDE (__fini_array_start, .)
 *(SORT(.fini_array.*))
 *(.fini_array*)
 .fini_array    0x080034b0        0x4 c:/ac6/systemworkbench/plugins/fr.ac6.mcu.externaltools.arm-none.win32_1.15.0.201708311556/tools/compiler/bin/../lib/gcc/arm-none-eabi/6.3.1/thumb/v7-m/crtbegin.o
                [!provide]                PROVIDE (__fini_array_end, .)
                0x080034b4                _sidata = LOADADDR (.data)

.data           0x20000000        0x8 load address 0x080034b4
                0x20000000                . = ALIGN (0x4)
                0x20000000                _sdata = .
 *(.data)
 .data          0x20000000        0x4 Src/main.o
                0x20000000                notEnabled
 .data          0x20000004        0x4 Src/system_stm32l1xx.o
                0x20000004                SystemCoreClock
 *(.data*)
                0x20000008                . = ALIGN (0x4)
                0x20000008                _edata = .

.jcr            0x20000008        0x0 load address 0x080034bc
 .jcr           0x20000008        0x0 c:/ac6/systemworkbench/plugins/fr.ac6.mcu.externaltools.arm-none.win32_1.15.0.201708311556/tools/compiler/bin/../lib/gcc/arm-none-eabi/6.3.1/thumb/v7-m/crtbegin.o

.igot.plt       0x20000008        0x0 load address 0x080034bc
 .igot.plt      0x20000008        0x0 c:/ac6/systemworkbench/plugins/fr.ac6.mcu.externaltools.arm-none.win32_1.15.0.201708311556/tools/compiler/bin/../lib/gcc/arm-none-eabi/6.3.1/thumb/v7-m/crtbegin.o
                0x20000008                . = ALIGN (0x4)

.bss            0x20000008      0x150 load address 0x080034bc
                0x20000008                _sbss = .
                0x20000008                __bss_start__ = _sbss
 *(.bss)
 .bss           0x20000008       0x1c c:/ac6/systemworkbench/plugins/fr.ac6.mcu.externaltools.arm-none.win32_1.15.0.201708311556/tools/compiler/bin/../lib/gcc/arm-none-eabi/6.3.1/thumb/v7-m/crtbegin.o
 .bss           0x20000024        0x4 Src/main.o
                0x20000024                enableCompass
 *(.bss*)
 *(COMMON)
 COMMON         0x20000028        0x4 Drivers/STM32L1xx_HAL_Driver/Src/stm32l1xx_hal.o
                0x20000028                uwTick
 COMMON         0x2000002c       0x18 Drivers/STM32L1xx_HAL_Driver/Src/stm32l1xx_hal_flash.o
                0x2000002c                pFlash
 COMMON         0x20000044      0x114 Src/main.o
                0x20000044                huart3
                0x20000084                hi2c1
                0x200000d8                huart1
                0x20000118                huart2
                0x20000158                . = ALIGN (0x4)
                0x20000158                _ebss = .
                0x20000158                __bss_end__ = _ebss

._user_heap_stack
                0x20000158      0x600 load address 0x080034bc
                0x20000158                . = ALIGN (0x8)
                [!provide]                PROVIDE (end, .)
                [!provide]                PROVIDE (_end, .)
                0x20000358                . = (. + _Min_Heap_Size)
 *fill*         0x20000158      0x200 
                0x20000758                . = (. + _Min_Stack_Size)
 *fill*         0x20000358      0x400 
                0x20000758                . = ALIGN (0x8)

/DISCARD/
 libc.a(*)
 libm.a(*)
 libgcc.a(*)

.ARM.attributes
                0x00000000       0x29
 *(.ARM.attributes)
 .ARM.attributes
                0x00000000       0x1d c:/ac6/systemworkbench/plugins/fr.ac6.mcu.externaltools.arm-none.win32_1.15.0.201708311556/tools/compiler/bin/../lib/gcc/arm-none-eabi/6.3.1/thumb/v7-m/crti.o
 .ARM.attributes
                0x0000001d       0x2d c:/ac6/systemworkbench/plugins/fr.ac6.mcu.externaltools.arm-none.win32_1.15.0.201708311556/tools/compiler/bin/../lib/gcc/arm-none-eabi/6.3.1/thumb/v7-m/crtbegin.o
 .ARM.attributes
                0x0000004a       0x33 Drivers/STM32L1xx_HAL_Driver/Src/stm32l1xx_hal.o
 .ARM.attributes
                0x0000007d       0x33 Drivers/STM32L1xx_HAL_Driver/Src/stm32l1xx_hal_cortex.o
 .ARM.attributes
                0x000000b0       0x33 Drivers/STM32L1xx_HAL_Driver/Src/stm32l1xx_hal_dma.o
 .ARM.attributes
                0x000000e3       0x33 Drivers/STM32L1xx_HAL_Driver/Src/stm32l1xx_hal_flash.o
 .ARM.attributes
                0x00000116       0x33 Drivers/STM32L1xx_HAL_Driver/Src/stm32l1xx_hal_flash_ex.o
 .ARM.attributes
                0x00000149       0x33 Drivers/STM32L1xx_HAL_Driver/Src/stm32l1xx_hal_gpio.o
 .ARM.attributes
                0x0000017c       0x33 Drivers/STM32L1xx_HAL_Driver/Src/stm32l1xx_hal_i2c.o
 .ARM.attributes
                0x000001af       0x33 Drivers/STM32L1xx_HAL_Driver/Src/stm32l1xx_hal_pwr.o
 .ARM.attributes
                0x000001e2       0x33 Drivers/STM32L1xx_HAL_Driver/Src/stm32l1xx_hal_pwr_ex.o
 .ARM.attributes
                0x00000215       0x33 Drivers/STM32L1xx_HAL_Driver/Src/stm32l1xx_hal_rcc.o
 .ARM.attributes
                0x00000248       0x33 Drivers/STM32L1xx_HAL_Driver/Src/stm32l1xx_hal_uart.o
 .ARM.attributes
                0x0000027b       0x33 Src/main.o
 .ARM.attributes
                0x000002ae       0x33 Src/stm32l1xx_hal_msp.o
 .ARM.attributes
                0x000002e1       0x33 Src/stm32l1xx_it.o
 .ARM.attributes
                0x00000314       0x33 Src/system_stm32l1xx.o
 .ARM.attributes
                0x00000347       0x21 startup/startup_stm32l152xe.o
 .ARM.attributes
                0x00000368       0x2d c:/ac6/systemworkbench/plugins/fr.ac6.mcu.externaltools.arm-none.win32_1.15.0.201708311556/tools/compiler/bin/../lib/gcc/arm-none-eabi/6.3.1/../../../../arm-none-eabi/lib/thumb/v7-m\libc_nano.a(lib_a-init.o)
 .ARM.attributes
                0x00000395       0x1b c:/ac6/systemworkbench/plugins/fr.ac6.mcu.externaltools.arm-none.win32_1.15.0.201708311556/tools/compiler/bin/../lib/gcc/arm-none-eabi/6.3.1/../../../../arm-none-eabi/lib/thumb/v7-m\libc_nano.a(lib_a-strcmp.o)
 .ARM.attributes
                0x000003b0       0x1d c:/ac6/systemworkbench/plugins/fr.ac6.mcu.externaltools.arm-none.win32_1.15.0.201708311556/tools/compiler/bin/../lib/gcc/arm-none-eabi/6.3.1/thumb/v7-m/crtn.o
OUTPUT(GPSHAL LoRaWan.elf elf32-littlearm)

.debug_info     0x00000000    0x15066
 .debug_info    0x00000000      0xedb Drivers/STM32L1xx_HAL_Driver/Src/stm32l1xx_hal.o
 .debug_info    0x00000edb     0x16e9 Drivers/STM32L1xx_HAL_Driver/Src/stm32l1xx_hal_cortex.o
 .debug_info    0x000025c4     0x103a Drivers/STM32L1xx_HAL_Driver/Src/stm32l1xx_hal_dma.o
 .debug_info    0x000035fe      0xdf6 Drivers/STM32L1xx_HAL_Driver/Src/stm32l1xx_hal_flash.o
 .debug_info    0x000043f4     0x18f6 Drivers/STM32L1xx_HAL_Driver/Src/stm32l1xx_hal_flash_ex.o
 .debug_info    0x00005cea      0xeab Drivers/STM32L1xx_HAL_Driver/Src/stm32l1xx_hal_gpio.o
 .debug_info    0x00006b95     0x35a4 Drivers/STM32L1xx_HAL_Driver/Src/stm32l1xx_hal_i2c.o
 .debug_info    0x0000a139     0x106f Drivers/STM32L1xx_HAL_Driver/Src/stm32l1xx_hal_pwr.o
 .debug_info    0x0000b1a8      0xbeb Drivers/STM32L1xx_HAL_Driver/Src/stm32l1xx_hal_pwr_ex.o
 .debug_info    0x0000bd93     0x1ee1 Drivers/STM32L1xx_HAL_Driver/Src/stm32l1xx_hal_rcc.o
 .debug_info    0x0000dc74     0x1a2b Drivers/STM32L1xx_HAL_Driver/Src/stm32l1xx_hal_uart.o
 .debug_info    0x0000f69f     0x226e Src/main.o
 .debug_info    0x0001190d     0x188f Src/stm32l1xx_hal_msp.o
 .debug_info    0x0001319c     0x11d8 Src/stm32l1xx_it.o
 .debug_info    0x00014374      0xc7d Src/system_stm32l1xx.o
 .debug_info    0x00014ff1       0x75 startup/startup_stm32l152xe.o

.debug_abbrev   0x00000000     0x2a6a
 .debug_abbrev  0x00000000      0x2c7 Drivers/STM32L1xx_HAL_Driver/Src/stm32l1xx_hal.o
 .debug_abbrev  0x000002c7      0x3b8 Drivers/STM32L1xx_HAL_Driver/Src/stm32l1xx_hal_cortex.o
 .debug_abbrev  0x0000067f      0x2e3 Drivers/STM32L1xx_HAL_Driver/Src/stm32l1xx_hal_dma.o
 .debug_abbrev  0x00000962      0x309 Drivers/STM32L1xx_HAL_Driver/Src/stm32l1xx_hal_flash.o
 .debug_abbrev  0x00000c6b      0x340 Drivers/STM32L1xx_HAL_Driver/Src/stm32l1xx_hal_flash_ex.o
 .debug_abbrev  0x00000fab      0x2a5 Drivers/STM32L1xx_HAL_Driver/Src/stm32l1xx_hal_gpio.o
 .debug_abbrev  0x00001250      0x2e8 Drivers/STM32L1xx_HAL_Driver/Src/stm32l1xx_hal_i2c.o
 .debug_abbrev  0x00001538      0x2d8 Drivers/STM32L1xx_HAL_Driver/Src/stm32l1xx_hal_pwr.o
 .debug_abbrev  0x00001810      0x274 Drivers/STM32L1xx_HAL_Driver/Src/stm32l1xx_hal_pwr_ex.o
 .debug_abbrev  0x00001a84      0x350 Drivers/STM32L1xx_HAL_Driver/Src/stm32l1xx_hal_rcc.o
 .debug_abbrev  0x00001dd4      0x2fb Drivers/STM32L1xx_HAL_Driver/Src/stm32l1xx_hal_uart.o
 .debug_abbrev  0x000020cf      0x31b Src/main.o
 .debug_abbrev  0x000023ea      0x241 Src/stm32l1xx_hal_msp.o
 .debug_abbrev  0x0000262b      0x228 Src/stm32l1xx_it.o
 .debug_abbrev  0x00002853      0x205 Src/system_stm32l1xx.o
 .debug_abbrev  0x00002a58       0x12 startup/startup_stm32l152xe.o

.debug_loc      0x00000000     0x7255
 .debug_loc     0x00000000       0x6a Drivers/STM32L1xx_HAL_Driver/Src/stm32l1xx_hal.o
 .debug_loc     0x0000006a      0x5ce Drivers/STM32L1xx_HAL_Driver/Src/stm32l1xx_hal_cortex.o
 .debug_loc     0x00000638      0x708 Drivers/STM32L1xx_HAL_Driver/Src/stm32l1xx_hal_dma.o
 .debug_loc     0x00000d40      0x218 Drivers/STM32L1xx_HAL_Driver/Src/stm32l1xx_hal_flash.o
 .debug_loc     0x00000f58     0x1227 Drivers/STM32L1xx_HAL_Driver/Src/stm32l1xx_hal_flash_ex.o
 .debug_loc     0x0000217f      0x341 Drivers/STM32L1xx_HAL_Driver/Src/stm32l1xx_hal_gpio.o
 .debug_loc     0x000024c0     0x2985 Drivers/STM32L1xx_HAL_Driver/Src/stm32l1xx_hal_i2c.o
 .debug_loc     0x00004e45       0xfe Drivers/STM32L1xx_HAL_Driver/Src/stm32l1xx_hal_pwr.o
 .debug_loc     0x00004f43       0xac Drivers/STM32L1xx_HAL_Driver/Src/stm32l1xx_hal_pwr_ex.o
 .debug_loc     0x00004fef      0xb53 Drivers/STM32L1xx_HAL_Driver/Src/stm32l1xx_hal_rcc.o
 .debug_loc     0x00005b42     0x11b8 Drivers/STM32L1xx_HAL_Driver/Src/stm32l1xx_hal_uart.o
 .debug_loc     0x00006cfa      0x299 Src/main.o
 .debug_loc     0x00006f93      0x133 Src/stm32l1xx_hal_msp.o
 .debug_loc     0x000070c6      0x18f Src/system_stm32l1xx.o

.debug_aranges  0x00000000      0xaa0
 .debug_aranges
                0x00000000       0xb0 Drivers/STM32L1xx_HAL_Driver/Src/stm32l1xx_hal.o
 .debug_aranges
                0x000000b0       0xa8 Drivers/STM32L1xx_HAL_Driver/Src/stm32l1xx_hal_cortex.o
 .debug_aranges
                0x00000158       0x80 Drivers/STM32L1xx_HAL_Driver/Src/stm32l1xx_hal_dma.o
 .debug_aranges
                0x000001d8       0x80 Drivers/STM32L1xx_HAL_Driver/Src/stm32l1xx_hal_flash.o
 .debug_aranges
                0x00000258      0x110 Drivers/STM32L1xx_HAL_Driver/Src/stm32l1xx_hal_flash_ex.o
 .debug_aranges
                0x00000368       0x58 Drivers/STM32L1xx_HAL_Driver/Src/stm32l1xx_hal_gpio.o
 .debug_aranges
                0x000003c0      0x268 Drivers/STM32L1xx_HAL_Driver/Src/stm32l1xx_hal_i2c.o
 .debug_aranges
                0x00000628       0xa0 Drivers/STM32L1xx_HAL_Driver/Src/stm32l1xx_hal_pwr.o
 .debug_aranges
                0x000006c8       0x50 Drivers/STM32L1xx_HAL_Driver/Src/stm32l1xx_hal_pwr_ex.o
 .debug_aranges
                0x00000718       0x90 Drivers/STM32L1xx_HAL_Driver/Src/stm32l1xx_hal_rcc.o
 .debug_aranges
                0x000007a8      0x150 Drivers/STM32L1xx_HAL_Driver/Src/stm32l1xx_hal_uart.o
 .debug_aranges
                0x000008f8       0x80 Src/main.o
 .debug_aranges
                0x00000978       0x40 Src/stm32l1xx_hal_msp.o
 .debug_aranges
                0x000009b8       0x98 Src/stm32l1xx_it.o
 .debug_aranges
                0x00000a50       0x28 Src/system_stm32l1xx.o
 .debug_aranges
                0x00000a78       0x28 startup/startup_stm32l152xe.o

.debug_ranges   0x00000000      0xa38
 .debug_ranges  0x00000000       0xa0 Drivers/STM32L1xx_HAL_Driver/Src/stm32l1xx_hal.o
 .debug_ranges  0x000000a0       0xf8 Drivers/STM32L1xx_HAL_Driver/Src/stm32l1xx_hal_cortex.o
 .debug_ranges  0x00000198       0x70 Drivers/STM32L1xx_HAL_Driver/Src/stm32l1xx_hal_dma.o
 .debug_ranges  0x00000208       0x70 Drivers/STM32L1xx_HAL_Driver/Src/stm32l1xx_hal_flash.o
 .debug_ranges  0x00000278      0x100 Drivers/STM32L1xx_HAL_Driver/Src/stm32l1xx_hal_flash_ex.o
 .debug_ranges  0x00000378       0x48 Drivers/STM32L1xx_HAL_Driver/Src/stm32l1xx_hal_gpio.o
 .debug_ranges  0x000003c0      0x258 Drivers/STM32L1xx_HAL_Driver/Src/stm32l1xx_hal_i2c.o
 .debug_ranges  0x00000618       0x90 Drivers/STM32L1xx_HAL_Driver/Src/stm32l1xx_hal_pwr.o
 .debug_ranges  0x000006a8       0x40 Drivers/STM32L1xx_HAL_Driver/Src/stm32l1xx_hal_pwr_ex.o
 .debug_ranges  0x000006e8       0x98 Drivers/STM32L1xx_HAL_Driver/Src/stm32l1xx_hal_rcc.o
 .debug_ranges  0x00000780      0x140 Drivers/STM32L1xx_HAL_Driver/Src/stm32l1xx_hal_uart.o
 .debug_ranges  0x000008c0       0x88 Src/main.o
 .debug_ranges  0x00000948       0x30 Src/stm32l1xx_hal_msp.o
 .debug_ranges  0x00000978       0x88 Src/stm32l1xx_it.o
 .debug_ranges  0x00000a00       0x18 Src/system_stm32l1xx.o
 .debug_ranges  0x00000a18       0x20 startup/startup_stm32l152xe.o

.debug_macro    0x00000000    0x170f9
 .debug_macro   0x00000000      0x305 Drivers/STM32L1xx_HAL_Driver/Src/stm32l1xx_hal.o
 .debug_macro   0x00000305      0x8bc Drivers/STM32L1xx_HAL_Driver/Src/stm32l1xx_hal.o
 .debug_macro   0x00000bc1       0x10 Drivers/STM32L1xx_HAL_Driver/Src/stm32l1xx_hal.o
 .debug_macro   0x00000bd1       0x88 Drivers/STM32L1xx_HAL_Driver/Src/stm32l1xx_hal.o
 .debug_macro   0x00000c59       0x2e Drivers/STM32L1xx_HAL_Driver/Src/stm32l1xx_hal.o
 .debug_macro   0x00000c87       0x22 Drivers/STM32L1xx_HAL_Driver/Src/stm32l1xx_hal.o
 .debug_macro   0x00000ca9       0x22 Drivers/STM32L1xx_HAL_Driver/Src/stm32l1xx_hal.o
 .debug_macro   0x00000ccb       0x87 Drivers/STM32L1xx_HAL_Driver/Src/stm32l1xx_hal.o
 .debug_macro   0x00000d52       0x51 Drivers/STM32L1xx_HAL_Driver/Src/stm32l1xx_hal.o
 .debug_macro   0x00000da3       0xef Drivers/STM32L1xx_HAL_Driver/Src/stm32l1xx_hal.o
 .debug_macro   0x00000e92       0x6a Drivers/STM32L1xx_HAL_Driver/Src/stm32l1xx_hal.o
 .debug_macro   0x00000efc      0x1df Drivers/STM32L1xx_HAL_Driver/Src/stm32l1xx_hal.o
 .debug_macro   0x000010db       0x34 Drivers/STM32L1xx_HAL_Driver/Src/stm32l1xx_hal.o
 .debug_macro   0x0000110f       0x34 Drivers/STM32L1xx_HAL_Driver/Src/stm32l1xx_hal.o
 .debug_macro   0x00001143      0xcb4 Drivers/STM32L1xx_HAL_Driver/Src/stm32l1xx_hal.o
 .debug_macro   0x00001df7     0xbeb6 Drivers/STM32L1xx_HAL_Driver/Src/stm32l1xx_hal.o
 .debug_macro   0x0000dcad       0x43 Drivers/STM32L1xx_HAL_Driver/Src/stm32l1xx_hal.o
 .debug_macro   0x0000dcf0     0x342b Drivers/STM32L1xx_HAL_Driver/Src/stm32l1xx_hal.o
 .debug_macro   0x0001111b       0x58 Drivers/STM32L1xx_HAL_Driver/Src/stm32l1xx_hal.o
 .debug_macro   0x00011173       0x35 Drivers/STM32L1xx_HAL_Driver/Src/stm32l1xx_hal.o
 .debug_macro   0x000111a8       0x9c Drivers/STM32L1xx_HAL_Driver/Src/stm32l1xx_hal.o
 .debug_macro   0x00011244       0x16 Drivers/STM32L1xx_HAL_Driver/Src/stm32l1xx_hal.o
 .debug_macro   0x0001125a       0x97 Drivers/STM32L1xx_HAL_Driver/Src/stm32l1xx_hal.o
 .debug_macro   0x000112f1      0x330 Drivers/STM32L1xx_HAL_Driver/Src/stm32l1xx_hal.o
 .debug_macro   0x00011621       0xfd Drivers/STM32L1xx_HAL_Driver/Src/stm32l1xx_hal.o
 .debug_macro   0x0001171e       0x10 Drivers/STM32L1xx_HAL_Driver/Src/stm32l1xx_hal.o
 .debug_macro   0x0001172e       0x58 Drivers/STM32L1xx_HAL_Driver/Src/stm32l1xx_hal.o
 .debug_macro   0x00011786       0x1f Drivers/STM32L1xx_HAL_Driver/Src/stm32l1xx_hal.o
 .debug_macro   0x000117a5       0x43 Drivers/STM32L1xx_HAL_Driver/Src/stm32l1xx_hal.o
 .debug_macro   0x000117e8       0x20 Drivers/STM32L1xx_HAL_Driver/Src/stm32l1xx_hal.o
 .debug_macro   0x00011808      0x187 Drivers/STM32L1xx_HAL_Driver/Src/stm32l1xx_hal.o
 .debug_macro   0x0001198f       0x10 Drivers/STM32L1xx_HAL_Driver/Src/stm32l1xx_hal.o
 .debug_macro   0x0001199f       0x1c Drivers/STM32L1xx_HAL_Driver/Src/stm32l1xx_hal.o
 .debug_macro   0x000119bb       0x52 Drivers/STM32L1xx_HAL_Driver/Src/stm32l1xx_hal.o
 .debug_macro   0x00011a0d       0x40 Drivers/STM32L1xx_HAL_Driver/Src/stm32l1xx_hal.o
 .debug_macro   0x00011a4d       0x10 Drivers/STM32L1xx_HAL_Driver/Src/stm32l1xx_hal.o
 .debug_macro   0x00011a5d       0x40 Drivers/STM32L1xx_HAL_Driver/Src/stm32l1xx_hal.o
 .debug_macro   0x00011a9d       0xd7 Drivers/STM32L1xx_HAL_Driver/Src/stm32l1xx_hal.o
 .debug_macro   0x00011b74       0x16 Drivers/STM32L1xx_HAL_Driver/Src/stm32l1xx_hal.o
 .debug_macro   0x00011b8a      0x18b Drivers/STM32L1xx_HAL_Driver/Src/stm32l1xx_hal.o
 .debug_macro   0x00011d15       0x50 Drivers/STM32L1xx_HAL_Driver/Src/stm32l1xx_hal.o
 .debug_macro   0x00011d65      0xe3e Drivers/STM32L1xx_HAL_Driver/Src/stm32l1xx_hal.o
 .debug_macro   0x00012ba3      0x363 Drivers/STM32L1xx_HAL_Driver/Src/stm32l1xx_hal.o
 .debug_macro   0x00012f06      0x141 Drivers/STM32L1xx_HAL_Driver/Src/stm32l1xx_hal.o
 .debug_macro   0x00013047       0xc6 Drivers/STM32L1xx_HAL_Driver/Src/stm32l1xx_hal.o
 .debug_macro   0x0001310d      0x25d Drivers/STM32L1xx_HAL_Driver/Src/stm32l1xx_hal.o
 .debug_macro   0x0001336a      0x23a Drivers/STM32L1xx_HAL_Driver/Src/stm32l1xx_hal.o
 .debug_macro   0x000135a4      0x113 Drivers/STM32L1xx_HAL_Driver/Src/stm32l1xx_hal.o
 .debug_macro   0x000136b7      0x56c Drivers/STM32L1xx_HAL_Driver/Src/stm32l1xx_hal.o
 .debug_macro   0x00013c23      0x225 Drivers/STM32L1xx_HAL_Driver/Src/stm32l1xx_hal.o
 .debug_macro   0x00013e48      0x1ed Drivers/STM32L1xx_HAL_Driver/Src/stm32l1xx_hal.o
 .debug_macro   0x00014035       0x22 Drivers/STM32L1xx_HAL_Driver/Src/stm32l1xx_hal.o
 .debug_macro   0x00014057      0x287 Drivers/STM32L1xx_HAL_Driver/Src/stm32l1xx_hal.o
 .debug_macro   0x000142de      0x470 Drivers/STM32L1xx_HAL_Driver/Src/stm32l1xx_hal.o
 .debug_macro   0x0001474e      0x2e1 Drivers/STM32L1xx_HAL_Driver/Src/stm32l1xx_hal_cortex.o
 .debug_macro   0x00014a2f      0x2e1 Drivers/STM32L1xx_HAL_Driver/Src/stm32l1xx_hal_dma.o
 .debug_macro   0x00014d10      0x2e2 Drivers/STM32L1xx_HAL_Driver/Src/stm32l1xx_hal_flash.o
 .debug_macro   0x00014ff2      0x2e1 Drivers/STM32L1xx_HAL_Driver/Src/stm32l1xx_hal_flash_ex.o
 .debug_macro   0x000152d3      0x31a Drivers/STM32L1xx_HAL_Driver/Src/stm32l1xx_hal_gpio.o
 .debug_macro   0x000155ed      0x32f Drivers/STM32L1xx_HAL_Driver/Src/stm32l1xx_hal_i2c.o
 .debug_macro   0x0001591c      0x2f9 Drivers/STM32L1xx_HAL_Driver/Src/stm32l1xx_hal_pwr.o
 .debug_macro   0x00015c15      0x2e1 Drivers/STM32L1xx_HAL_Driver/Src/stm32l1xx_hal_pwr_ex.o
 .debug_macro   0x00015ef6      0x31d Drivers/STM32L1xx_HAL_Driver/Src/stm32l1xx_hal_rcc.o
 .debug_macro   0x00016213      0x2e2 Drivers/STM32L1xx_HAL_Driver/Src/stm32l1xx_hal_uart.o
 .debug_macro   0x000164f5      0x306 Src/main.o
 .debug_macro   0x000167fb       0x16 Src/main.o
 .debug_macro   0x00016811       0x35 Src/main.o
 .debug_macro   0x00016846      0x2e1 Src/stm32l1xx_hal_msp.o
 .debug_macro   0x00016b27      0x2eb Src/stm32l1xx_it.o
 .debug_macro   0x00016e12      0x2e7 Src/system_stm32l1xx.o

.debug_line     0x00000000     0xa210
 .debug_line    0x00000000      0x8cb Drivers/STM32L1xx_HAL_Driver/Src/stm32l1xx_hal.o
 .debug_line    0x000008cb      0x987 Drivers/STM32L1xx_HAL_Driver/Src/stm32l1xx_hal_cortex.o
 .debug_line    0x00001252      0x9b8 Drivers/STM32L1xx_HAL_Driver/Src/stm32l1xx_hal_dma.o
 .debug_line    0x00001c0a      0x91f Drivers/STM32L1xx_HAL_Driver/Src/stm32l1xx_hal_flash.o
 .debug_line    0x00002529      0xb62 Drivers/STM32L1xx_HAL_Driver/Src/stm32l1xx_hal_flash_ex.o
 .debug_line    0x0000308b      0x8e8 Drivers/STM32L1xx_HAL_Driver/Src/stm32l1xx_hal_gpio.o
 .debug_line    0x00003973     0x1921 Drivers/STM32L1xx_HAL_Driver/Src/stm32l1xx_hal_i2c.o
 .debug_line    0x00005294      0x916 Drivers/STM32L1xx_HAL_Driver/Src/stm32l1xx_hal_pwr.o
 .debug_line    0x00005baa      0x84e Drivers/STM32L1xx_HAL_Driver/Src/stm32l1xx_hal_pwr_ex.o
 .debug_line    0x000063f8      0xd7a Drivers/STM32L1xx_HAL_Driver/Src/stm32l1xx_hal_rcc.o
 .debug_line    0x00007172      0xe53 Drivers/STM32L1xx_HAL_Driver/Src/stm32l1xx_hal_uart.o
 .debug_line    0x00007fc5      0x9ad Src/main.o
 .debug_line    0x00008972      0x814 Src/stm32l1xx_hal_msp.o
 .debug_line    0x00009186      0x871 Src/stm32l1xx_it.o
 .debug_line    0x000099f7      0x79c Src/system_stm32l1xx.o
 .debug_line    0x0000a193       0x7d startup/startup_stm32l152xe.o

.debug_str      0x00000000    0x87253
 .debug_str     0x00000000    0x842e3 Drivers/STM32L1xx_HAL_Driver/Src/stm32l1xx_hal.o
                              0x84675 (size before relaxing)
 .debug_str     0x000842e3      0x3e0 Drivers/STM32L1xx_HAL_Driver/Src/stm32l1xx_hal_cortex.o
                              0x847c0 (size before relaxing)
 .debug_str     0x000846c3      0x3cd Drivers/STM32L1xx_HAL_Driver/Src/stm32l1xx_hal_dma.o
                              0x84363 (size before relaxing)
 .debug_str     0x00084a90      0x25f Drivers/STM32L1xx_HAL_Driver/Src/stm32l1xx_hal_flash.o
                              0x841fa (size before relaxing)
 .debug_str     0x00084cef      0x4e8 Drivers/STM32L1xx_HAL_Driver/Src/stm32l1xx_hal_flash_ex.o
                              0x84634 (size before relaxing)
 .debug_str     0x000851d7      0x284 Drivers/STM32L1xx_HAL_Driver/Src/stm32l1xx_hal_gpio.o
                              0x84243 (size before relaxing)
 .debug_str     0x0008545b      0xcb7 Drivers/STM32L1xx_HAL_Driver/Src/stm32l1xx_hal_i2c.o
                              0x84e69 (size before relaxing)
 .debug_str     0x00086112      0x28b Drivers/STM32L1xx_HAL_Driver/Src/stm32l1xx_hal_pwr.o
                              0x84289 (size before relaxing)
 .debug_str     0x0008639d      0x10a Drivers/STM32L1xx_HAL_Driver/Src/stm32l1xx_hal_pwr_ex.o
                              0x84056 (size before relaxing)
 .debug_str     0x000864a7      0x4d7 Drivers/STM32L1xx_HAL_Driver/Src/stm32l1xx_hal_rcc.o
                              0x845c6 (size before relaxing)
 .debug_str     0x0008697e      0x50a Drivers/STM32L1xx_HAL_Driver/Src/stm32l1xx_hal_uart.o
                              0x846e4 (size before relaxing)
 .debug_str     0x00086e88      0x21b Src/main.o
                              0x84e3c (size before relaxing)
 .debug_str     0x000870a3       0x1b Src/stm32l1xx_hal_msp.o
                              0x849ed (size before relaxing)
 .debug_str     0x000870be      0x123 Src/stm32l1xx_it.o
                              0x84694 (size before relaxing)
 .debug_str     0x000871e1       0x72 Src/system_stm32l1xx.o
                              0x8401a (size before relaxing)

.comment        0x00000000       0x7f
 .comment       0x00000000       0x7f Drivers/STM32L1xx_HAL_Driver/Src/stm32l1xx_hal.o
                                 0x80 (size before relaxing)
 .comment       0x0000007f       0x80 Drivers/STM32L1xx_HAL_Driver/Src/stm32l1xx_hal_cortex.o
 .comment       0x0000007f       0x80 Drivers/STM32L1xx_HAL_Driver/Src/stm32l1xx_hal_dma.o
 .comment       0x0000007f       0x80 Drivers/STM32L1xx_HAL_Driver/Src/stm32l1xx_hal_flash.o
 .comment       0x0000007f       0x80 Drivers/STM32L1xx_HAL_Driver/Src/stm32l1xx_hal_flash_ex.o
 .comment       0x0000007f       0x80 Drivers/STM32L1xx_HAL_Driver/Src/stm32l1xx_hal_gpio.o
 .comment       0x0000007f       0x80 Drivers/STM32L1xx_HAL_Driver/Src/stm32l1xx_hal_i2c.o
 .comment       0x0000007f       0x80 Drivers/STM32L1xx_HAL_Driver/Src/stm32l1xx_hal_pwr.o
 .comment       0x0000007f       0x80 Drivers/STM32L1xx_HAL_Driver/Src/stm32l1xx_hal_pwr_ex.o
 .comment       0x0000007f       0x80 Drivers/STM32L1xx_HAL_Driver/Src/stm32l1xx_hal_rcc.o
 .comment       0x0000007f       0x80 Drivers/STM32L1xx_HAL_Driver/Src/stm32l1xx_hal_uart.o
 .comment       0x0000007f       0x80 Src/main.o
 .comment       0x0000007f       0x80 Src/stm32l1xx_hal_msp.o
 .comment       0x0000007f       0x80 Src/stm32l1xx_it.o
 .comment       0x0000007f       0x80 Src/system_stm32l1xx.o

.debug_frame    0x00000000     0x1b88
 .debug_frame   0x00000000      0x168 Drivers/STM32L1xx_HAL_Driver/Src/stm32l1xx_hal.o
 .debug_frame   0x00000168      0x15c Drivers/STM32L1xx_HAL_Driver/Src/stm32l1xx_hal_cortex.o
 .debug_frame   0x000002c4      0x154 Drivers/STM32L1xx_HAL_Driver/Src/stm32l1xx_hal_dma.o
 .debug_frame   0x00000418      0x11c Drivers/STM32L1xx_HAL_Driver/Src/stm32l1xx_hal_flash.o
 .debug_frame   0x00000534      0x2d0 Drivers/STM32L1xx_HAL_Driver/Src/stm32l1xx_hal_flash_ex.o
 .debug_frame   0x00000804       0xd0 Drivers/STM32L1xx_HAL_Driver/Src/stm32l1xx_hal_gpio.o
 .debug_frame   0x000008d4      0x834 Drivers/STM32L1xx_HAL_Driver/Src/stm32l1xx_hal_i2c.o
 .debug_frame   0x00001108      0x128 Drivers/STM32L1xx_HAL_Driver/Src/stm32l1xx_hal_pwr.o
 .debug_frame   0x00001230       0x80 Drivers/STM32L1xx_HAL_Driver/Src/stm32l1xx_hal_pwr_ex.o
 .debug_frame   0x000012b0      0x168 Drivers/STM32L1xx_HAL_Driver/Src/stm32l1xx_hal_rcc.o
 .debug_frame   0x00001418      0x388 Drivers/STM32L1xx_HAL_Driver/Src/stm32l1xx_hal_uart.o
 .debug_frame   0x000017a0      0x18c Src/main.o
 .debug_frame   0x0000192c       0x98 Src/stm32l1xx_hal_msp.o
 .debug_frame   0x000019c4      0x148 Src/stm32l1xx_it.o
 .debug_frame   0x00001b0c       0x30 Src/system_stm32l1xx.o
 .debug_frame   0x00001b3c       0x2c c:/ac6/systemworkbench/plugins/fr.ac6.mcu.externaltools.arm-none.win32_1.15.0.201708311556/tools/compiler/bin/../lib/gcc/arm-none-eabi/6.3.1/../../../../arm-none-eabi/lib/thumb/v7-m\libc_nano.a(lib_a-init.o)
 .debug_frame   0x00001b68       0x20 c:/ac6/systemworkbench/plugins/fr.ac6.mcu.externaltools.arm-none.win32_1.15.0.201708311556/tools/compiler/bin/../lib/gcc/arm-none-eabi/6.3.1/../../../../arm-none-eabi/lib/thumb/v7-m\libc_nano.a(lib_a-strcmp.o)
