Archive member included to satisfy reference by file (symbol)

c:/program files (x86)/gnu tools arm embedded/6 2017-q2-update/bin/../lib/gcc/arm-none-eabi/6.3.1/thumb/v7-m\libgcc.a(unwind-arm.o)
                              ./system/src/newlib/_cxx.o (__aeabi_unwind_cpp_pr1)
c:/program files (x86)/gnu tools arm embedded/6 2017-q2-update/bin/../lib/gcc/arm-none-eabi/6.3.1/thumb/v7-m\libgcc.a(libunwind.o)
                              c:/program files (x86)/gnu tools arm embedded/6 2017-q2-update/bin/../lib/gcc/arm-none-eabi/6.3.1/thumb/v7-m\libgcc.a(unwind-arm.o) (restore_core_regs)
c:/program files (x86)/gnu tools arm embedded/6 2017-q2-update/bin/../lib/gcc/arm-none-eabi/6.3.1/thumb/v7-m\libgcc.a(pr-support.o)
                              c:/program files (x86)/gnu tools arm embedded/6 2017-q2-update/bin/../lib/gcc/arm-none-eabi/6.3.1/thumb/v7-m\libgcc.a(unwind-arm.o) (__gnu_unwind_execute)
c:/program files (x86)/gnu tools arm embedded/6 2017-q2-update/bin/../lib/gcc/arm-none-eabi/6.3.1/../../../../arm-none-eabi/lib/thumb/v7-m\libg_nano.a(lib_a-errno.o)
                              ./system/src/newlib/_sbrk.o (__errno)
c:/program files (x86)/gnu tools arm embedded/6 2017-q2-update/bin/../lib/gcc/arm-none-eabi/6.3.1/../../../../arm-none-eabi/lib/thumb/v7-m\libg_nano.a(lib_a-impure.o)
                              c:/program files (x86)/gnu tools arm embedded/6 2017-q2-update/bin/../lib/gcc/arm-none-eabi/6.3.1/../../../../arm-none-eabi/lib/thumb/v7-m\libg_nano.a(lib_a-errno.o) (_impure_ptr)
c:/program files (x86)/gnu tools arm embedded/6 2017-q2-update/bin/../lib/gcc/arm-none-eabi/6.3.1/../../../../arm-none-eabi/lib/thumb/v7-m\libg_nano.a(lib_a-init.o)
                              ./system/src/cmsis/startup_stm32l152xe.o (__libc_init_array)
c:/program files (x86)/gnu tools arm embedded/6 2017-q2-update/bin/../lib/gcc/arm-none-eabi/6.3.1/../../../../arm-none-eabi/lib/thumb/v7-m\libg_nano.a(lib_a-memcpy-stub.o)
                              c:/program files (x86)/gnu tools arm embedded/6 2017-q2-update/bin/../lib/gcc/arm-none-eabi/6.3.1/thumb/v7-m\libgcc.a(unwind-arm.o) (memcpy)
c:/program files (x86)/gnu tools arm embedded/6 2017-q2-update/bin/../lib/gcc/arm-none-eabi/6.3.1/../../../../arm-none-eabi/lib/thumb/v7-m\libg_nano.a(lib_a-strcmp.o)
                              ./src/main.o (strcmp)
c:/program files (x86)/gnu tools arm embedded/6 2017-q2-update/bin/../lib/gcc/arm-none-eabi/6.3.1/../../../../arm-none-eabi/lib/thumb/v7-m\libg_nano.a(lib_a-strlen.o)
                              ./system/src/diag/Trace.o (strlen)
c:/program files (x86)/gnu tools arm embedded/6 2017-q2-update/bin/../lib/gcc/arm-none-eabi/6.3.1/../../../../arm-none-eabi/lib/thumb/v7-m\libg_nano.a(lib_a-vsnprintf.o)
                              ./system/src/diag/Trace.o (vsnprintf)
c:/program files (x86)/gnu tools arm embedded/6 2017-q2-update/bin/../lib/gcc/arm-none-eabi/6.3.1/../../../../arm-none-eabi/lib/thumb/v7-m\libg_nano.a(lib_a-nano-svfprintf.o)
                              c:/program files (x86)/gnu tools arm embedded/6 2017-q2-update/bin/../lib/gcc/arm-none-eabi/6.3.1/../../../../arm-none-eabi/lib/thumb/v7-m\libg_nano.a(lib_a-vsnprintf.o) (_svfprintf_r)
c:/program files (x86)/gnu tools arm embedded/6 2017-q2-update/bin/../lib/gcc/arm-none-eabi/6.3.1/../../../../arm-none-eabi/lib/thumb/v7-m\libg_nano.a(lib_a-nano-vfprintf_i.o)
                              c:/program files (x86)/gnu tools arm embedded/6 2017-q2-update/bin/../lib/gcc/arm-none-eabi/6.3.1/../../../../arm-none-eabi/lib/thumb/v7-m\libg_nano.a(lib_a-nano-svfprintf.o) (_printf_i)
c:/program files (x86)/gnu tools arm embedded/6 2017-q2-update/bin/../lib/gcc/arm-none-eabi/6.3.1/../../../../arm-none-eabi/lib/thumb/v7-m\libg_nano.a(lib_a-memchr-stub.o)
                              c:/program files (x86)/gnu tools arm embedded/6 2017-q2-update/bin/../lib/gcc/arm-none-eabi/6.3.1/../../../../arm-none-eabi/lib/thumb/v7-m\libg_nano.a(lib_a-nano-svfprintf.o) (memchr)
c:/program files (x86)/gnu tools arm embedded/6 2017-q2-update/bin/../lib/gcc/arm-none-eabi/6.3.1/../../../../arm-none-eabi/lib/thumb/v7-m\libg_nano.a(lib_a-memmove.o)
                              c:/program files (x86)/gnu tools arm embedded/6 2017-q2-update/bin/../lib/gcc/arm-none-eabi/6.3.1/../../../../arm-none-eabi/lib/thumb/v7-m\libg_nano.a(lib_a-nano-svfprintf.o) (memmove)
c:/program files (x86)/gnu tools arm embedded/6 2017-q2-update/bin/../lib/gcc/arm-none-eabi/6.3.1/../../../../arm-none-eabi/lib/thumb/v7-m\libg_nano.a(lib_a-nano-freer.o)
                              c:/program files (x86)/gnu tools arm embedded/6 2017-q2-update/bin/../lib/gcc/arm-none-eabi/6.3.1/../../../../arm-none-eabi/lib/thumb/v7-m\libg_nano.a(lib_a-nano-svfprintf.o) (_free_r)
c:/program files (x86)/gnu tools arm embedded/6 2017-q2-update/bin/../lib/gcc/arm-none-eabi/6.3.1/../../../../arm-none-eabi/lib/thumb/v7-m\libg_nano.a(lib_a-nano-mallocr.o)
[...]
Memory Configuration

Name             Origin             Length             Attributes
FLASH            0x08000000         0x00080000         xr
RAM              0x20000000         0x00014000         xrw
CCMRAM           0x10000000         0x00000000         xrw
FLASHB1          0x00000000         0x00000000         xr
EXTMEMB0         0x00000000         0x00000000         xr
EXTMEMB1         0x00000000         0x00000000         xr
EXTMEMB2         0x00000000         0x00000000         xr
EXTMEMB3         0x00000000         0x00000000         xr
*default*        0x00000000         0xffffffff

Linker script and memory map

LOAD ./system/src/stm32l1xx/stm32l1xx_hal.o
LOAD ./system/src/stm32l1xx/stm32l1xx_hal_cortex.o
LOAD ./system/src/stm32l1xx/stm32l1xx_hal_dma.o
LOAD ./system/src/stm32l1xx/stm32l1xx_hal_flash.o
LOAD ./system/src/stm32l1xx/stm32l1xx_hal_flash_ex.o
LOAD ./system/src/stm32l1xx/stm32l1xx_hal_flash_ramfunc.o
LOAD ./system/src/stm32l1xx/stm32l1xx_hal_gpio.o
LOAD ./system/src/stm32l1xx/stm32l1xx_hal_i2c.o
LOAD ./system/src/stm32l1xx/stm32l1xx_hal_pwr.o
LOAD ./system/src/stm32l1xx/stm32l1xx_hal_pwr_ex.o
LOAD ./system/src/stm32l1xx/stm32l1xx_hal_rcc.o
LOAD ./system/src/stm32l1xx/stm32l1xx_hal_rcc_ex.o
LOAD ./system/src/stm32l1xx/stm32l1xx_hal_tim.o
LOAD ./system/src/stm32l1xx/stm32l1xx_hal_tim_ex.o
LOAD ./system/src/stm32l1xx/stm32l1xx_hal_uart.o
LOAD ./system/src/newlib/_cxx.o
LOAD ./system/src/newlib/_exit.o
LOAD ./system/src/newlib/_sbrk.o
LOAD ./system/src/newlib/_startup.o
LOAD ./system/src/newlib/_syscalls.o
LOAD ./system/src/newlib/assert.o
LOAD ./system/src/diag/Trace.o
LOAD ./system/src/diag/trace_impl.o
LOAD ./system/src/cortexm/_initialize_hardware.o
LOAD ./system/src/cortexm/_reset_hardware.o
LOAD ./system/src/cortexm/exception_handlers.o
LOAD ./system/src/cmsis/startup_stm32l152xe.o
LOAD ./system/src/cmsis/system_stm32l1xx.o
LOAD ./src/main.o
LOAD ./src/stm32l1xx_hal_msp.o
LOAD ./src/stm32l1xx_it.o
LOAD c:/program files (x86)/gnu tools arm embedded/6 2017-q2-update/bin/../lib/gcc/arm-none-eabi/6.3.1/../../../../arm-none-eabi/lib/thumb/v7-m\libstdc++_nano.a
LOAD c:/program files (x86)/gnu tools arm embedded/6 2017-q2-update/bin/../lib/gcc/arm-none-eabi/6.3.1/../../../../arm-none-eabi/lib/thumb/v7-m\libm.a
START GROUP
LOAD c:/program files (x86)/gnu tools arm embedded/6 2017-q2-update/bin/../lib/gcc/arm-none-eabi/6.3.1/thumb/v7-m\libgcc.a
LOAD c:/program files (x86)/gnu tools arm embedded/6 2017-q2-update/bin/../lib/gcc/arm-none-eabi/6.3.1/../../../../arm-none-eabi/lib/thumb/v7-m\libg_nano.a
LOAD c:/program files (x86)/gnu tools arm embedded/6 2017-q2-update/bin/../lib/gcc/arm-none-eabi/6.3.1/../../../../arm-none-eabi/lib/thumb/v7-m\libc_nano.a
END GROUP
START GROUP
LOAD c:/program files (x86)/gnu tools arm embedded/6 2017-q2-update/bin/../lib/gcc/arm-none-eabi/6.3.1/thumb/v7-m\libgcc.a
LOAD c:/program files (x86)/gnu tools arm embedded/6 2017-q2-update/bin/../lib/gcc/arm-none-eabi/6.3.1/../../../../arm-none-eabi/lib/thumb/v7-m\libc_nano.a
END GROUP
                0x20014000                __stack = (ORIGIN (RAM) + LENGTH (RAM))
                0x20014000                _estack = __stack
                0x00000400                __Main_Stack_Size = 0x400
                [!provide]                PROVIDE (_Main_Stack_Size, __Main_Stack_Size)
                0x20013c00                __Main_Stack_Limit = (__stack - __Main_Stack_Size)
                [!provide]                PROVIDE (_Main_Stack_Limit, __Main_Stack_Limit)
                0x00000100                _Minimum_Stack_Size = 0x100
                0x2000022c                PROVIDE (_Heap_Begin, _end_noinit)
                0x20013c00                PROVIDE (_Heap_Limit, (__stack - __Main_Stack_Size))

.isr_vector     0x08000000      0x354
 FILL mask 0xff
                0x08000000                __vectors_start = ABSOLUTE (.)
                0x08000000                __vectors_start__ = ABSOLUTE (.)
 *(.isr_vector)
 .isr_vector    0x08000000      0x13c ./system/src/cmsis/startup_stm32l152xe.o
                0x08000000                g_pfnVectors
 *(.cfmconfig)
 *(.after_vectors .after_vectors.*)
 .after_vectors
                0x0800013c      0x114 ./system/src/newlib/_startup.o
                0x0800013c                _start
 .after_vectors
                0x08000250      0x104 ./system/src/cortexm/exception_handlers.o
                0x08000250                Reset_Handler
                0x08000270                HardFault_Handler_C
                0x080002bc                BusFault_Handler_C
                0x08000304                UsageFault_Handler_C

.inits          0x08000354       0x28
                0x08000354                __data_regions_array_start = .
                0x08000354        0x4 LONG 0x8002f9c LOADADDR (.data)
                0x08000358        0x4 LONG 0x20000000 ADDR (.data)
                0x0800035c        0x4 LONG 0x20000078 (ADDR (.data) + SIZEOF (.data))
                0x08000360        0x4 LONG 0x8002f9c LOADADDR (.data_CCMRAM)
                0x08000364        0x4 LONG 0x10000000 ADDR (.data_CCMRAM)
                0x08000368        0x4 LONG 0x10000000 (ADDR (.data_CCMRAM) + SIZEOF (.data_CCMRAM))
                0x0800036c                __data_regions_array_end = .
                0x0800036c                __bss_regions_array_start = .
                0x0800036c        0x4 LONG 0x20000078 ADDR (.bss)
                0x08000370        0x4 LONG 0x2000022c (ADDR (.bss) + SIZEOF (.bss))
                0x08000374        0x4 LONG 0x10000000 ADDR (.bss_CCMRAM)
                0x08000378        0x4 LONG 0x10000000 (ADDR (.bss_CCMRAM) + SIZEOF (.bss_CCMRAM))
                0x0800037c                __bss_regions_array_end = .
 *(.init)
 *(.fini)
                0x0800037c                . = ALIGN (0x4)
                0x0800037c                PROVIDE (__preinit_array_start, .)
 *(.preinit_array_sysinit .preinit_array_sysinit.*)
 *(.preinit_array_platform .preinit_array_platform.*)
 *(.preinit_array .preinit_array.*)
                0x0800037c                PROVIDE (__preinit_array_end, .)
                0x0800037c                . = ALIGN (0x4)
                0x0800037c                PROVIDE (__init_array_start, .)
 *(SORT(.init_array.*))
 *(.init_array)
                0x0800037c                PROVIDE (__init_array_end, .)
                0x0800037c                . = ALIGN (0x4)
                0x0800037c                PROVIDE (__fini_array_start, .)
 *(SORT(.fini_array.*))
 *(.fini_array)
                0x0800037c                PROVIDE (__fini_array_end, .)

.flashtext
 *(.flashtext .flashtext.*)

.text           0x0800037c     0x2c1f
 *(.text .text.*)
 .text.HAL_InitTick
                0x0800037c       0x2c ./system/src/stm32l1xx/stm32l1xx_hal.o
                0x0800037c                HAL_InitTick
 .text.HAL_Init
                0x080003a8       0x18 ./system/src/stm32l1xx/stm32l1xx_hal.o
                0x080003a8                HAL_Init
 .text.HAL_IncTick
                0x080003c0       0x10 ./system/src/stm32l1xx/stm32l1xx_hal.o
                0x080003c0                HAL_IncTick
 .text.HAL_GetTick
                0x080003d0        0xc ./system/src/stm32l1xx/stm32l1xx_hal.o
                0x080003d0                HAL_GetTick
 .text.HAL_NVIC_SetPriorityGrouping
                0x080003dc       0x24 ./system/src/stm32l1xx/stm32l1xx_hal_cortex.o
                0x080003dc                HAL_NVIC_SetPriorityGrouping
 .text.HAL_NVIC_SetPriority
                0x08000400       0x64 ./system/src/stm32l1xx/stm32l1xx_hal_cortex.o
                0x08000400                HAL_NVIC_SetPriority
 .text.HAL_NVIC_EnableIRQ
                0x08000464       0x18 ./system/src/stm32l1xx/stm32l1xx_hal_cortex.o
                0x08000464                HAL_NVIC_EnableIRQ
 .text.HAL_SYSTICK_Config
                0x0800047c       0x2c ./system/src/stm32l1xx/stm32l1xx_hal_cortex.o
                0x0800047c                HAL_SYSTICK_Config
 .text.HAL_SYSTICK_CLKSourceConfig
                0x080004a8       0x20 ./system/src/stm32l1xx/stm32l1xx_hal_cortex.o
                0x080004a8                HAL_SYSTICK_CLKSourceConfig
 .text.HAL_SYSTICK_Callback
                0x080004c8        0x4 ./system/src/stm32l1xx/stm32l1xx_hal_cortex.o
                0x080004c8                HAL_SYSTICK_Callback
 .text.HAL_SYSTICK_IRQHandler
                0x080004cc        0x8 ./system/src/stm32l1xx/stm32l1xx_hal_cortex.o
                0x080004cc                HAL_SYSTICK_IRQHandler
 .text.HAL_GPIO_Init
                0x080004d4      0x1ac ./system/src/stm32l1xx/stm32l1xx_hal_gpio.o
                0x080004d4                HAL_GPIO_Init
 .text.HAL_GPIO_WritePin
                0x08000680        0xc ./system/src/stm32l1xx/stm32l1xx_hal_gpio.o
                0x08000680                HAL_GPIO_WritePin
 .text.HAL_I2C_Init
                0x0800068c      0x164 ./system/src/stm32l1xx/stm32l1xx_hal_i2c.o
                0x0800068c                HAL_I2C_Init
 .text.RCC_SetFlashLatencyFromMSIRange
                0x080007f0       0x98 ./system/src/stm32l1xx/stm32l1xx_hal_rcc.o
 .text.HAL_RCC_OscConfig
                0x08000888      0x7a0 ./system/src/stm32l1xx/stm32l1xx_hal_rcc.o
                0x08000888                HAL_RCC_OscConfig
 .text.HAL_RCC_GetSysClockFreq
                0x08001028       0xa0 ./system/src/stm32l1xx/stm32l1xx_hal_rcc.o
                0x08001028                HAL_RCC_GetSysClockFreq
 .text.HAL_RCC_ClockConfig
                0x080010c8      0x25c ./system/src/stm32l1xx/stm32l1xx_hal_rcc.o
                0x080010c8                HAL_RCC_ClockConfig
 .text.HAL_RCC_GetHCLKFreq
                0x08001324        0xc ./system/src/stm32l1xx/stm32l1xx_hal_rcc.o
                0x08001324                HAL_RCC_GetHCLKFreq
 .text.HAL_RCC_GetPCLK1Freq
                0x08001330       0x30 ./system/src/stm32l1xx/stm32l1xx_hal_rcc.o
                0x08001330                HAL_RCC_GetPCLK1Freq
 .text.HAL_RCC_GetPCLK2Freq
                0x08001360       0x30 ./system/src/stm32l1xx/stm32l1xx_hal_rcc.o
                0x08001360                HAL_RCC_GetPCLK2Freq
 .text.UART_Transmit_IT
                0x08001390       0x6c ./system/src/stm32l1xx/stm32l1xx_hal_uart.o
 .text.UART_SetConfig
                0x080013fc      0x314 ./system/src/stm32l1xx/stm32l1xx_hal_uart.o
 .text.UART_WaitOnFlagUntilTimeout
                0x08001710       0xd4 ./system/src/stm32l1xx/stm32l1xx_hal_uart.o
 .text.HAL_UART_Init
                0x080017e4       0x60 ./system/src/stm32l1xx/stm32l1xx_hal_uart.o
                0x080017e4                HAL_UART_Init
 .text.HAL_UART_Transmit
                0x08001844       0xec ./system/src/stm32l1xx/stm32l1xx_hal_uart.o
                0x08001844                HAL_UART_Transmit
 .text.HAL_UART_Receive_IT
                0x08001930       0x80 ./system/src/stm32l1xx/stm32l1xx_hal_uart.o
                0x08001930                HAL_UART_Receive_IT
 .text.HAL_UART_TxCpltCallback
                0x080019b0        0x4 ./system/src/stm32l1xx/stm32l1xx_hal_uart.o
                0x080019b0                HAL_UART_TxCpltCallback
 .text.UART_EndTransmit_IT
                0x080019b4       0x2c ./system/src/stm32l1xx/stm32l1xx_hal_uart.o
 .text.HAL_UART_RxCpltCallback
                0x080019e0        0x4 ./system/src/stm32l1xx/stm32l1xx_hal_uart.o
                0x080019e0                HAL_UART_RxCpltCallback
 .text.UART_Receive_IT
                0x080019e4       0xb4 ./system/src/stm32l1xx/stm32l1xx_hal_uart.o
 .text.HAL_UART_ErrorCallback
                0x08001a98        0x4 ./system/src/stm32l1xx/stm32l1xx_hal_uart.o
                0x08001a98                HAL_UART_ErrorCallback
 .text.HAL_UART_IRQHandler
                0x08001a9c       0xc4 ./system/src/stm32l1xx/stm32l1xx_hal_uart.o
                0x08001a9c                HAL_UART_IRQHandler
 .text._exit    0x08001b60        0x4 ./system/src/newlib/_exit.o
                0x08001b60                _exit
 .text._sbrk    0x08001b64       0x44 ./system/src/newlib/_sbrk.o
                0x08001b64                _sbrk
 .text.__initialize_args
                0x08001ba8       0x10 ./system/src/newlib/_syscalls.o
                0x08001ba8                __initialize_args
 .text.trace_printf
                0x08001bb8       0x30 ./system/src/diag/Trace.o
                0x08001bb8                trace_printf
 .text.trace_write
                0x08001be8        0x8 ./system/src/diag/trace_impl.o
                0x08001be8                trace_write
 .text.__initialize_hardware_early
                0x08001bf0       0x18 ./system/src/cortexm/_initialize_hardware.o
                0x08001bf0                __initialize_hardware_early
 .text.__initialize_hardware
                0x08001c08        0x8 ./system/src/cortexm/_initialize_hardware.o
                0x08001c08                __initialize_hardware
 .text.dumpExceptionStack
                0x08001c10       0xf0 ./system/src/cortexm/exception_handlers.o
                0x08001c10                dumpExceptionStack
 .text.Default_Handler
                0x08001d00        0x2 ./system/src/cmsis/startup_stm32l152xe.o
                0x08001d00                RTC_Alarm_IRQHandler
                0x08001d00                EXTI2_IRQHandler
                0x08001d00                COMP_ACQ_IRQHandler
                0x08001d00                TIM10_IRQHandler
                0x08001d00                USB_HP_IRQHandler
                0x08001d00                TIM6_IRQHandler
                0x08001d00                PVD_IRQHandler
                0x08001d00                EXTI3_IRQHandler
                0x08001d00                EXTI0_IRQHandler
                0x08001d00                I2C2_EV_IRQHandler
                0x08001d00                SPI1_IRQHandler
                0x08001d00                USB_FS_WKUP_IRQHandler
                0x08001d00                DMA2_Channel2_IRQHandler
                0x08001d00                DMA1_Channel4_IRQHandler
                0x08001d00                ADC1_IRQHandler
                0x08001d00                DMA1_Channel7_IRQHandler
                0x08001d00                LCD_IRQHandler
                0x08001d00                UART5_IRQHandler
                0x08001d00                TIM4_IRQHandler
                0x08001d00                DMA2_Channel1_IRQHandler
                0x08001d00                I2C1_EV_IRQHandler
                0x08001d00                DMA1_Channel6_IRQHandler
                0x08001d00                UART4_IRQHandler
                0x08001d00                DMA2_Channel4_IRQHandler
                0x08001d00                TIM3_IRQHandler
                0x08001d00                RCC_IRQHandler
                0x08001d00                DMA1_Channel1_IRQHandler
                0x08001d00                Default_Handler
                0x08001d00                EXTI15_10_IRQHandler
                0x08001d00                TIM7_IRQHandler
                0x08001d00                TIM5_IRQHandler
                0x08001d00                EXTI9_5_IRQHandler
                0x08001d00                TIM9_IRQHandler
                0x08001d00                TAMPER_STAMP_IRQHandler
                0x08001d00                RTC_WKUP_IRQHandler
                0x08001d00                SPI2_IRQHandler
                0x08001d00                DMA2_Channel5_IRQHandler
                0x08001d00                DMA1_Channel5_IRQHandler
                0x08001d00                USB_LP_IRQHandler
                0x08001d00                EXTI4_IRQHandler
                0x08001d00                DMA1_Channel3_IRQHandler
                0x08001d00                COMP_IRQHandler
                0x08001d00                WWDG_IRQHandler
                0x08001d00                TIM2_IRQHandler
                0x08001d00                DAC_IRQHandler
                0x08001d00                EXTI1_IRQHandler
                0x08001d00                TIM11_IRQHandler
                0x08001d00                USART2_IRQHandler
                0x08001d00                I2C2_ER_IRQHandler
                0x08001d00                DMA1_Channel2_IRQHandler
                0x08001d00                FLASH_IRQHandler
                0x08001d00                SPI3_IRQHandler
                0x08001d00                I2C1_ER_IRQHandler
                0x08001d00                DMA2_Channel3_IRQHandler
 *fill*         0x08001d02        0x2 
 .text.SystemInit
                0x08001d04       0x48 ./system/src/cmsis/system_stm32l1xx.o
                0x08001d04                SystemInit
 .text.SystemCoreClockUpdate
                0x08001d4c       0xc4 ./system/src/cmsis/system_stm32l1xx.o
                0x08001d4c                SystemCoreClockUpdate
 .text.initGPS  0x08001e10       0x90 ./src/main.o
 .text.MX_GPIO_Init
                0x08001ea0       0x8c ./src/main.o
 .text._Error_Handler
                0x08001f2c        0x2 ./src/main.o
                0x08001f2c                _Error_Handler
 *fill*         0x08001f2e        0x2 
 .text.MX_USART1_UART_Init
                0x08001f30       0x3c ./src/main.o
 .text.MX_USART2_UART_Init
                0x08001f6c       0x3c ./src/main.o
 .text.MX_USART3_UART_Init
                0x08001fa8       0x3c ./src/main.o
 .text.MX_I2C1_Init
                0x08001fe4       0x44 ./src/main.o
 .text.SystemClock_Config
                0x08002028       0x88 ./src/main.o
                0x08002028                SystemClock_Config
 .text.main     0x080020b0      0x1f4 ./src/main.o
                0x080020b0                main
 .text.HAL_MspInit
                0x080022a4       0xa0 ./src/stm32l1xx_hal_msp.o
                0x080022a4                HAL_MspInit
 .text.HAL_I2C_MspInit
                0x08002344       0x54 ./src/stm32l1xx_hal_msp.o
                0x08002344                HAL_I2C_MspInit
 .text.HAL_UART_MspInit
                0x08002398       0xf0 ./src/stm32l1xx_hal_msp.o
                0x08002398                HAL_UART_MspInit
 .text.NMI_Handler
                0x08002488        0x4 ./src/stm32l1xx_it.o
                0x08002488                NMI_Handler
 .text.HardFault_Handler
                0x0800248c        0x4 ./src/stm32l1xx_it.o
                0x0800248c                HardFault_Handler
 .text.MemManage_Handler
                0x08002490        0x4 ./src/stm32l1xx_it.o
                0x08002490                MemManage_Handler
 .text.BusFault_Handler
                0x08002494        0x4 ./src/stm32l1xx_it.o
                0x08002494                BusFault_Handler
 .text.UsageFault_Handler
                0x08002498        0x4 ./src/stm32l1xx_it.o
                0x08002498                UsageFault_Handler
 .text.SVC_Handler
                0x0800249c        0x4 ./src/stm32l1xx_it.o
                0x0800249c                SVC_Handler
 .text.DebugMon_Handler
                0x080024a0        0x4 ./src/stm32l1xx_it.o
                0x080024a0                DebugMon_Handler
 .text.PendSV_Handler
                0x080024a4        0x4 ./src/stm32l1xx_it.o
                0x080024a4                PendSV_Handler
 .text.SysTick_Handler
                0x080024a8        0xc ./src/stm32l1xx_it.o
                0x080024a8                SysTick_Handler
 .text.USART1_IRQHandler
                0x080024b4       0x10 ./src/stm32l1xx_it.o
                0x080024b4                USART1_IRQHandler
 .text.USART3_IRQHandler
                0x080024c4       0x10 ./src/stm32l1xx_it.o
                0x080024c4                USART3_IRQHandler
 .text.__errno  0x080024d4        0xc c:/program files (x86)/gnu tools arm embedded/6 2017-q2-update/bin/../lib/gcc/arm-none-eabi/6.3.1/../../../../arm-none-eabi/lib/thumb/v7-m\libg_nano.a(lib_a-errno.o)
                0x080024d4                __errno
 .text.memcpy   0x080024e0       0x16 c:/program files (x86)/gnu tools arm embedded/6 2017-q2-update/bin/../lib/gcc/arm-none-eabi/6.3.1/../../../../arm-none-eabi/lib/thumb/v7-m\libg_nano.a(lib_a-memcpy-stub.o)
                0x080024e0                memcpy
 .text          0x080024f6       0x14 c:/program files (x86)/gnu tools arm embedded/6 2017-q2-update/bin/../lib/gcc/arm-none-eabi/6.3.1/../../../../arm-none-eabi/lib/thumb/v7-m\libg_nano.a(lib_a-strcmp.o)
                0x080024f6                strcmp
 .text._vsnprintf_r
                0x0800250a       0x58 c:/program files (x86)/gnu tools arm embedded/6 2017-q2-update/bin/../lib/gcc/arm-none-eabi/6.3.1/../../../../arm-none-eabi/lib/thumb/v7-m\libg_nano.a(lib_a-vsnprintf.o)
                0x0800250a                _vsniprintf_r
                0x0800250a                _vsnprintf_r
 *fill*         0x08002562        0x2 
 .text.vsnprintf
                0x08002564       0x1c c:/program files (x86)/gnu tools arm embedded/6 2017-q2-update/bin/../lib/gcc/arm-none-eabi/6.3.1/../../../../arm-none-eabi/lib/thumb/v7-m\libg_nano.a(lib_a-vsnprintf.o)
                0x08002564                vsniprintf
                0x08002564                vsnprintf
 .text.__ssputs_r
                0x08002580       0xb6 c:/program files (x86)/gnu tools arm embedded/6 2017-q2-update/bin/../lib/gcc/arm-none-eabi/6.3.1/../../../../arm-none-eabi/lib/thumb/v7-m\libg_nano.a(lib_a-nano-svfprintf.o)
                0x08002580                __ssputs_r
 *fill*         0x08002636        0x2 
 .text._svfprintf_r
                0x08002638      0x1e8 c:/program files (x86)/gnu tools arm embedded/6 2017-q2-update/bin/../lib/gcc/arm-none-eabi/6.3.1/../../../../arm-none-eabi/lib/thumb/v7-m\libg_nano.a(lib_a-nano-svfprintf.o)
                0x08002638                _svfiprintf_r
                0x08002638                _svfprintf_r
 .text._printf_common
                0x08002820       0xee c:/program files (x86)/gnu tools arm embedded/6 2017-q2-update/bin/../lib/gcc/arm-none-eabi/6.3.1/../../../../arm-none-eabi/lib/thumb/v7-m\libg_nano.a(lib_a-nano-vfprintf_i.o)
                0x08002820                _printf_common
 *fill*         0x0800290e        0x2 
 .text._printf_i
                0x08002910      0x240 c:/program files (x86)/gnu tools arm embedded/6 2017-q2-update/bin/../lib/gcc/arm-none-eabi/6.3.1/../../../../arm-none-eabi/lib/thumb/v7-m\libg_nano.a(lib_a-nano-vfprintf_i.o)
                0x08002910                _printf_i
 .text.memchr   0x08002b50       0x1c c:/program files (x86)/gnu tools arm embedded/6 2017-q2-update/bin/../lib/gcc/arm-none-eabi/6.3.1/../../../../arm-none-eabi/lib/thumb/v7-m\libg_nano.a(lib_a-memchr-stub.o)
                0x08002b50                memchr
 .text.memmove  0x08002b6c       0x34 c:/program files (x86)/gnu tools arm embedded/6 2017-q2-update/bin/../lib/gcc/arm-none-eabi/6.3.1/../../../../arm-none-eabi/lib/thumb/v7-m\libg_nano.a(lib_a-memmove.o)
                0x08002b6c                memmove
 .text._free_r  0x08002ba0       0x98 c:/program files (x86)/gnu tools arm embedded/6 2017-q2-update/bin/../lib/gcc/arm-none-eabi/6.3.1/../../../../arm-none-eabi/lib/thumb/v7-m\libg_nano.a(lib_a-nano-freer.o)
                0x08002ba0                _free_r
 .text._malloc_r
                0x08002c38       0xbc c:/program files (x86)/gnu tools arm embedded/6 2017-q2-update/bin/../lib/gcc/arm-none-eabi/6.3.1/../../../../arm-none-eabi/lib/thumb/v7-m\libg_nano.a(lib_a-nano-mallocr.o)
                0x08002c38                _malloc_r
 .text._realloc_r
                0x08002cf4       0x4c c:/program files (x86)/gnu tools arm embedded/6 2017-q2-update/bin/../lib/gcc/arm-none-eabi/6.3.1/../../../../arm-none-eabi/lib/thumb/v7-m\libg_nano.a(lib_a-nano-reallocr.o)
                0x08002cf4                _realloc_r
 .text._sbrk_r  0x08002d40       0x20 c:/program files (x86)/gnu tools arm embedded/6 2017-q2-update/bin/../lib/gcc/arm-none-eabi/6.3.1/../../../../arm-none-eabi/lib/thumb/v7-m\libg_nano.a(lib_a-sbrkr.o)
                0x08002d40                _sbrk_r
 .text.__malloc_lock
                0x08002d60        0x2 c:/program files (x86)/gnu tools arm embedded/6 2017-q2-update/bin/../lib/gcc/arm-none-eabi/6.3.1/../../../../arm-none-eabi/lib/thumb/v7-m\libg_nano.a(lib_a-mlock.o)
                0x08002d60                __malloc_lock
 .text.__malloc_unlock
                0x08002d62        0x2 c:/program files (x86)/gnu tools arm embedded/6 2017-q2-update/bin/../lib/gcc/arm-none-eabi/6.3.1/../../../../arm-none-eabi/lib/thumb/v7-m\libg_nano.a(lib_a-mlock.o)
                0x08002d62                __malloc_unlock
 .text._malloc_usable_size_r
                0x08002d64       0x12 c:/program files (x86)/gnu tools arm embedded/6 2017-q2-update/bin/../lib/gcc/arm-none-eabi/6.3.1/../../../../arm-none-eabi/lib/thumb/v7-m\libg_nano.a(lib_a-nano-msizer.o)
                0x08002d64                _malloc_usable_size_r
 *(.rodata .rodata.* .constdata .constdata.*)
 *fill*         0x08002d76        0x2 
 .rodata.str1.4
                0x08002d78      0x146 ./system/src/cortexm/exception_handlers.o
 *fill*         0x08002ebe        0x2 
 .rodata.AHBPrescTable
                0x08002ec0       0x10 ./system/src/cmsis/system_stm32l1xx.o
                0x08002ec0                AHBPrescTable
 .rodata.APBPrescTable
                0x08002ed0        0x8 ./system/src/cmsis/system_stm32l1xx.o
                0x08002ed0                APBPrescTable
 .rodata.PLLMulTable
                0x08002ed8        0x9 ./system/src/cmsis/system_stm32l1xx.o
                0x08002ed8                PLLMulTable
 *fill*         0x08002ee1        0x3 
 .rodata        0x08002ee4       0x6d ./src/main.o
 *fill*         0x08002f51        0x3 
 .rodata.MX_USART1_UART_Init.str1.4
                0x08002f54        0xe ./src/main.o
 *fill*         0x08002f62        0x2 
 .rodata.main.str1.4
                0x08002f64        0x4 ./src/main.o
                                  0x3 (size before relaxing)
 .rodata._svfprintf_r.str1.1
                0x08002f68       0x11 c:/program files (x86)/gnu tools arm embedded/6 2017-q2-update/bin/../lib/gcc/arm-none-eabi/6.3.1/../../../../arm-none-eabi/lib/thumb/v7-m\libg_nano.a(lib_a-nano-svfprintf.o)
 .rodata._printf_i.str1.1
                0x08002f79       0x22 c:/program files (x86)/gnu tools arm embedded/6 2017-q2-update/bin/../lib/gcc/arm-none-eabi/6.3.1/../../../../arm-none-eabi/lib/thumb/v7-m\libg_nano.a(lib_a-nano-vfprintf_i.o)
 *(vtable)
 *(.eh_frame*)
 *(.glue_7)
 .glue_7        0x08002f9b        0x0 linker stubs
 *(.glue_7t)
 .glue_7t       0x08002f9b        0x0 linker stubs

.vfp11_veneer   0x08002f9c        0x0
 .vfp11_veneer  0x08002f9c        0x0 linker stubs

.v4_bx          0x08002f9c        0x0
 .v4_bx         0x08002f9c        0x0 linker stubs

.iplt           0x08002f9c        0x0
 .iplt          0x08002f9c        0x0 ./system/src/stm32l1xx/stm32l1xx_hal.o

.rel.dyn        0x08002f9c        0x0
 .rel.iplt      0x08002f9c        0x0 ./system/src/stm32l1xx/stm32l1xx_hal.o

.ARM.extab
 *(.ARM.extab* .gnu.linkonce.armextab.*)
                0x08002f9c                . = ALIGN (0x4)
                0x08002f9c                __exidx_start = .

.ARM.exidx
 *(.ARM.exidx* .gnu.linkonce.armexidx.*)
                0x08002f9c                __exidx_end = .
                0x08002f9c                . = ALIGN (0x4)
                0x08002f9c                _etext = .
                0x08002f9c                __etext = .

.data_CCMRAM    0x10000000        0x0 load address 0x08002f9c
 FILL mask 0xff
 *(.data.CCMRAM .data.CCMRAM.*)
                0x10000000                . = ALIGN (0x4)
                0x08002f9c                _sidata = LOADADDR (.data)

.data           0x20000000       0x78 load address 0x08002f9c
 FILL mask 0xff
                0x20000000                _sdata = .
                0x20000000                __data_start__ = .
 *(.data_begin .data_begin.*)
 .data_begin    0x20000000        0x4 ./system/src/newlib/_startup.o
 *(.data .data.*)
 .data.argv.4290
                0x20000004        0x8 ./system/src/newlib/_syscalls.o
 .data.SystemCoreClock
                0x2000000c        0x4 ./system/src/cmsis/system_stm32l1xx.o
                0x2000000c                SystemCoreClock
 .data._impure_ptr
                0x20000010        0x4 c:/program files (x86)/gnu tools arm embedded/6 2017-q2-update/bin/../lib/gcc/arm-none-eabi/6.3.1/../../../../arm-none-eabi/lib/thumb/v7-m\libg_nano.a(lib_a-impure.o)
                0x20000010                _impure_ptr
 .data.impure_data
                0x20000014       0x60 c:/program files (x86)/gnu tools arm embedded/6 2017-q2-update/bin/../lib/gcc/arm-none-eabi/6.3.1/../../../../arm-none-eabi/lib/thumb/v7-m\libg_nano.a(lib_a-impure.o)
 *(.data_end .data_end.*)
 .data_end      0x20000074        0x4 ./system/src/newlib/_startup.o
                0x20000078                . = ALIGN (0x4)
                0x20000078                _edata = .
                0x20000078                __data_end__ = .

.igot.plt       0x20000078        0x0 load address 0x08003014
 .igot.plt      0x20000078        0x0 ./system/src/stm32l1xx/stm32l1xx_hal.o

.bss_CCMRAM     0x10000000        0x0
 *(.bss.CCMRAM .bss.CCMRAM.*)

.bss            0x20000078      0x1b4
                0x20000078                __bss_start__ = .
                0x20000078                _sbss = .
 *(.bss_begin .bss_begin.*)
 .bss_begin     0x20000078        0x4 ./system/src/newlib/_startup.o
 *(.bss .bss.*)
 .bss.current_heap_end.3974
                0x2000007c        0x4 ./system/src/newlib/_sbrk.o
 .bss.name.4289
                0x20000080        0x1 ./system/src/newlib/_syscalls.o
 *fill*         0x20000081        0x3 
 .bss.buf.5179  0x20000084       0x80 ./system/src/diag/Trace.o
 .bss.__malloc_free_list
                0x20000104        0x4 c:/program files (x86)/gnu tools arm embedded/6 2017-q2-update/bin/../lib/gcc/arm-none-eabi/6.3.1/../../../../arm-none-eabi/lib/thumb/v7-m\libg_nano.a(lib_a-nano-mallocr.o)
                0x20000104                __malloc_free_list
 .bss.__malloc_sbrk_start
                0x20000108        0x4 c:/program files (x86)/gnu tools arm embedded/6 2017-q2-update/bin/../lib/gcc/arm-none-eabi/6.3.1/../../../../arm-none-eabi/lib/thumb/v7-m\libg_nano.a(lib_a-nano-mallocr.o)
                0x20000108                __malloc_sbrk_start
 *(COMMON)
 COMMON         0x2000010c        0x4 ./system/src/stm32l1xx/stm32l1xx_hal.o
                0x2000010c                uwTick
 COMMON         0x20000110        0x4 ./system/src/newlib/_syscalls.o
                0x20000110                errno
 COMMON         0x20000114      0x114 ./src/main.o
                0x20000114                huart3
                0x20000154                hi2c1
                0x200001a8                huart1
                0x200001e8                huart2
 *(.bss_end .bss_end.*)
 .bss_end       0x20000228        0x4 ./system/src/newlib/_startup.o
                0x2000022c                . = ALIGN (0x4)
                0x2000022c                __bss_end__ = .
                0x2000022c                _ebss = .

.noinit_CCMRAM
 *(.noinit.CCMRAM .noinit.CCMRAM.*)

.noinit         0x2000022c        0x0
                0x2000022c                _noinit = .
 *(.noinit .noinit.*)
                0x2000022c                . = ALIGN (0x4)
                0x2000022c                _end_noinit = .
                [!provide]                PROVIDE (end, _end_noinit)
                [!provide]                PROVIDE (_end, _end_noinit)
                [!provide]                PROVIDE (__end, _end_noinit)
                [!provide]                PROVIDE (__end__, _end_noinit)

._check_stack   0x2000022c      0x100
                0x2000032c                . = (. + _Minimum_Stack_Size)
 *fill*         0x2000022c      0x100 

.b1text
 *(.b1text)
 *(.b1rodata)
 *(.b1rodata.*)

.eb0text
 *(.eb0text)
 *(.eb0rodata)
 *(.eb0rodata.*)

.eb1text
 *(.eb1text)
 *(.eb1rodata)
 *(.eb1rodata.*)

.eb2text
 *(.eb2text)
 *(.eb2rodata)
 *(.eb2rodata.*)

.eb3text
 *(.eb3text)
 *(.eb3rodata)
 *(.eb3rodata.*)

.stab
 *(.stab)

.stabstr
 *(.stabstr)

.stab.excl
 *(.stab.excl)

.stab.exclstr
 *(.stab.exclstr)

.stab.index
 *(.stab.index)

.stab.indexstr
 *(.stab.indexstr)

.comment        0x00000000       0xed
 *(.comment)
 .comment       0x00000000       0x6e ./system/src/stm32l1xx/stm32l1xx_hal.o
                                 0x6f (size before relaxing)
 .comment       0x0000006e       0x6f ./system/src/stm32l1xx/stm32l1xx_hal_cortex.o
 .comment       0x0000006e       0x6f ./system/src/stm32l1xx/stm32l1xx_hal_gpio.o
 .comment       0x0000006e       0x6f ./system/src/stm32l1xx/stm32l1xx_hal_i2c.o
 .comment       0x0000006e       0x6f ./system/src/stm32l1xx/stm32l1xx_hal_rcc.o
 .comment       0x0000006e       0x6f ./system/src/stm32l1xx/stm32l1xx_hal_uart.o
 .comment       0x0000006e       0x6f ./system/src/newlib/_exit.o
 .comment       0x0000006e       0x6f ./system/src/newlib/_sbrk.o
 .comment       0x0000006e       0x6f ./system/src/newlib/_startup.o
 .comment       0x0000006e       0x6f ./system/src/newlib/_syscalls.o
 .comment       0x0000006e       0x6f ./system/src/diag/Trace.o
 .comment       0x0000006e       0x6f ./system/src/diag/trace_impl.o
 .comment       0x0000006e       0x6f ./system/src/cortexm/_initialize_hardware.o
 .comment       0x0000006e       0x6f ./system/src/cortexm/exception_handlers.o
 .comment       0x0000006e       0x6f ./system/src/cmsis/system_stm32l1xx.o
 .comment       0x0000006e       0x7f ./src/main.o
                                 0x80 (size before relaxing)
 .comment       0x000000ed       0x6f ./src/stm32l1xx_hal_msp.o
 .comment       0x000000ed       0x6f ./src/stm32l1xx_it.o

.ARM.attributes
                0x00000000       0x31
 .ARM.attributes
                0x00000000       0x33 ./system/src/stm32l1xx/stm32l1xx_hal.o
 .ARM.attributes
                0x00000033       0x33 ./system/src/stm32l1xx/stm32l1xx_hal_cortex.o
 .ARM.attributes
                0x00000066       0x33 ./system/src/stm32l1xx/stm32l1xx_hal_gpio.o
 .ARM.attributes
                0x00000099       0x33 ./system/src/stm32l1xx/stm32l1xx_hal_i2c.o
 .ARM.attributes
                0x000000cc       0x33 ./system/src/stm32l1xx/stm32l1xx_hal_rcc.o
 .ARM.attributes
                0x000000ff       0x33 ./system/src/stm32l1xx/stm32l1xx_hal_uart.o
 .ARM.attributes
                0x00000132       0x33 ./system/src/newlib/_exit.o
 .ARM.attributes
                0x00000165       0x33 ./system/src/newlib/_sbrk.o
 .ARM.attributes
                0x00000198       0x33 ./system/src/newlib/_startup.o
 .ARM.attributes
                0x000001cb       0x33 ./system/src/newlib/_syscalls.o
 .ARM.attributes
                0x000001fe       0x33 ./system/src/diag/Trace.o
 .ARM.attributes
                0x00000231       0x33 ./system/src/diag/trace_impl.o
 .ARM.attributes
                0x00000264       0x33 ./system/src/cortexm/_initialize_hardware.o
 .ARM.attributes
                0x00000297       0x33 ./system/src/cortexm/exception_handlers.o
 .ARM.attributes
                0x000002ca       0x21 ./system/src/cmsis/startup_stm32l152xe.o
 .ARM.attributes
                0x000002eb       0x33 ./system/src/cmsis/system_stm32l1xx.o
 .ARM.attributes
                0x0000031e       0x33 ./src/main.o
 .ARM.attributes
                0x00000351       0x33 ./src/stm32l1xx_hal_msp.o
 .ARM.attributes
                0x00000384       0x33 ./src/stm32l1xx_it.o
 .ARM.attributes
                0x000003b7       0x2d c:/program files (x86)/gnu tools arm embedded/6 2017-q2-update/bin/../lib/gcc/arm-none-eabi/6.3.1/../../../../arm-none-eabi/lib/thumb/v7-m\libg_nano.a(lib_a-errno.o)
 .ARM.attributes
                0x000003e4       0x2d c:/program files (x86)/gnu tools arm embedded/6 2017-q2-update/bin/../lib/gcc/arm-none-eabi/6.3.1/../../../../arm-none-eabi/lib/thumb/v7-m\libg_nano.a(lib_a-impure.o)
 .ARM.attributes
                0x00000411       0x2d c:/program files (x86)/gnu tools arm embedded/6 2017-q2-update/bin/../lib/gcc/arm-none-eabi/6.3.1/../../../../arm-none-eabi/lib/thumb/v7-m\libg_nano.a(lib_a-memcpy-stub.o)
 .ARM.attributes
                0x0000043e       0x1b c:/program files (x86)/gnu tools arm embedded/6 2017-q2-update/bin/../lib/gcc/arm-none-eabi/6.3.1/../../../../arm-none-eabi/lib/thumb/v7-m\libg_nano.a(lib_a-strcmp.o)
 .ARM.attributes
                0x00000459       0x2d c:/program files (x86)/gnu tools arm embedded/6 2017-q2-update/bin/../lib/gcc/arm-none-eabi/6.3.1/../../../../arm-none-eabi/lib/thumb/v7-m\libg_nano.a(lib_a-vsnprintf.o)
 .ARM.attributes
                0x00000486       0x2d c:/program files (x86)/gnu tools arm embedded/6 2017-q2-update/bin/../lib/gcc/arm-none-eabi/6.3.1/../../../../arm-none-eabi/lib/thumb/v7-m\libg_nano.a(lib_a-nano-svfprintf.o)
 .ARM.attributes
                0x000004b3       0x2d c:/program files (x86)/gnu tools arm embedded/6 2017-q2-update/bin/../lib/gcc/arm-none-eabi/6.3.1/../../../../arm-none-eabi/lib/thumb/v7-m\libg_nano.a(lib_a-nano-vfprintf_i.o)
 .ARM.attributes
                0x000004e0       0x2d c:/program files (x86)/gnu tools arm embedded/6 2017-q2-update/bin/../lib/gcc/arm-none-eabi/6.3.1/../../../../arm-none-eabi/lib/thumb/v7-m\libg_nano.a(lib_a-memchr-stub.o)
 .ARM.attributes
                0x0000050d       0x2d c:/program files (x86)/gnu tools arm embedded/6 2017-q2-update/bin/../lib/gcc/arm-none-eabi/6.3.1/../../../../arm-none-eabi/lib/thumb/v7-m\libg_nano.a(lib_a-memmove.o)
 .ARM.attributes
                0x0000053a       0x2d c:/program files (x86)/gnu tools arm embedded/6 2017-q2-update/bin/../lib/gcc/arm-none-eabi/6.3.1/../../../../arm-none-eabi/lib/thumb/v7-m\libg_nano.a(lib_a-nano-freer.o)
 .ARM.attributes
                0x00000567       0x2d c:/program files (x86)/gnu tools arm embedded/6 2017-q2-update/bin/../lib/gcc/arm-none-eabi/6.3.1/../../../../arm-none-eabi/lib/thumb/v7-m\libg_nano.a(lib_a-nano-mallocr.o)
 .ARM.attributes
                0x00000594       0x2d c:/program files (x86)/gnu tools arm embedded/6 2017-q2-update/bin/../lib/gcc/arm-none-eabi/6.3.1/../../../../arm-none-eabi/lib/thumb/v7-m\libg_nano.a(lib_a-nano-reallocr.o)
 .ARM.attributes
                0x000005c1       0x2d c:/program files (x86)/gnu tools arm embedded/6 2017-q2-update/bin/../lib/gcc/arm-none-eabi/6.3.1/../../../../arm-none-eabi/lib/thumb/v7-m\libg_nano.a(lib_a-sbrkr.o)
 .ARM.attributes
                0x000005ee       0x2d c:/program files (x86)/gnu tools arm embedded/6 2017-q2-update/bin/../lib/gcc/arm-none-eabi/6.3.1/../../../../arm-none-eabi/lib/thumb/v7-m\libg_nano.a(lib_a-mlock.o)
 .ARM.attributes
                0x0000061b       0x2d c:/program files (x86)/gnu tools arm embedded/6 2017-q2-update/bin/../lib/gcc/arm-none-eabi/6.3.1/../../../../arm-none-eabi/lib/thumb/v7-m\libg_nano.a(lib_a-nano-msizer.o)

.debug
 *(.debug)

.line
 *(.line)

.debug_srcinfo
 *(.debug_srcinfo)

.debug_sfnames
 *(.debug_sfnames)

.debug_aranges  0x00000000      0x920
 *(.debug_aranges)
 .debug_aranges
                0x00000000       0xb0 ./system/src/stm32l1xx/stm32l1xx_hal.o
 .debug_aranges
                0x000000b0       0xa8 ./system/src/stm32l1xx/stm32l1xx_hal_cortex.o
 .debug_aranges
                0x00000158       0x58 ./system/src/stm32l1xx/stm32l1xx_hal_gpio.o
 .debug_aranges
                0x000001b0      0x268 ./system/src/stm32l1xx/stm32l1xx_hal_i2c.o
 .debug_aranges
                0x00000418       0x90 ./system/src/stm32l1xx/stm32l1xx_hal_rcc.o
 .debug_aranges
                0x000004a8      0x150 ./system/src/stm32l1xx/stm32l1xx_hal_uart.o
 .debug_aranges
                0x000005f8       0x28 ./system/src/newlib/_exit.o
 .debug_aranges
                0x00000620       0x20 ./system/src/newlib/_sbrk.o
 .debug_aranges
                0x00000640       0x40 ./system/src/newlib/_startup.o
 .debug_aranges
                0x00000680       0x30 ./system/src/newlib/_syscalls.o
 .debug_aranges
                0x000006b0       0x38 ./system/src/diag/Trace.o
 .debug_aranges
                0x000006e8       0x28 ./system/src/diag/trace_impl.o
 .debug_aranges
                0x00000710       0x28 ./system/src/cortexm/_initialize_hardware.o
 .debug_aranges
                0x00000738       0x88 ./system/src/cortexm/exception_handlers.o
 .debug_aranges
                0x000007c0       0x28 ./system/src/cmsis/startup_stm32l152xe.o
 .debug_aranges
                0x000007e8       0x28 ./system/src/cmsis/system_stm32l1xx.o
 .debug_aranges
                0x00000810       0x60 ./src/main.o
 .debug_aranges
                0x00000870       0x40 ./src/stm32l1xx_hal_msp.o
 .debug_aranges
                0x000008b0       0x70 ./src/stm32l1xx_it.o

.debug_pubnames
 *(.debug_pubnames)

.debug_info     0x00000000     0xbb20
 *(.debug_info .gnu.linkonce.wi.*)
 .debug_info    0x00000000      0x62f ./system/src/stm32l1xx/stm32l1xx_hal.o
 .debug_info    0x0000062f      0xe5b ./system/src/stm32l1xx/stm32l1xx_hal_cortex.o
 .debug_info    0x0000148a      0x5e7 ./system/src/stm32l1xx/stm32l1xx_hal_gpio.o
 .debug_info    0x00001a71     0x2d01 ./system/src/stm32l1xx/stm32l1xx_hal_i2c.o
 .debug_info    0x00004772     0x169a ./system/src/stm32l1xx/stm32l1xx_hal_rcc.o
 .debug_info    0x00005e0c     0x1176 ./system/src/stm32l1xx/stm32l1xx_hal_uart.o
 .debug_info    0x00006f82       0xef ./system/src/newlib/_exit.o
 .debug_info    0x00007071      0x11f ./system/src/newlib/_sbrk.o
 .debug_info    0x00007190      0x455 ./system/src/newlib/_startup.o
 .debug_info    0x000075e5      0x1c7 ./system/src/newlib/_syscalls.o
 .debug_info    0x000077ac      0x2e7 ./system/src/diag/Trace.o
 .debug_info    0x00007a93      0x114 ./system/src/diag/trace_impl.o
 .debug_info    0x00007ba7      0x2b1 ./system/src/cortexm/_initialize_hardware.o
 .debug_info    0x00007e58      0x79d ./system/src/cortexm/exception_handlers.o
 .debug_info    0x000085f5       0x87 ./system/src/cmsis/startup_stm32l152xe.o
 .debug_info    0x0000867c      0x417 ./system/src/cmsis/system_stm32l1xx.o
 .debug_info    0x00008a93     0x1c04 ./src/main.o
 .debug_info    0x0000a697      0xeac ./src/stm32l1xx_hal_msp.o
 .debug_info    0x0000b543      0x5dd ./src/stm32l1xx_it.o

.debug_abbrev   0x00000000     0x1d02
 *(.debug_abbrev)
 .debug_abbrev  0x00000000      0x1c1 ./system/src/stm32l1xx/stm32l1xx_hal.o
 .debug_abbrev  0x000001c1      0x2e2 ./system/src/stm32l1xx/stm32l1xx_hal_cortex.o
 .debug_abbrev  0x000004a3      0x1cd ./system/src/stm32l1xx/stm32l1xx_hal_gpio.o
 .debug_abbrev  0x00000670      0x226 ./system/src/stm32l1xx/stm32l1xx_hal_i2c.o
 .debug_abbrev  0x00000896      0x290 ./system/src/stm32l1xx/stm32l1xx_hal_rcc.o
 .debug_abbrev  0x00000b26      0x228 ./system/src/stm32l1xx/stm32l1xx_hal_uart.o
 .debug_abbrev  0x00000d4e       0x8e ./system/src/newlib/_exit.o
 .debug_abbrev  0x00000ddc       0xb9 ./system/src/newlib/_sbrk.o
 .debug_abbrev  0x00000e95      0x1ac ./system/src/newlib/_startup.o
 .debug_abbrev  0x00001041       0xec ./system/src/newlib/_syscalls.o
 .debug_abbrev  0x0000112d      0x156 ./system/src/diag/Trace.o
 .debug_abbrev  0x00001283       0xb4 ./system/src/diag/trace_impl.o
 .debug_abbrev  0x00001337       0xea ./system/src/cortexm/_initialize_hardware.o
 .debug_abbrev  0x00001421      0x1d4 ./system/src/cortexm/exception_handlers.o
 .debug_abbrev  0x000015f5       0x12 ./system/src/cmsis/startup_stm32l152xe.o
 .debug_abbrev  0x00001607      0x104 ./system/src/cmsis/system_stm32l1xx.o
 .debug_abbrev  0x0000170b      0x301 ./src/main.o
 .debug_abbrev  0x00001a0c      0x18f ./src/stm32l1xx_hal_msp.o
 .debug_abbrev  0x00001b9b      0x167 ./src/stm32l1xx_it.o

.debug_line     0x00000000     0x7238
 *(.debug_line)
 .debug_line    0x00000000      0x6cd ./system/src/stm32l1xx/stm32l1xx_hal.o
 .debug_line    0x000006cd      0x779 ./system/src/stm32l1xx/stm32l1xx_hal_cortex.o
 .debug_line    0x00000e46      0x6d5 ./system/src/stm32l1xx/stm32l1xx_hal_gpio.o
 .debug_line    0x0000151b     0x15af ./system/src/stm32l1xx/stm32l1xx_hal_i2c.o
 .debug_line    0x00002aca      0xb84 ./system/src/stm32l1xx/stm32l1xx_hal_rcc.o
 .debug_line    0x0000364e      0xbd9 ./system/src/stm32l1xx/stm32l1xx_hal_uart.o
 .debug_line    0x00004227      0x309 ./system/src/newlib/_exit.o
 .debug_line    0x00004530      0x2ba ./system/src/newlib/_sbrk.o
 .debug_line    0x000047ea      0x370 ./system/src/newlib/_startup.o
 .debug_line    0x00004b5a      0x3c8 ./system/src/newlib/_syscalls.o
 .debug_line    0x00004f22      0x377 ./system/src/diag/Trace.o
 .debug_line    0x00005299      0x3b9 ./system/src/diag/trace_impl.o
 .debug_line    0x00005652      0x19a ./system/src/cortexm/_initialize_hardware.o
 .debug_line    0x000057ec      0x4a4 ./system/src/cortexm/exception_handlers.o
 .debug_line    0x00005c90       0x86 ./system/src/cmsis/startup_stm32l152xe.o
 .debug_line    0x00005d16      0x19e ./system/src/cmsis/system_stm32l1xx.o
 .debug_line    0x00005eb4      0x75f ./src/main.o
 .debug_line    0x00006613      0x5fb ./src/stm32l1xx_hal_msp.o
 .debug_line    0x00006c0e      0x62a ./src/stm32l1xx_it.o

.debug_frame    0x00000000     0x1990
 *(.debug_frame)
 .debug_frame   0x00000000      0x168 ./system/src/stm32l1xx/stm32l1xx_hal.o
 .debug_frame   0x00000168      0x154 ./system/src/stm32l1xx/stm32l1xx_hal_cortex.o
 .debug_frame   0x000002bc       0xc4 ./system/src/stm32l1xx/stm32l1xx_hal_gpio.o
 .debug_frame   0x00000380      0x808 ./system/src/stm32l1xx/stm32l1xx_hal_i2c.o
 .debug_frame   0x00000b88      0x160 ./system/src/stm32l1xx/stm32l1xx_hal_rcc.o
 .debug_frame   0x00000ce8      0x378 ./system/src/stm32l1xx/stm32l1xx_hal_uart.o
 .debug_frame   0x00001060       0x38 ./system/src/newlib/_exit.o
 .debug_frame   0x00001098       0x28 ./system/src/newlib/_sbrk.o
 .debug_frame   0x000010c0       0x7c ./system/src/newlib/_startup.o
 .debug_frame   0x0000113c       0x50 ./system/src/newlib/_syscalls.o
 .debug_frame   0x0000118c       0x94 ./system/src/diag/Trace.o
 .debug_frame   0x00001220       0x30 ./system/src/diag/trace_impl.o
 .debug_frame   0x00001250       0x40 ./system/src/cortexm/_initialize_hardware.o
 .debug_frame   0x00001290      0x144 ./system/src/cortexm/exception_handlers.o
 .debug_frame   0x000013d4       0x30 ./system/src/cmsis/system_stm32l1xx.o
 .debug_frame   0x00001404      0x10c ./src/main.o
 .debug_frame   0x00001510       0x98 ./src/stm32l1xx_hal_msp.o
 .debug_frame   0x000015a8       0xd8 ./src/stm32l1xx_it.o
 .debug_frame   0x00001680       0x20 c:/program files (x86)/gnu tools arm embedded/6 2017-q2-update/bin/../lib/gcc/arm-none-eabi/6.3.1/../../../../arm-none-eabi/lib/thumb/v7-m\libg_nano.a(lib_a-errno.o)
 .debug_frame   0x000016a0       0x28 c:/program files (x86)/gnu tools arm embedded/6 2017-q2-update/bin/../lib/gcc/arm-none-eabi/6.3.1/../../../../arm-none-eabi/lib/thumb/v7-m\libg_nano.a(lib_a-memcpy-stub.o)
 .debug_frame   0x000016c8       0x20 c:/program files (x86)/gnu tools arm embedded/6 2017-q2-update/bin/../lib/gcc/arm-none-eabi/6.3.1/../../../../arm-none-eabi/lib/thumb/v7-m\libg_nano.a(lib_a-strcmp.o)
 .debug_frame   0x000016e8       0x4c c:/program files (x86)/gnu tools arm embedded/6 2017-q2-update/bin/../lib/gcc/arm-none-eabi/6.3.1/../../../../arm-none-eabi/lib/thumb/v7-m\libg_nano.a(lib_a-vsnprintf.o)
 .debug_frame   0x00001734       0x90 c:/program files (x86)/gnu tools arm embedded/6 2017-q2-update/bin/../lib/gcc/arm-none-eabi/6.3.1/../../../../arm-none-eabi/lib/thumb/v7-m\libg_nano.a(lib_a-nano-svfprintf.o)
 .debug_frame   0x000017c4       0x60 c:/program files (x86)/gnu tools arm embedded/6 2017-q2-update/bin/../lib/gcc/arm-none-eabi/6.3.1/../../../../arm-none-eabi/lib/thumb/v7-m\libg_nano.a(lib_a-nano-vfprintf_i.o)
 .debug_frame   0x00001824       0x28 c:/program files (x86)/gnu tools arm embedded/6 2017-q2-update/bin/../lib/gcc/arm-none-eabi/6.3.1/../../../../arm-none-eabi/lib/thumb/v7-m\libg_nano.a(lib_a-memchr-stub.o)
 .debug_frame   0x0000184c       0x28 c:/program files (x86)/gnu tools arm embedded/6 2017-q2-update/bin/../lib/gcc/arm-none-eabi/6.3.1/../../../../arm-none-eabi/lib/thumb/v7-m\libg_nano.a(lib_a-memmove.o)
 .debug_frame   0x00001874       0x38 c:/program files (x86)/gnu tools arm embedded/6 2017-q2-update/bin/../lib/gcc/arm-none-eabi/6.3.1/../../../../arm-none-eabi/lib/thumb/v7-m\libg_nano.a(lib_a-nano-freer.o)
 .debug_frame   0x000018ac       0x2c c:/program files (x86)/gnu tools arm embedded/6 2017-q2-update/bin/../lib/gcc/arm-none-eabi/6.3.1/../../../../arm-none-eabi/lib/thumb/v7-m\libg_nano.a(lib_a-nano-mallocr.o)
 .debug_frame   0x000018d8       0x3c c:/program files (x86)/gnu tools arm embedded/6 2017-q2-update/bin/../lib/gcc/arm-none-eabi/6.3.1/../../../../arm-none-eabi/lib/thumb/v7-m\libg_nano.a(lib_a-nano-reallocr.o)
 .debug_frame   0x00001914       0x2c c:/program files (x86)/gnu tools arm embedded/6 2017-q2-update/bin/../lib/gcc/arm-none-eabi/6.3.1/../../../../arm-none-eabi/lib/thumb/v7-m\libg_nano.a(lib_a-sbrkr.o)
 .debug_frame   0x00001940       0x30 c:/program files (x86)/gnu tools arm embedded/6 2017-q2-update/bin/../lib/gcc/arm-none-eabi/6.3.1/../../../../arm-none-eabi/lib/thumb/v7-m\libg_nano.a(lib_a-mlock.o)
 .debug_frame   0x00001970       0x20 c:/program files (x86)/gnu tools arm embedded/6 2017-q2-update/bin/../lib/gcc/arm-none-eabi/6.3.1/../../../../arm-none-eabi/lib/thumb/v7-m\libg_nano.a(lib_a-nano-msizer.o)

.debug_str      0x00000000    0x89287
 *(.debug_str)
 .debug_str     0x00000000    0x83ca3 ./system/src/stm32l1xx/stm32l1xx_hal.o
                              0x84045 (size before relaxing)
 .debug_str     0x00083ca3      0x3dc ./system/src/stm32l1xx/stm32l1xx_hal_cortex.o
                              0x84188 (size before relaxing)
 .debug_str     0x0008407f      0x286 ./system/src/stm32l1xx/stm32l1xx_hal_gpio.o
                              0x83bf8 (size before relaxing)
 .debug_str     0x00084305      0xe6f ./system/src/stm32l1xx/stm32l1xx_hal_i2c.o
                              0x84836 (size before relaxing)
 .debug_str     0x00085174      0x54f ./system/src/stm32l1xx/stm32l1xx_hal_rcc.o
                              0x83fbb (size before relaxing)
 .debug_str     0x000856c3      0x50c ./system/src/stm32l1xx/stm32l1xx_hal_uart.o
                              0x840a1 (size before relaxing)
 .debug_str     0x00085bcf     0x10b6 ./system/src/newlib/_exit.o
                               0x6e4b (size before relaxing)
 .debug_str     0x00086c85      0x4de ./system/src/newlib/_sbrk.o
                               0x6236 (size before relaxing)
 .debug_str     0x00087163      0x260 ./system/src/newlib/_startup.o
                               0x5deb (size before relaxing)
 .debug_str     0x000873c3      0xe18 ./system/src/newlib/_syscalls.o
                               0x7096 (size before relaxing)
 .debug_str     0x000881db      0x176 ./system/src/diag/Trace.o
                               0x763b (size before relaxing)
 .debug_str     0x00088351       0x4b ./system/src/diag/trace_impl.o
                              0x4f494 (size before relaxing)
 .debug_str     0x0008839c       0x5e ./system/src/cortexm/_initialize_hardware.o
                              0x4b976 (size before relaxing)
 .debug_str     0x000883fa      0x1e5 ./system/src/cortexm/exception_handlers.o
                              0x502f5 (size before relaxing)
 .debug_str     0x000885df       0x9c ./system/src/cmsis/system_stm32l1xx.o
                              0x4ba35 (size before relaxing)
 .debug_str     0x0008867b      0xba5 ./src/main.o
                              0x84d67 (size before relaxing)
 .debug_str     0x00089220       0x1b ./src/stm32l1xx_hal_msp.o
                              0x843b6 (size before relaxing)
 .debug_str     0x0008923b       0x4c ./src/stm32l1xx_it.o
                              0x83d46 (size before relaxing)

.debug_loc      0x00000000     0x5758
 *(.debug_loc)
 .debug_loc     0x00000000       0x6a ./system/src/stm32l1xx/stm32l1xx_hal.o
 .debug_loc     0x0000006a      0x548 ./system/src/stm32l1xx/stm32l1xx_hal_cortex.o
 .debug_loc     0x000005b2      0x315 ./system/src/stm32l1xx/stm32l1xx_hal_gpio.o
 .debug_loc     0x000008c7     0x2917 ./system/src/stm32l1xx/stm32l1xx_hal_i2c.o
 .debug_loc     0x000031de      0xbfb ./system/src/stm32l1xx/stm32l1xx_hal_rcc.o
 .debug_loc     0x00003dd9     0x1009 ./system/src/stm32l1xx/stm32l1xx_hal_uart.o
 .debug_loc     0x00004de2       0x82 ./system/src/newlib/_sbrk.o
 .debug_loc     0x00004e64      0x265 ./system/src/newlib/_startup.o
 .debug_loc     0x000050c9       0x63 ./system/src/newlib/_syscalls.o
 .debug_loc     0x0000512c      0x102 ./system/src/diag/Trace.o
 .debug_loc     0x0000522e       0x21 ./system/src/diag/trace_impl.o
 .debug_loc     0x0000524f      0x184 ./system/src/cortexm/exception_handlers.o
 .debug_loc     0x000053d3      0x16b ./system/src/cmsis/system_stm32l1xx.o
 .debug_loc     0x0000553e      0x127 ./src/main.o
 .debug_loc     0x00005665       0xf3 ./src/stm32l1xx_hal_msp.o

.debug_macinfo
 *(.debug_macinfo)

.debug_weaknames
 *(.debug_weaknames)

.debug_funcnames
 *(.debug_funcnames)

.debug_typenames
 *(.debug_typenames)

.debug_varnames
 *(.debug_varnames)
OUTPUT(final.elf elf32-littlearm)

.debug_ranges   0x00000000      0x828
 .debug_ranges  0x00000000       0xa0 ./system/src/stm32l1xx/stm32l1xx_hal.o
 .debug_ranges  0x000000a0       0x98 ./system/src/stm32l1xx/stm32l1xx_hal_cortex.o
 .debug_ranges  0x00000138       0x48 ./system/src/stm32l1xx/stm32l1xx_hal_gpio.o
 .debug_ranges  0x00000180      0x258 ./system/src/stm32l1xx/stm32l1xx_hal_i2c.o
 .debug_ranges  0x000003d8       0x98 ./system/src/stm32l1xx/stm32l1xx_hal_rcc.o
 .debug_ranges  0x00000470      0x140 ./system/src/stm32l1xx/stm32l1xx_hal_uart.o
 .debug_ranges  0x000005b0       0x18 ./system/src/newlib/_exit.o
 .debug_ranges  0x000005c8       0x10 ./system/src/newlib/_sbrk.o
 .debug_ranges  0x000005d8       0x48 ./system/src/newlib/_startup.o
 .debug_ranges  0x00000620       0x20 ./system/src/newlib/_syscalls.o
 .debug_ranges  0x00000640       0x28 ./system/src/diag/Trace.o
 .debug_ranges  0x00000668       0x18 ./system/src/diag/trace_impl.o
 .debug_ranges  0x00000680       0x18 ./system/src/cortexm/_initialize_hardware.o
 .debug_ranges  0x00000698       0x78 ./system/src/cortexm/exception_handlers.o
 .debug_ranges  0x00000710       0x20 ./system/src/cmsis/startup_stm32l152xe.o
 .debug_ranges  0x00000730       0x18 ./system/src/cmsis/system_stm32l1xx.o
 .debug_ranges  0x00000748       0x50 ./src/main.o
 .debug_ranges  0x00000798       0x30 ./src/stm32l1xx_hal_msp.o
 .debug_ranges  0x000007c8       0x60 ./src/stm32l1xx_it.o

.debug_macro    0x00000000    0x1858c
 .debug_macro   0x00000000      0x2e0 ./system/src/stm32l1xx/stm32l1xx_hal.o
 .debug_macro   0x000002e0      0x874 ./system/src/stm32l1xx/stm32l1xx_hal.o
 .debug_macro   0x00000b54       0x10 ./system/src/stm32l1xx/stm32l1xx_hal.o
 .debug_macro   0x00000b64       0x88 ./system/src/stm32l1xx/stm32l1xx_hal.o
 .debug_macro   0x00000bec       0x2e ./system/src/stm32l1xx/stm32l1xx_hal.o
 .debug_macro   0x00000c1a       0x22 ./system/src/stm32l1xx/stm32l1xx_hal.o
 .debug_macro   0x00000c3c      0x34e ./system/src/stm32l1xx/stm32l1xx_hal.o
 .debug_macro   0x00000f8a       0x34 ./system/src/stm32l1xx/stm32l1xx_hal.o
 .debug_macro   0x00000fbe       0x34 ./system/src/stm32l1xx/stm32l1xx_hal.o
 .debug_macro   0x00000ff2      0xcb4 ./system/src/stm32l1xx/stm32l1xx_hal.o
 .debug_macro   0x00001ca6     0xbeb6 ./system/src/stm32l1xx/stm32l1xx_hal.o
 .debug_macro   0x0000db5c       0x43 ./system/src/stm32l1xx/stm32l1xx_hal.o
 .debug_macro   0x0000db9f     0x342b ./system/src/stm32l1xx/stm32l1xx_hal.o
 .debug_macro   0x00010fca       0x22 ./system/src/stm32l1xx/stm32l1xx_hal.o
 .debug_macro   0x00010fec       0x4c ./system/src/stm32l1xx/stm32l1xx_hal.o
 .debug_macro   0x00011038       0x8d ./system/src/stm32l1xx/stm32l1xx_hal.o
 .debug_macro   0x000110c5       0x35 ./system/src/stm32l1xx/stm32l1xx_hal.o
 .debug_macro   0x000110fa       0x9c ./system/src/stm32l1xx/stm32l1xx_hal.o
 .debug_macro   0x00011196       0x16 ./system/src/stm32l1xx/stm32l1xx_hal.o
 .debug_macro   0x000111ac       0x4a ./system/src/stm32l1xx/stm32l1xx_hal.o
 .debug_macro   0x000111f6       0x97 ./system/src/stm32l1xx/stm32l1xx_hal.o
 .debug_macro   0x0001128d      0x30d ./system/src/stm32l1xx/stm32l1xx_hal.o
 .debug_macro   0x0001159a       0xfd ./system/src/stm32l1xx/stm32l1xx_hal.o
 .debug_macro   0x00011697       0x10 ./system/src/stm32l1xx/stm32l1xx_hal.o
 .debug_macro   0x000116a7       0x52 ./system/src/stm32l1xx/stm32l1xx_hal.o
 .debug_macro   0x000116f9       0x1f ./system/src/stm32l1xx/stm32l1xx_hal.o
 .debug_macro   0x00011718       0x43 ./system/src/stm32l1xx/stm32l1xx_hal.o
 .debug_macro   0x0001175b       0x20 ./system/src/stm32l1xx/stm32l1xx_hal.o
 .debug_macro   0x0001177b      0x187 ./system/src/stm32l1xx/stm32l1xx_hal.o
 .debug_macro   0x00011902       0x10 ./system/src/stm32l1xx/stm32l1xx_hal.o
 .debug_macro   0x00011912       0x5e ./system/src/stm32l1xx/stm32l1xx_hal.o
 .debug_macro   0x00011970       0x1c ./system/src/stm32l1xx/stm32l1xx_hal.o
 .debug_macro   0x0001198c       0x52 ./system/src/stm32l1xx/stm32l1xx_hal.o
 .debug_macro   0x000119de       0x40 ./system/src/stm32l1xx/stm32l1xx_hal.o
 .debug_macro   0x00011a1e       0x10 ./system/src/stm32l1xx/stm32l1xx_hal.o
 .debug_macro   0x00011a2e       0x40 ./system/src/stm32l1xx/stm32l1xx_hal.o
 .debug_macro   0x00011a6e       0xd7 ./system/src/stm32l1xx/stm32l1xx_hal.o
 .debug_macro   0x00011b45       0x16 ./system/src/stm32l1xx/stm32l1xx_hal.o
 .debug_macro   0x00011b5b      0x18b ./system/src/stm32l1xx/stm32l1xx_hal.o
 .debug_macro   0x00011ce6       0x56 ./system/src/stm32l1xx/stm32l1xx_hal.o
 .debug_macro   0x00011d3c      0xe3e ./system/src/stm32l1xx/stm32l1xx_hal.o
 .debug_macro   0x00012b7a      0x363 ./system/src/stm32l1xx/stm32l1xx_hal.o
 .debug_macro   0x00012edd      0x141 ./system/src/stm32l1xx/stm32l1xx_hal.o
 .debug_macro   0x0001301e       0xc6 ./system/src/stm32l1xx/stm32l1xx_hal.o
 .debug_macro   0x000130e4      0x25d ./system/src/stm32l1xx/stm32l1xx_hal.o
 .debug_macro   0x00013341      0x23a ./system/src/stm32l1xx/stm32l1xx_hal.o
 .debug_macro   0x0001357b      0x113 ./system/src/stm32l1xx/stm32l1xx_hal.o
 .debug_macro   0x0001368e      0x56c ./system/src/stm32l1xx/stm32l1xx_hal.o
 .debug_macro   0x00013bfa      0x225 ./system/src/stm32l1xx/stm32l1xx_hal.o
 .debug_macro   0x00013e1f      0x1ed ./system/src/stm32l1xx/stm32l1xx_hal.o
 .debug_macro   0x0001400c       0x22 ./system/src/stm32l1xx/stm32l1xx_hal.o
 .debug_macro   0x0001402e      0x287 ./system/src/stm32l1xx/stm32l1xx_hal.o
 .debug_macro   0x000142b5      0x470 ./system/src/stm32l1xx/stm32l1xx_hal.o
 .debug_macro   0x00014725      0x2bc ./system/src/stm32l1xx/stm32l1xx_hal_cortex.o
 .debug_macro   0x000149e1      0x2f5 ./system/src/stm32l1xx/stm32l1xx_hal_gpio.o
 .debug_macro   0x00014cd6      0x30a ./system/src/stm32l1xx/stm32l1xx_hal_i2c.o
 .debug_macro   0x00014fe0      0x2f8 ./system/src/stm32l1xx/stm32l1xx_hal_rcc.o
 .debug_macro   0x000152d8      0x2bd ./system/src/stm32l1xx/stm32l1xx_hal_uart.o
 .debug_macro   0x00015595      0x19c ./system/src/newlib/_exit.o
 .debug_macro   0x00015731      0x10e ./system/src/newlib/_exit.o
 .debug_macro   0x0001583f       0x8d ./system/src/newlib/_exit.o
 .debug_macro   0x000158cc       0x35 ./system/src/newlib/_exit.o
 .debug_macro   0x00015901      0x151 ./system/src/newlib/_sbrk.o
 .debug_macro   0x00015a52      0x174 ./system/src/newlib/_sbrk.o
 .debug_macro   0x00015bc6       0x10 ./system/src/newlib/_sbrk.o
 .debug_macro   0x00015bd6      0x23b ./system/src/newlib/_sbrk.o
 .debug_macro   0x00015e11      0x15b ./system/src/newlib/_startup.o
 .debug_macro   0x00015f6c      0x1ff ./system/src/newlib/_syscalls.o
 .debug_macro   0x0001616b       0x1c ./system/src/newlib/_syscalls.o
 .debug_macro   0x00016187       0x10 ./system/src/newlib/_syscalls.o
 .debug_macro   0x00016197       0x10 ./system/src/newlib/_syscalls.o
 .debug_macro   0x000161a7       0x10 ./system/src/newlib/_syscalls.o
 .debug_macro   0x000161b7       0x35 ./system/src/newlib/_syscalls.o
 .debug_macro   0x000161ec      0x122 ./system/src/newlib/_syscalls.o
 .debug_macro   0x0001630e       0x88 ./system/src/newlib/_syscalls.o
 .debug_macro   0x00016396       0x2b ./system/src/newlib/_syscalls.o
 .debug_macro   0x000163c1      0x118 ./system/src/newlib/_syscalls.o
 .debug_macro   0x000164d9      0x159 ./system/src/newlib/_syscalls.o
 .debug_macro   0x00016632       0x16 ./system/src/newlib/_syscalls.o
 .debug_macro   0x00016648      0x1d9 ./system/src/diag/Trace.o
 .debug_macro   0x00016821       0x4c ./system/src/diag/Trace.o
 .debug_macro   0x0001686d       0x16 ./system/src/diag/Trace.o
 .debug_macro   0x00016883      0x1d0 ./system/src/diag/trace_impl.o
 .debug_macro   0x00016a53       0x10 ./system/src/diag/trace_impl.o
 .debug_macro   0x00016a63       0xcf ./system/src/diag/trace_impl.o
 .debug_macro   0x00016b32       0xbe ./system/src/diag/trace_impl.o
 .debug_macro   0x00016bf0       0x8a ./system/src/cortexm/_initialize_hardware.o
 .debug_macro   0x00016c7a      0x221 ./system/src/cortexm/exception_handlers.o
 .debug_macro   0x00016e9b       0x3a ./system/src/cortexm/exception_handlers.o
 .debug_macro   0x00016ed5       0x22 ./system/src/cortexm/exception_handlers.o
 .debug_macro   0x00016ef7       0x10 ./system/src/cortexm/exception_handlers.o
 .debug_macro   0x00016f07       0x92 ./system/src/cmsis/system_stm32l1xx.o
 .debug_macro   0x00016f99      0x304 ./src/main.o
 .debug_macro   0x0001729d      0x8b0 ./src/main.o
 .debug_macro   0x00017b4d       0x22 ./src/main.o
 .debug_macro   0x00017b6f       0x52 ./src/main.o
 .debug_macro   0x00017bc1       0x57 ./src/main.o
 .debug_macro   0x00017c18      0x330 ./src/main.o
 .debug_macro   0x00017f48       0x58 ./src/main.o
 .debug_macro   0x00017fa0       0x6a ./src/main.o
 .debug_macro   0x0001800a      0x2bc ./src/stm32l1xx_hal_msp.o
 .debug_macro   0x000182c6      0x2c6 ./src/stm32l1xx_it.o
